50.56.142.171 - - [12/Mar/2017:12:17:44 +0000] "GET / HTTP/1.1" 200 24037 "-" "Rackspace Monitoring/1.1 (https://monitoring.api.rackspacecloud.com)"
192.0.101.226 - - [12/Mar/2017:12:17:46 +0000] "HEAD / HTTP/1.1" 200 - "-" "jetmon/1.0 (Jetpack Site Uptime Monitor by WordPress.com)"
78.136.44.21 - - [12/Mar/2017:12:18:00 +0000] "GET / HTTP/1.1" 200 24037 "-" "Rackspace Monitoring/1.1 (https://monitoring.api.rackspacecloud.com)"
50.57.61.5 - - [12/Mar/2017:12:18:37 +0000] "GET / HTTP/1.1" 200 24037 "-" "Rackspace Monitoring/1.1 (https://monitoring.api.rackspacecloud.com)"
50.56.142.171 - - [12/Mar/2017:12:18:44 +0000] "GET / HTTP/1.1" 200 24037 "-" "Rackspace Monitoring/1.1 (https://monitoring.api.rackspacecloud.com)"
78.136.44.21 - - [12/Mar/2017:12:19:00 +0000] "GET / HTTP/1.1" 200 24037 "-" "Rackspace Monitoring/1.1 (https://monitoring.api.rackspacecloud.com)"
50.57.61.5 - - [12/Mar/2017:12:19:37 +0000] "GET / HTTP/1.1" 200 24037 "-" "Rackspace Monitoring/1.1 (https://monitoring.api.rackspacecloud.com)"
50.56.142.171 - - [12/Mar/2017:12:19:44 +0000] "GET / HTTP/1.1" 200 24037 "-" "Rackspace Monitoring/1.1 (https://monitoring.api.rackspacecloud.com)"
78.136.44.21 - - [12/Mar/2017:12:20:00 +0000] "GET / HTTP/1.1" 200 24037 "-" "Rackspace Monitoring/1.1 (https://monitoring.api.rackspacecloud.com)"
46.118.122.69 - - [12/Mar/2017:12:20:14 +0000] "GET / HTTP/1.1" 200 135188 "http://gilsonchiro.xyz/" "Mozilla/4.0 (compatible; MSIE 6.0; Windows NT 5.1; SV1; .NET CLR 1.1.4322)"
46.118.122.69 - - [12/Mar/2017:12:20:15 +0000] "GET / HTTP/1.1" 200 135188 "http://gilsonchiro.xyz/" "Mozilla/4.0 (compatible; MSIE 6.0; Windows NT 5.1; SV1; .NET CLR 1.1.4322)"
46.118.122.69 - - [12/Mar/2017:12:20:15 +0000] "GET / HTTP/1.1" 200 135188 "http://gilsonchiro.xyz/" "Mozilla/4.0 (compatible; MSIE 6.0; Windows NT 5.1; SV1; .NET CLR 1.1.4322)"
50.57.61.5 - - [12/Mar/2017:12:20:37 +0000] "GET / HTTP/1.1" 200 24037 "-" "Rackspace Monitoring/1.1 (https://monitoring.api.rackspacecloud.com)"
50.56.142.171 - - [12/Mar/2017:12:20:44 +0000] "GET / HTTP/1.1" 200 24037 "-" "Rackspace Monitoring/1.1 (https://monitoring.api.rackspacecloud.com)"
78.136.44.21 - - [12/Mar/2017:12:21:00 +0000] "GET / HTTP/1.1" 200 24037 "-" "Rackspace Monitoring/1.1 (https://monitoring.api.rackspacecloud.com)"
50.57.61.5 - - [12/Mar/2017:12:21:37 +0000] "GET / HTTP/1.1" 200 24037 "-" "Rackspace Monitoring/1.1 (https://monitoring.api.rackspacecloud.com)"
50.56.142.171 - - [12/Mar/2017:12:21:44 +0000] "GET / HTTP/1.1" 200 24037 "-" "Rackspace Monitoring/1.1 (https://monitoring.api.rackspacecloud.com)"
78.136.44.21 - - [12/Mar/2017:12:22:00 +0000] "GET / HTTP/1.1" 200 24037 "-" "Rackspace Monitoring/1.1 (https://monitoring.api.rackspacecloud.com)"
50.57.61.5 - - [12/Mar/2017:12:22:37 +0000] "GET / HTTP/1.1" 200 24037 "-" "Rackspace Monitoring/1.1 (https://monitoring.api.rackspacecloud.com)"
50.56.142.171 - - [12/Mar/2017:12:22:44 +0000] "GET / HTTP/1.1" 200 24037 "-" "Rackspace Monitoring/1.1 (https://monitoring.api.rackspacecloud.com)"
192.0.101.226 - - [12/Mar/2017:12:22:47 +0000] "HEAD / HTTP/1.1" 200 - "-" "jetmon/1.0 (Jetpack Site Uptime Monitor by WordPress.com)"
78.136.44.21 - - [12/Mar/2017:12:23:00 +0000] "GET / HTTP/1.1" 200 24037 "-" "Rackspace Monitoring/1.1 (https://monitoring.api.rackspacecloud.com)"
50.57.61.5 - - [12/Mar/2017:12:23:37 +0000] "GET / HTTP/1.1" 200 24037 "-" "Rackspace Monitoring/1.1 (https://monitoring.api.rackspacecloud.com)"
50.56.142.171 - - [12/Mar/2017:12:23:44 +0000] "GET / HTTP/1.1" 200 24037 "-" "Rackspace Monitoring/1.1 (https://monitoring.api.rackspacecloud.com)"
78.136.44.21 - - [12/Mar/2017:12:24:00 +0000] "GET / HTTP/1.1" 200 24037 "-" "Rackspace Monitoring/1.1 (https://monitoring.api.rackspacecloud.com)"
50.57.61.5 - - [12/Mar/2017:12:24:37 +0000] "GET / HTTP/1.1" 200 24037 "-" "Rackspace Monitoring/1.1 (https://monitoring.api.rackspacecloud.com)"
50.56.142.171 - - [12/Mar/2017:12:24:44 +0000] "GET / HTTP/1.1" 200 24037 "-" "Rackspace Monitoring/1.1 (https://monitoring.api.rackspacecloud.com)"
78.136.44.21 - - [12/Mar/2017:12:25:00 +0000] "GET / HTTP/1.1" 200 24037 "-" "Rackspace Monitoring/1.1 (https://monitoring.api.rackspacecloud.com)"
50.57.61.5 - - [12/Mar/2017:12:25:37 +0000] "GET / HTTP/1.1" 200 24037 "-" "Rackspace Monitoring/1.1 (https://monitoring.api.rackspacecloud.com)"
50.56.142.171 - - [12/Mar/2017:12:25:44 +0000] "GET / HTTP/1.1" 200 24037 "-" "Rackspace Monitoring/1.1 (https://monitoring.api.rackspacecloud.com)"
78.136.44.21 - - [12/Mar/2017:12:26:00 +0000] "GET / HTTP/1.1" 200 24037 "-" "Rackspace Monitoring/1.1 (https://monitoring.api.rackspacecloud.com)"
50.57.61.5 - - [12/Mar/2017:12:26:37 +0000] "GET / HTTP/1.1" 200 24037 "-" "Rackspace Monitoring/1.1 (https://monitoring.api.rackspacecloud.com)"
50.56.142.171 - - [12/Mar/2017:12:26:44 +0000] "GET / HTTP/1.1" 200 24037 "-" "Rackspace Monitoring/1.1 (https://monitoring.api.rackspacecloud.com)"
78.136.44.21 - - [12/Mar/2017:12:27:00 +0000] "GET / HTTP/1.1" 200 24037 "-" "Rackspace Monitoring/1.1 (https://monitoring.api.rackspacecloud.com)"
50.57.61.5 - - [12/Mar/2017:12:27:37 +0000] "GET / HTTP/1.1" 200 24037 "-" "Rackspace Monitoring/1.1 (https://monitoring.api.rackspacecloud.com)"
50.56.142.171 - - [12/Mar/2017:12:27:44 +0000] "GET / HTTP/1.1" 200 24037 "-" "Rackspace Monitoring/1.1 (https://monitoring.api.rackspacecloud.com)"
192.0.101.226 - - [12/Mar/2017:12:28:00 +0000] "HEAD / HTTP/1.1" 200 - "-" "jetmon/1.0 (Jetpack Site Uptime Monitor by WordPress.com)"
78.136.44.21 - - [12/Mar/2017:12:28:00 +0000] "GET / HTTP/1.1" 200 24037 "-" "Rackspace Monitoring/1.1 (https://monitoring.api.rackspacecloud.com)"
50.57.61.5 - - [12/Mar/2017:12:28:37 +0000] "GET / HTTP/1.1" 200 24037 "-" "Rackspace Monitoring/1.1 (https://monitoring.api.rackspacecloud.com)"
50.56.142.171 - - [12/Mar/2017:12:28:44 +0000] "GET / HTTP/1.1" 200 24037 "-" "Rackspace Monitoring/1.1 (https://monitoring.api.rackspacecloud.com)"
78.136.44.21 - - [12/Mar/2017:12:29:00 +0000] "GET / HTTP/1.1" 200 24037 "-" "Rackspace Monitoring/1.1 (https://monitoring.api.rackspacecloud.com)"
50.57.61.5 - - [12/Mar/2017:12:29:37 +0000] "GET / HTTP/1.1" 200 24037 "-" "Rackspace Monitoring/1.1 (https://monitoring.api.rackspacecloud.com)"
50.56.142.171 - - [12/Mar/2017:12:29:44 +0000] "GET / HTTP/1.1" 200 24037 "-" "Rackspace Monitoring/1.1 (https://monitoring.api.rackspacecloud.com)"
78.136.44.21 - - [12/Mar/2017:12:30:00 +0000] "GET / HTTP/1.1" 200 24037 "-" "Rackspace Monitoring/1.1 (https://monitoring.api.rackspacecloud.com)"
50.57.61.5 - - [12/Mar/2017:12:30:37 +0000] "GET / HTTP/1.1" 200 24037 "-" "Rackspace Monitoring/1.1 (https://monitoring.api.rackspacecloud.com)"
50.56.142.171 - - [12/Mar/2017:12:30:44 +0000] "GET / HTTP/1.1" 200 24037 "-" "Rackspace Monitoring/1.1 (https://monitoring.api.rackspacecloud.com)"
78.136.44.21 - - [12/Mar/2017:12:31:00 +0000] "GET / HTTP/1.1" 200 24037 "-" "Rackspace Monitoring/1.1 (https://monitoring.api.rackspacecloud.com)"
50.57.61.5 - - [12/Mar/2017:12:31:37 +0000] "GET / HTTP/1.1" 200 24037 "-" "Rackspace Monitoring/1.1 (https://monitoring.api.rackspacecloud.com)"
50.56.142.171 - - [12/Mar/2017:12:31:44 +0000] "GET / HTTP/1.1" 200 24037 "-" "Rackspace Monitoring/1.1 (https://monitoring.api.rackspacecloud.com)"
78.136.44.21 - - [12/Mar/2017:12:32:00 +0000] "GET / HTTP/1.1" 200 24037 "-" "Rackspace Monitoring/1.1 (https://monitoring.api.rackspacecloud.com)"
50.57.61.5 - - [12/Mar/2017:12:32:37 +0000] "GET / HTTP/1.1" 200 24037 "-" "Rackspace Monitoring/1.1 (https://monitoring.api.rackspacecloud.com)"
50.56.142.171 - - [12/Mar/2017:12:32:44 +0000] "GET / HTTP/1.1" 200 24037 "-" "Rackspace Monitoring/1.1 (https://monitoring.api.rackspacecloud.com)"
192.0.101.226 - - [12/Mar/2017:12:32:51 +0000] "HEAD / HTTP/1.1" 200 - "-" "jetmon/1.0 (Jetpack Site Uptime Monitor by WordPress.com)"
66.249.64.63 - - [12/Mar/2017:12:32:54 +0000] "GET /textile-lexicon/sewing-machine/ HTTP/1.1" 200 10539 "-" "Mozilla/5.0 (compatible; Googlebot/2.1; +http://www.google.com/bot.html)"
78.136.44.21 - - [12/Mar/2017:12:33:00 +0000] "GET / HTTP/1.1" 200 24037 "-" "Rackspace Monitoring/1.1 (https://monitoring.api.rackspacecloud.com)"
50.57.61.5 - - [12/Mar/2017:12:33:36 +0000] "GET / HTTP/1.1" 200 24037 "-" "Rackspace Monitoring/1.1 (https://monitoring.api.rackspacecloud.com)"
50.56.142.171 - - [12/Mar/2017:12:33:44 +0000] "GET / HTTP/1.1" 200 24037 "-" "Rackspace Monitoring/1.1 (https://monitoring.api.rackspacecloud.com)"
104.130.3.225 - - [12/Mar/2017:12:33:55 +0000] "POST /wp-cron.php?doing_wp_cron=1489322035.2649910449981689453125 HTTP/1.0" 200 - "-" "WordPress/4.5.4; http://hackyourclothes.com"
157.55.39.207 - - [12/Mar/2017:12:33:54 +0000] "GET /feed/ HTTP/1.1" 304 - "-" "Mozilla/5.0 (compatible; bingbot/2.0; +http://www.bing.com/bingbot.htm)"
78.136.44.21 - - [12/Mar/2017:12:34:00 +0000] "GET / HTTP/1.1" 200 24037 "-" "Rackspace Monitoring/1.1 (https://monitoring.api.rackspacecloud.com)"
50.57.61.5 - - [12/Mar/2017:12:34:37 +0000] "GET / HTTP/1.1" 200 24037 "-" "Rackspace Monitoring/1.1 (https://monitoring.api.rackspacecloud.com)"
50.56.142.171 - - [12/Mar/2017:12:34:44 +0000] "GET / HTTP/1.1" 200 24037 "-" "Rackspace Monitoring/1.1 (https://monitoring.api.rackspacecloud.com)"
78.136.44.21 - - [12/Mar/2017:12:35:00 +0000] "GET / HTTP/1.1" 200 24037 "-" "Rackspace Monitoring/1.1 (https://monitoring.api.rackspacecloud.com)"
50.57.61.5 - - [12/Mar/2017:12:35:36 +0000] "GET / HTTP/1.1" 200 24037 "-" "Rackspace Monitoring/1.1 (https://monitoring.api.rackspacecloud.com)"
50.56.142.171 - - [12/Mar/2017:12:35:44 +0000] "GET / HTTP/1.1" 200 24037 "-" "Rackspace Monitoring/1.1 (https://monitoring.api.rackspacecloud.com)"
78.136.44.21 - - [12/Mar/2017:12:36:00 +0000] "GET / HTTP/1.1" 200 24037 "-" "Rackspace Monitoring/1.1 (https://monitoring.api.rackspacecloud.com)"
50.57.61.5 - - [12/Mar/2017:12:36:36 +0000] "GET / HTTP/1.1" 200 24037 "-" "Rackspace Monitoring/1.1 (https://monitoring.api.rackspacecloud.com)"
50.56.142.171 - - [12/Mar/2017:12:36:44 +0000] "GET / HTTP/1.1" 200 24037 "-" "Rackspace Monitoring/1.1 (https://monitoring.api.rackspacecloud.com)"
78.136.44.21 - - [12/Mar/2017:12:37:00 +0000] "GET / HTTP/1.1" 200 24037 "-" "Rackspace Monitoring/1.1 (https://monitoring.api.rackspacecloud.com)"
180.76.15.20 - - [12/Mar/2017:12:37:15 +0000] "GET /wp-content/cache/minify/000000/M9RPzM4szk0t0Y_PzEvWT8svygUA.js HTTP/1.1" 200 288 "-" "Mozilla/5.0 (compatible; Baiduspider/2.0; +http://www.baidu.com/search/spider.html)"
50.57.61.5 - - [12/Mar/2017:12:37:36 +0000] "GET / HTTP/1.1" 200 24037 "-" "Rackspace Monitoring/1.1 (https://monitoring.api.rackspacecloud.com)"
50.56.142.171 - - [12/Mar/2017:12:37:44 +0000] "GET / HTTP/1.1" 200 24037 "-" "Rackspace Monitoring/1.1 (https://monitoring.api.rackspacecloud.com)"
192.0.101.226 - - [12/Mar/2017:12:37:47 +0000] "HEAD / HTTP/1.1" 200 - "-" "jetmon/1.0 (Jetpack Site Uptime Monitor by WordPress.com)"
78.136.44.21 - - [12/Mar/2017:12:38:00 +0000] "GET / HTTP/1.1" 200 24037 "-" "Rackspace Monitoring/1.1 (https://monitoring.api.rackspacecloud.com)"
50.57.61.5 - - [12/Mar/2017:12:38:36 +0000] "GET / HTTP/1.1" 200 24037 "-" "Rackspace Monitoring/1.1 (https://monitoring.api.rackspacecloud.com)"
50.56.142.171 - - [12/Mar/2017:12:38:44 +0000] "GET / HTTP/1.1" 200 24037 "-" "Rackspace Monitoring/1.1 (https://monitoring.api.rackspacecloud.com)"
78.136.44.21 - - [12/Mar/2017:12:39:00 +0000] "GET / HTTP/1.1" 200 24037 "-" "Rackspace Monitoring/1.1 (https://monitoring.api.rackspacecloud.com)"
50.57.61.5 - - [12/Mar/2017:12:39:36 +0000] "GET / HTTP/1.1" 200 24037 "-" "Rackspace Monitoring/1.1 (https://monitoring.api.rackspacecloud.com)"
50.56.142.171 - - [12/Mar/2017:12:39:44 +0000] "GET / HTTP/1.1" 200 24037 "-" "Rackspace Monitoring/1.1 (https://monitoring.api.rackspacecloud.com)"
78.136.44.21 - - [12/Mar/2017:12:40:00 +0000] "GET / HTTP/1.1" 200 24037 "-" "Rackspace Monitoring/1.1 (https://monitoring.api.rackspacecloud.com)"
50.57.61.5 - - [12/Mar/2017:12:40:36 +0000] "GET / HTTP/1.1" 200 24037 "-" "Rackspace Monitoring/1.1 (https://monitoring.api.rackspacecloud.com)"
50.56.142.171 - - [12/Mar/2017:12:40:44 +0000] "GET / HTTP/1.1" 200 24037 "-" "Rackspace Monitoring/1.1 (https://monitoring.api.rackspacecloud.com)"
78.136.44.21 - - [12/Mar/2017:12:41:00 +0000] "GET / HTTP/1.1" 200 24037 "-" "Rackspace Monitoring/1.1 (https://monitoring.api.rackspacecloud.com)"
50.57.61.5 - - [12/Mar/2017:12:41:36 +0000] "GET / HTTP/1.1" 200 24037 "-" "Rackspace Monitoring/1.1 (https://monitoring.api.rackspacecloud.com)"
50.56.142.171 - - [12/Mar/2017:12:41:44 +0000] "GET / HTTP/1.1" 200 24037 "-" "Rackspace Monitoring/1.1 (https://monitoring.api.rackspacecloud.com)"
78.136.44.21 - - [12/Mar/2017:12:42:00 +0000] "GET / HTTP/1.1" 200 24037 "-" "Rackspace Monitoring/1.1 (https://monitoring.api.rackspacecloud.com)"
50.57.61.5 - - [12/Mar/2017:12:42:36 +0000] "GET / HTTP/1.1" 200 24037 "-" "Rackspace Monitoring/1.1 (https://monitoring.api.rackspacecloud.com)"
50.56.142.171 - - [12/Mar/2017:12:42:44 +0000] "GET / HTTP/1.1" 200 24037 "-" "Rackspace Monitoring/1.1 (https://monitoring.api.rackspacecloud.com)"
192.0.101.226 - - [12/Mar/2017:12:42:53 +0000] "HEAD / HTTP/1.1" 200 - "-" "jetmon/1.0 (Jetpack Site Uptime Monitor by WordPress.com)"
78.136.44.21 - - [12/Mar/2017:12:43:00 +0000] "GET / HTTP/1.1" 200 24037 "-" "Rackspace Monitoring/1.1 (https://monitoring.api.rackspacecloud.com)"
50.57.61.5 - - [12/Mar/2017:12:43:36 +0000] "GET / HTTP/1.1" 200 24037 "-" "Rackspace Monitoring/1.1 (https://monitoring.api.rackspacecloud.com)"
50.56.142.171 - - [12/Mar/2017:12:43:44 +0000] "GET / HTTP/1.1" 200 24037 "-" "Rackspace Monitoring/1.1 (https://monitoring.api.rackspacecloud.com)"
78.136.44.21 - - [12/Mar/2017:12:44:00 +0000] "GET / HTTP/1.1" 200 24037 "-" "Rackspace Monitoring/1.1 (https://monitoring.api.rackspacecloud.com)"
50.57.61.5 - - [12/Mar/2017:12:44:36 +0000] "GET / HTTP/1.1" 200 24037 "-" "Rackspace Monitoring/1.1 (https://monitoring.api.rackspacecloud.com)"
50.56.142.171 - - [12/Mar/2017:12:44:44 +0000] "GET / HTTP/1.1" 200 24037 "-" "Rackspace Monitoring/1.1 (https://monitoring.api.rackspacecloud.com)"
78.136.44.21 - - [12/Mar/2017:12:45:00 +0000] "GET / HTTP/1.1" 200 24037 "-" "Rackspace Monitoring/1.1 (https://monitoring.api.rackspacecloud.com)"
50.57.61.5 - - [12/Mar/2017:12:45:36 +0000] "GET / HTTP/1.1" 200 24037 "-" "Rackspace Monitoring/1.1 (https://monitoring.api.rackspacecloud.com)"
50.56.142.171 - - [12/Mar/2017:12:45:44 +0000] "GET / HTTP/1.1" 200 24037 "-" "Rackspace Monitoring/1.1 (https://monitoring.api.rackspacecloud.com)"
78.136.44.21 - - [12/Mar/2017:12:46:00 +0000] "GET / HTTP/1.1" 200 24037 "-" "Rackspace Monitoring/1.1 (https://monitoring.api.rackspacecloud.com)"
50.57.61.5 - - [12/Mar/2017:12:46:36 +0000] "GET / HTTP/1.1" 200 24037 "-" "Rackspace Monitoring/1.1 (https://monitoring.api.rackspacecloud.com)"
50.56.142.171 - - [12/Mar/2017:12:46:43 +0000] "GET / HTTP/1.1" 200 24037 "-" "Rackspace Monitoring/1.1 (https://monitoring.api.rackspacecloud.com)"
78.136.44.21 - - [12/Mar/2017:12:47:00 +0000] "GET / HTTP/1.1" 200 24037 "-" "Rackspace Monitoring/1.1 (https://monitoring.api.rackspacecloud.com)"
50.57.61.5 - - [12/Mar/2017:12:47:36 +0000] "GET / HTTP/1.1" 200 24037 "-" "Rackspace Monitoring/1.1 (https://monitoring.api.rackspacecloud.com)"
50.56.142.171 - - [12/Mar/2017:12:47:43 +0000] "GET / HTTP/1.1" 200 24037 "-" "Rackspace Monitoring/1.1 (https://monitoring.api.rackspacecloud.com)"
192.0.101.226 - - [12/Mar/2017:12:47:44 +0000] "HEAD / HTTP/1.1" 200 - "-" "jetmon/1.0 (Jetpack Site Uptime Monitor by WordPress.com)"
78.136.44.21 - - [12/Mar/2017:12:48:00 +0000] "GET / HTTP/1.1" 200 24037 "-" "Rackspace Monitoring/1.1 (https://monitoring.api.rackspacecloud.com)"
50.57.61.5 - - [12/Mar/2017:12:48:36 +0000] "GET / HTTP/1.1" 200 24037 "-" "Rackspace Monitoring/1.1 (https://monitoring.api.rackspacecloud.com)"
50.56.142.171 - - [12/Mar/2017:12:48:43 +0000] "GET / HTTP/1.1" 200 24037 "-" "Rackspace Monitoring/1.1 (https://monitoring.api.rackspacecloud.com)"
157.55.39.199 - - [12/Mar/2017:12:48:54 +0000] "GET /comments/feed/ HTTP/1.1" 304 - "-" "Mozilla/5.0 (compatible; bingbot/2.0; +http://www.bing.com/bingbot.htm)"
104.130.3.225 - - [12/Mar/2017:12:48:54 +0000] "POST /wp-cron.php?doing_wp_cron=1489322934.4064130783081054687500 HTTP/1.0" 200 - "-" "WordPress/4.5.4; http://hackyourclothes.com"
78.136.44.21 - - [12/Mar/2017:12:49:00 +0000] "GET / HTTP/1.1" 200 24037 "-" "Rackspace Monitoring/1.1 (https://monitoring.api.rackspacecloud.com)"
50.57.61.5 - - [12/Mar/2017:12:49:36 +0000] "GET / HTTP/1.1" 200 24037 "-" "Rackspace Monitoring/1.1 (https://monitoring.api.rackspacecloud.com)"
50.56.142.171 - - [12/Mar/2017:12:49:43 +0000] "GET / HTTP/1.1" 200 24037 "-" "Rackspace Monitoring/1.1 (https://monitoring.api.rackspacecloud.com)"
78.136.44.21 - - [12/Mar/2017:12:50:00 +0000] "GET / HTTP/1.1" 200 24037 "-" "Rackspace Monitoring/1.1 (https://monitoring.api.rackspacecloud.com)"
50.57.61.5 - - [12/Mar/2017:12:50:36 +0000] "GET / HTTP/1.1" 200 24037 "-" "Rackspace Monitoring/1.1 (https://monitoring.api.rackspacecloud.com)"
50.56.142.171 - - [12/Mar/2017:12:50:43 +0000] "GET / HTTP/1.1" 200 24037 "-" "Rackspace Monitoring/1.1 (https://monitoring.api.rackspacecloud.com)"
78.136.44.21 - - [12/Mar/2017:12:51:00 +0000] "GET / HTTP/1.1" 200 24037 "-" "Rackspace Monitoring/1.1 (https://monitoring.api.rackspacecloud.com)"
50.57.61.5 - - [12/Mar/2017:12:51:36 +0000] "GET / HTTP/1.1" 200 24037 "-" "Rackspace Monitoring/1.1 (https://monitoring.api.rackspacecloud.com)"
50.56.142.171 - - [12/Mar/2017:12:51:43 +0000] "GET / HTTP/1.1" 200 24037 "-" "Rackspace Monitoring/1.1 (https://monitoring.api.rackspacecloud.com)"
78.136.44.21 - - [12/Mar/2017:12:52:00 +0000] "GET / HTTP/1.1" 200 24037 "-" "Rackspace Monitoring/1.1 (https://monitoring.api.rackspacecloud.com)"
50.57.61.5 - - [12/Mar/2017:12:52:36 +0000] "GET / HTTP/1.1" 200 24037 "-" "Rackspace Monitoring/1.1 (https://monitoring.api.rackspacecloud.com)"
50.56.142.171 - - [12/Mar/2017:12:52:43 +0000] "GET / HTTP/1.1" 200 24037 "-" "Rackspace Monitoring/1.1 (https://monitoring.api.rackspacecloud.com)"
192.0.101.226 - - [12/Mar/2017:12:52:47 +0000] "HEAD / HTTP/1.1" 200 - "-" "jetmon/1.0 (Jetpack Site Uptime Monitor by WordPress.com)"
78.136.44.21 - - [12/Mar/2017:12:53:00 +0000] "GET / HTTP/1.1" 200 24037 "-" "Rackspace Monitoring/1.1 (https://monitoring.api.rackspacecloud.com)"
50.57.61.5 - - [12/Mar/2017:12:53:36 +0000] "GET / HTTP/1.1" 200 24037 "-" "Rackspace Monitoring/1.1 (https://monitoring.api.rackspacecloud.com)"
50.56.142.171 - - [12/Mar/2017:12:53:43 +0000] "GET / HTTP/1.1" 200 24037 "-" "Rackspace Monitoring/1.1 (https://monitoring.api.rackspacecloud.com)"
78.136.44.21 - - [12/Mar/2017:12:54:00 +0000] "GET / HTTP/1.1" 200 24037 "-" "Rackspace Monitoring/1.1 (https://monitoring.api.rackspacecloud.com)"
50.57.61.5 - - [12/Mar/2017:12:54:36 +0000] "GET / HTTP/1.1" 200 24037 "-" "Rackspace Monitoring/1.1 (https://monitoring.api.rackspacecloud.com)"
50.56.142.171 - - [12/Mar/2017:12:54:43 +0000] "GET / HTTP/1.1" 200 24037 "-" "Rackspace Monitoring/1.1 (https://monitoring.api.rackspacecloud.com)"
78.136.44.21 - - [12/Mar/2017:12:55:00 +0000] "GET / HTTP/1.1" 200 24037 "-" "Rackspace Monitoring/1.1 (https://monitoring.api.rackspacecloud.com)"
50.57.61.5 - - [12/Mar/2017:12:55:36 +0000] "GET / HTTP/1.1" 200 24037 "-" "Rackspace Monitoring/1.1 (https://monitoring.api.rackspacecloud.com)"
50.56.142.171 - - [12/Mar/2017:12:55:43 +0000] "GET / HTTP/1.1" 200 24037 "-" "Rackspace Monitoring/1.1 (https://monitoring.api.rackspacecloud.com)"
78.136.44.21 - - [12/Mar/2017:12:56:00 +0000] "GET / HTTP/1.1" 200 24037 "-" "Rackspace Monitoring/1.1 (https://monitoring.api.rackspacecloud.com)"
104.130.3.225 - - [12/Mar/2017:12:56:10 +0000] "POST /wp-cron.php?doing_wp_cron=1489323370.2612359523773193359375 HTTP/1.0" 200 - "-" "WordPress/4.5.4; http://hackyourclothes.com"
47.185.244.157 - - [12/Mar/2017:12:56:09 +0000] "GET /feed/ HTTP/1.1" 200 27415 "-" "Tiny Tiny RSS/17.1 (63f0ed3) (http://tt-rss.org/)"
50.57.61.5 - - [12/Mar/2017:12:56:36 +0000] "GET / HTTP/1.1" 200 24037 "-" "Rackspace Monitoring/1.1 (https://monitoring.api.rackspacecloud.com)"
50.56.142.171 - - [12/Mar/2017:12:56:43 +0000] "GET / HTTP/1.1" 200 24037 "-" "Rackspace Monitoring/1.1 (https://monitoring.api.rackspacecloud.com)"
78.136.44.21 - - [12/Mar/2017:12:57:00 +0000] "GET / HTTP/1.1" 200 24037 "-" "Rackspace Monitoring/1.1 (https://monitoring.api.rackspacecloud.com)"
50.57.61.5 - - [12/Mar/2017:12:57:36 +0000] "GET / HTTP/1.1" 200 24037 "-" "Rackspace Monitoring/1.1 (https://monitoring.api.rackspacecloud.com)"
50.56.142.171 - - [12/Mar/2017:12:57:43 +0000] "GET / HTTP/1.1" 200 24037 "-" "Rackspace Monitoring/1.1 (https://monitoring.api.rackspacecloud.com)"
192.0.101.226 - - [12/Mar/2017:12:57:44 +0000] "HEAD / HTTP/1.1" 200 - "-" "jetmon/1.0 (Jetpack Site Uptime Monitor by WordPress.com)"
78.136.44.21 - - [12/Mar/2017:12:58:00 +0000] "GET / HTTP/1.1" 200 24037 "-" "Rackspace Monitoring/1.1 (https://monitoring.api.rackspacecloud.com)"
50.57.61.5 - - [12/Mar/2017:12:58:36 +0000] "GET / HTTP/1.1" 200 24037 "-" "Rackspace Monitoring/1.1 (https://monitoring.api.rackspacecloud.com)"
50.56.142.171 - - [12/Mar/2017:12:58:43 +0000] "GET / HTTP/1.1" 200 24037 "-" "Rackspace Monitoring/1.1 (https://monitoring.api.rackspacecloud.com)"
78.136.44.21 - - [12/Mar/2017:12:59:00 +0000] "GET / HTTP/1.1" 200 24037 "-" "Rackspace Monitoring/1.1 (https://monitoring.api.rackspacecloud.com)"
50.57.61.5 - - [12/Mar/2017:12:59:36 +0000] "GET / HTTP/1.1" 200 24037 "-" "Rackspace Monitoring/1.1 (https://monitoring.api.rackspacecloud.com)"
50.56.142.171 - - [12/Mar/2017:12:59:43 +0000] "GET / HTTP/1.1" 200 24037 "-" "Rackspace Monitoring/1.1 (https://monitoring.api.rackspacecloud.com)"
78.136.44.21 - - [12/Mar/2017:13:00:00 +0000] "GET / HTTP/1.1" 200 24037 "-" "Rackspace Monitoring/1.1 (https://monitoring.api.rackspacecloud.com)"
50.57.61.5 - - [12/Mar/2017:13:00:36 +0000] "GET / HTTP/1.1" 200 24037 "-" "Rackspace Monitoring/1.1 (https://monitoring.api.rackspacecloud.com)"
50.56.142.171 - - [12/Mar/2017:13:00:43 +0000] "GET / HTTP/1.1" 200 24037 "-" "Rackspace Monitoring/1.1 (https://monitoring.api.rackspacecloud.com)"
78.136.44.21 - - [12/Mar/2017:13:01:00 +0000] "GET / HTTP/1.1" 200 24037 "-" "Rackspace Monitoring/1.1 (https://monitoring.api.rackspacecloud.com)"
50.57.61.5 - - [12/Mar/2017:13:01:36 +0000] "GET / HTTP/1.1" 200 24037 "-" "Rackspace Monitoring/1.1 (https://monitoring.api.rackspacecloud.com)"
50.56.142.171 - - [12/Mar/2017:13:01:43 +0000] "GET / HTTP/1.1" 200 24037 "-" "Rackspace Monitoring/1.1 (https://monitoring.api.rackspacecloud.com)"
78.136.44.21 - - [12/Mar/2017:13:02:00 +0000] "GET / HTTP/1.1" 200 24037 "-" "Rackspace Monitoring/1.1 (https://monitoring.api.rackspacecloud.com)"
50.57.61.5 - - [12/Mar/2017:13:02:36 +0000] "GET / HTTP/1.1" 200 24037 "-" "Rackspace Monitoring/1.1 (https://monitoring.api.rackspacecloud.com)"
50.56.142.171 - - [12/Mar/2017:13:02:43 +0000] "GET / HTTP/1.1" 200 24037 "-" "Rackspace Monitoring/1.1 (https://monitoring.api.rackspacecloud.com)"
192.0.101.226 - - [12/Mar/2017:13:02:47 +0000] "HEAD / HTTP/1.1" 200 - "-" "jetmon/1.0 (Jetpack Site Uptime Monitor by WordPress.com)"
78.136.44.21 - - [12/Mar/2017:13:03:00 +0000] "GET / HTTP/1.1" 200 24037 "-" "Rackspace Monitoring/1.1 (https://monitoring.api.rackspacecloud.com)"
50.57.61.5 - - [12/Mar/2017:13:03:36 +0000] "GET / HTTP/1.1" 200 24037 "-" "Rackspace Monitoring/1.1 (https://monitoring.api.rackspacecloud.com)"
50.56.142.171 - - [12/Mar/2017:13:03:43 +0000] "GET / HTTP/1.1" 200 24037 "-" "Rackspace Monitoring/1.1 (https://monitoring.api.rackspacecloud.com)"
78.136.44.21 - - [12/Mar/2017:13:04:00 +0000] "GET / HTTP/1.1" 200 24037 "-" "Rackspace Monitoring/1.1 (https://monitoring.api.rackspacecloud.com)"
50.57.61.5 - - [12/Mar/2017:13:04:36 +0000] "GET / HTTP/1.1" 200 24037 "-" "Rackspace Monitoring/1.1 (https://monitoring.api.rackspacecloud.com)"
50.56.142.171 - - [12/Mar/2017:13:04:43 +0000] "GET / HTTP/1.1" 200 24037 "-" "Rackspace Monitoring/1.1 (https://monitoring.api.rackspacecloud.com)"
78.136.44.21 - - [12/Mar/2017:13:05:00 +0000] "GET / HTTP/1.1" 200 24037 "-" "Rackspace Monitoring/1.1 (https://monitoring.api.rackspacecloud.com)"
50.57.61.5 - - [12/Mar/2017:13:05:36 +0000] "GET / HTTP/1.1" 200 24037 "-" "Rackspace Monitoring/1.1 (https://monitoring.api.rackspacecloud.com)"
50.56.142.171 - - [12/Mar/2017:13:05:43 +0000] "GET / HTTP/1.1" 200 24037 "-" "Rackspace Monitoring/1.1 (https://monitoring.api.rackspacecloud.com)"
78.136.44.21 - - [12/Mar/2017:13:06:00 +0000] "GET / HTTP/1.1" 200 24037 "-" "Rackspace Monitoring/1.1 (https://monitoring.api.rackspacecloud.com)"
50.57.61.5 - - [12/Mar/2017:13:06:36 +0000] "GET / HTTP/1.1" 200 24037 "-" "Rackspace Monitoring/1.1 (https://monitoring.api.rackspacecloud.com)"
50.56.142.171 - - [12/Mar/2017:13:06:43 +0000] "GET / HTTP/1.1" 200 24037 "-" "Rackspace Monitoring/1.1 (https://monitoring.api.rackspacecloud.com)"
78.136.44.21 - - [12/Mar/2017:13:07:00 +0000] "GET / HTTP/1.1" 200 24037 "-" "Rackspace Monitoring/1.1 (https://monitoring.api.rackspacecloud.com)"
104.130.3.225 - - [12/Mar/2017:13:07:06 +0000] "POST /wp-cron.php?doing_wp_cron=1489324026.3355779647827148437500 HTTP/1.0" 200 - "-" "WordPress/4.5.4; http://hackyourclothes.com"
183.88.60.100 - - [12/Mar/2017:13:07:05 +0000] "POST /xmlrpc.php HTTP/1.1" 200 403 "-" "Mozilla/5.0 (Windows NT 6.1; WOW64; rv:40.0) Gecko/20100101 Firefox/40.1"
183.88.60.100 - - [12/Mar/2017:13:07:08 +0000] "GET /wp-login.php HTTP/1.1" 200 2647 "-" "Mozilla/5.0 (Windows NT 6.1; WOW64; rv:40.0) Gecko/20100101 Firefox/40.1"
183.88.60.100 - - [12/Mar/2017:13:07:08 +0000] "POST /wp-login.php HTTP/1.1" 200 3596 "-" "Mozilla/5.0 (Windows NT 6.1; WOW64; rv:40.0) Gecko/20100101 Firefox/40.1"
50.57.61.5 - - [12/Mar/2017:13:07:36 +0000] "GET / HTTP/1.1" 200 24037 "-" "Rackspace Monitoring/1.1 (https://monitoring.api.rackspacecloud.com)"
50.56.142.171 - - [12/Mar/2017:13:07:43 +0000] "GET / HTTP/1.1" 200 24037 "-" "Rackspace Monitoring/1.1 (https://monitoring.api.rackspacecloud.com)"
192.0.101.226 - - [12/Mar/2017:13:07:47 +0000] "HEAD / HTTP/1.1" 200 - "-" "jetmon/1.0 (Jetpack Site Uptime Monitor by WordPress.com)"
78.136.44.21 - - [12/Mar/2017:13:08:00 +0000] "GET / HTTP/1.1" 200 24037 "-" "Rackspace Monitoring/1.1 (https://monitoring.api.rackspacecloud.com)"
50.57.61.5 - - [12/Mar/2017:13:08:36 +0000] "GET / HTTP/1.1" 200 24037 "-" "Rackspace Monitoring/1.1 (https://monitoring.api.rackspacecloud.com)"
50.56.142.171 - - [12/Mar/2017:13:08:43 +0000] "GET / HTTP/1.1" 200 24037 "-" "Rackspace Monitoring/1.1 (https://monitoring.api.rackspacecloud.com)"
78.136.44.21 - - [12/Mar/2017:13:09:00 +0000] "GET / HTTP/1.1" 200 24037 "-" "Rackspace Monitoring/1.1 (https://monitoring.api.rackspacecloud.com)"
50.57.61.5 - - [12/Mar/2017:13:09:36 +0000] "GET / HTTP/1.1" 200 24037 "-" "Rackspace Monitoring/1.1 (https://monitoring.api.rackspacecloud.com)"
50.56.142.171 - - [12/Mar/2017:13:09:43 +0000] "GET / HTTP/1.1" 200 24037 "-" "Rackspace Monitoring/1.1 (https://monitoring.api.rackspacecloud.com)"
78.136.44.21 - - [12/Mar/2017:13:10:00 +0000] "GET / HTTP/1.1" 200 24037 "-" "Rackspace Monitoring/1.1 (https://monitoring.api.rackspacecloud.com)"
50.57.61.5 - - [12/Mar/2017:13:10:36 +0000] "GET / HTTP/1.1" 200 24037 "-" "Rackspace Monitoring/1.1 (https://monitoring.api.rackspacecloud.com)"
50.56.142.171 - - [12/Mar/2017:13:10:43 +0000] "GET / HTTP/1.1" 200 24037 "-" "Rackspace Monitoring/1.1 (https://monitoring.api.rackspacecloud.com)"
78.136.44.21 - - [12/Mar/2017:13:11:00 +0000] "GET / HTTP/1.1" 200 24037 "-" "Rackspace Monitoring/1.1 (https://monitoring.api.rackspacecloud.com)"
50.57.61.5 - - [12/Mar/2017:13:11:36 +0000] "GET / HTTP/1.1" 200 24037 "-" "Rackspace Monitoring/1.1 (https://monitoring.api.rackspacecloud.com)"
50.56.142.171 - - [12/Mar/2017:13:11:43 +0000] "GET / HTTP/1.1" 200 24037 "-" "Rackspace Monitoring/1.1 (https://monitoring.api.rackspacecloud.com)"
78.136.44.21 - - [12/Mar/2017:13:12:00 +0000] "GET / HTTP/1.1" 200 24037 "-" "Rackspace Monitoring/1.1 (https://monitoring.api.rackspacecloud.com)"
104.130.3.225 - - [12/Mar/2017:13:12:10 +0000] "POST /wp-cron.php?doing_wp_cron=1489324329.9968230724334716796875 HTTP/1.0" 200 - "-" "WordPress/4.5.4; http://hackyourclothes.com"
193.92.240.113 - - [12/Mar/2017:13:12:09 +0000] "POST /xmlrpc.php HTTP/1.1" 200 403 "-" "Mozilla/5.0 (Windows NT 6.1; WOW64; rv:40.0) Gecko/20100101 Firefox/40.1"
193.92.240.113 - - [12/Mar/2017:13:12:11 +0000] "GET /wp-login.php HTTP/1.1" 200 2647 "-" "Mozilla/5.0 (Windows NT 6.1; WOW64; rv:40.0) Gecko/20100101 Firefox/40.1"
193.92.240.113 - - [12/Mar/2017:13:12:11 +0000] "POST /wp-login.php HTTP/1.1" 200 3596 "-" "Mozilla/5.0 (Windows NT 6.1; WOW64; rv:40.0) Gecko/20100101 Firefox/40.1"
50.57.61.5 - - [12/Mar/2017:13:12:36 +0000] "GET / HTTP/1.1" 200 24037 "-" "Rackspace Monitoring/1.1 (https://monitoring.api.rackspacecloud.com)"
50.56.142.171 - - [12/Mar/2017:13:12:43 +0000] "GET / HTTP/1.1" 200 24037 "-" "Rackspace Monitoring/1.1 (https://monitoring.api.rackspacecloud.com)"
192.0.101.226 - - [12/Mar/2017:13:12:51 +0000] "HEAD / HTTP/1.1" 200 - "-" "jetmon/1.0 (Jetpack Site Uptime Monitor by WordPress.com)"
78.136.44.21 - - [12/Mar/2017:13:13:00 +0000] "GET / HTTP/1.1" 200 24037 "-" "Rackspace Monitoring/1.1 (https://monitoring.api.rackspacecloud.com)"
50.57.61.5 - - [12/Mar/2017:13:13:36 +0000] "GET / HTTP/1.1" 200 24037 "-" "Rackspace Monitoring/1.1 (https://monitoring.api.rackspacecloud.com)"
50.56.142.171 - - [12/Mar/2017:13:13:43 +0000] "GET / HTTP/1.1" 200 24037 "-" "Rackspace Monitoring/1.1 (https://monitoring.api.rackspacecloud.com)"
78.136.44.21 - - [12/Mar/2017:13:14:00 +0000] "GET / HTTP/1.1" 200 24037 "-" "Rackspace Monitoring/1.1 (https://monitoring.api.rackspacecloud.com)"
50.57.61.5 - - [12/Mar/2017:13:14:36 +0000] "GET / HTTP/1.1" 200 24037 "-" "Rackspace Monitoring/1.1 (https://monitoring.api.rackspacecloud.com)"
50.56.142.171 - - [12/Mar/2017:13:14:43 +0000] "GET / HTTP/1.1" 200 24037 "-" "Rackspace Monitoring/1.1 (https://monitoring.api.rackspacecloud.com)"
78.136.44.21 - - [12/Mar/2017:13:15:00 +0000] "GET / HTTP/1.1" 200 24037 "-" "Rackspace Monitoring/1.1 (https://monitoring.api.rackspacecloud.com)"
50.57.61.5 - - [12/Mar/2017:13:15:36 +0000] "GET / HTTP/1.1" 200 24037 "-" "Rackspace Monitoring/1.1 (https://monitoring.api.rackspacecloud.com)"
50.56.142.171 - - [12/Mar/2017:13:15:43 +0000] "GET / HTTP/1.1" 200 24037 "-" "Rackspace Monitoring/1.1 (https://monitoring.api.rackspacecloud.com)"
78.136.44.21 - - [12/Mar/2017:13:16:00 +0000] "GET / HTTP/1.1" 200 24037 "-" "Rackspace Monitoring/1.1 (https://monitoring.api.rackspacecloud.com)"
50.57.61.5 - - [12/Mar/2017:13:16:36 +0000] "GET / HTTP/1.1" 200 24037 "-" "Rackspace Monitoring/1.1 (https://monitoring.api.rackspacecloud.com)"
50.56.142.171 - - [12/Mar/2017:13:16:43 +0000] "GET / HTTP/1.1" 200 24037 "-" "Rackspace Monitoring/1.1 (https://monitoring.api.rackspacecloud.com)"
78.136.44.21 - - [12/Mar/2017:13:17:00 +0000] "GET / HTTP/1.1" 200 24037 "-" "Rackspace Monitoring/1.1 (https://monitoring.api.rackspacecloud.com)"
50.57.61.5 - - [12/Mar/2017:13:17:36 +0000] "GET / HTTP/1.1" 200 24037 "-" "Rackspace Monitoring/1.1 (https://monitoring.api.rackspacecloud.com)"
50.56.142.171 - - [12/Mar/2017:13:17:43 +0000] "GET / HTTP/1.1" 200 24037 "-" "Rackspace Monitoring/1.1 (https://monitoring.api.rackspacecloud.com)"
192.0.101.226 - - [12/Mar/2017:13:17:44 +0000] "HEAD / HTTP/1.1" 200 - "-" "jetmon/1.0 (Jetpack Site Uptime Monitor by WordPress.com)"
78.136.44.21 - - [12/Mar/2017:13:18:00 +0000] "GET / HTTP/1.1" 200 24037 "-" "Rackspace Monitoring/1.1 (https://monitoring.api.rackspacecloud.com)"
50.57.61.5 - - [12/Mar/2017:13:18:36 +0000] "GET / HTTP/1.1" 200 24037 "-" "Rackspace Monitoring/1.1 (https://monitoring.api.rackspacecloud.com)"
50.56.142.171 - - [12/Mar/2017:13:18:43 +0000] "GET / HTTP/1.1" 200 24037 "-" "Rackspace Monitoring/1.1 (https://monitoring.api.rackspacecloud.com)"
78.136.44.21 - - [12/Mar/2017:13:19:00 +0000] "GET / HTTP/1.1" 200 24037 "-" "Rackspace Monitoring/1.1 (https://monitoring.api.rackspacecloud.com)"
50.57.61.5 - - [12/Mar/2017:13:19:36 +0000] "GET / HTTP/1.1" 200 24037 "-" "Rackspace Monitoring/1.1 (https://monitoring.api.rackspacecloud.com)"
50.56.142.171 - - [12/Mar/2017:13:19:43 +0000] "GET / HTTP/1.1" 200 24037 "-" "Rackspace Monitoring/1.1 (https://monitoring.api.rackspacecloud.com)"
78.136.44.21 - - [12/Mar/2017:13:20:00 +0000] "GET / HTTP/1.1" 200 24037 "-" "Rackspace Monitoring/1.1 (https://monitoring.api.rackspacecloud.com)"
123.125.67.160 - - [12/Mar/2017:13:20:31 +0000] "GET / HTTP/1.1" 200 24037 "-" "Mozilla/5.0 (Windows NT 10.0; WOW64) AppleWebKit/537.36 (KHTML, like Gecko) Chrome/45.0.2454.93 Safari/537.36"
50.57.61.5 - - [12/Mar/2017:13:20:36 +0000] "GET / HTTP/1.1" 200 24037 "-" "Rackspace Monitoring/1.1 (https://monitoring.api.rackspacecloud.com)"
50.56.142.171 - - [12/Mar/2017:13:20:43 +0000] "GET / HTTP/1.1" 200 24037 "-" "Rackspace Monitoring/1.1 (https://monitoring.api.rackspacecloud.com)"
78.136.44.21 - - [12/Mar/2017:13:21:00 +0000] "GET / HTTP/1.1" 200 24037 "-" "Rackspace Monitoring/1.1 (https://monitoring.api.rackspacecloud.com)"
50.57.61.5 - - [12/Mar/2017:13:21:36 +0000] "GET / HTTP/1.1" 200 24037 "-" "Rackspace Monitoring/1.1 (https://monitoring.api.rackspacecloud.com)"
50.56.142.171 - - [12/Mar/2017:13:21:43 +0000] "GET / HTTP/1.1" 200 24037 "-" "Rackspace Monitoring/1.1 (https://monitoring.api.rackspacecloud.com)"
78.136.44.21 - - [12/Mar/2017:13:22:00 +0000] "GET / HTTP/1.1" 200 24037 "-" "Rackspace Monitoring/1.1 (https://monitoring.api.rackspacecloud.com)"
50.57.61.5 - - [12/Mar/2017:13:22:36 +0000] "GET / HTTP/1.1" 200 24037 "-" "Rackspace Monitoring/1.1 (https://monitoring.api.rackspacecloud.com)"
50.56.142.171 - - [12/Mar/2017:13:22:43 +0000] "GET / HTTP/1.1" 200 24037 "-" "Rackspace Monitoring/1.1 (https://monitoring.api.rackspacecloud.com)"
192.0.101.226 - - [12/Mar/2017:13:22:51 +0000] "HEAD / HTTP/1.1" 200 - "-" "jetmon/1.0 (Jetpack Site Uptime Monitor by WordPress.com)"
78.136.44.21 - - [12/Mar/2017:13:23:00 +0000] "GET / HTTP/1.1" 200 24037 "-" "Rackspace Monitoring/1.1 (https://monitoring.api.rackspacecloud.com)"
50.57.61.5 - - [12/Mar/2017:13:23:36 +0000] "GET / HTTP/1.1" 200 24037 "-" "Rackspace Monitoring/1.1 (https://monitoring.api.rackspacecloud.com)"
50.56.142.171 - - [12/Mar/2017:13:23:43 +0000] "GET / HTTP/1.1" 200 24037 "-" "Rackspace Monitoring/1.1 (https://monitoring.api.rackspacecloud.com)"
78.136.44.21 - - [12/Mar/2017:13:24:00 +0000] "GET / HTTP/1.1" 200 24037 "-" "Rackspace Monitoring/1.1 (https://monitoring.api.rackspacecloud.com)"
50.57.61.5 - - [12/Mar/2017:13:24:36 +0000] "GET / HTTP/1.1" 200 24037 "-" "Rackspace Monitoring/1.1 (https://monitoring.api.rackspacecloud.com)"
50.56.142.171 - - [12/Mar/2017:13:24:43 +0000] "GET / HTTP/1.1" 200 24037 "-" "Rackspace Monitoring/1.1 (https://monitoring.api.rackspacecloud.com)"
78.136.44.21 - - [12/Mar/2017:13:25:00 +0000] "GET / HTTP/1.1" 200 24037 "-" "Rackspace Monitoring/1.1 (https://monitoring.api.rackspacecloud.com)"
50.57.61.5 - - [12/Mar/2017:13:25:36 +0000] "GET / HTTP/1.1" 200 24037 "-" "Rackspace Monitoring/1.1 (https://monitoring.api.rackspacecloud.com)"
50.56.142.171 - - [12/Mar/2017:13:25:43 +0000] "GET / HTTP/1.1" 200 24037 "-" "Rackspace Monitoring/1.1 (https://monitoring.api.rackspacecloud.com)"
78.136.44.21 - - [12/Mar/2017:13:26:00 +0000] "GET / HTTP/1.1" 200 24037 "-" "Rackspace Monitoring/1.1 (https://monitoring.api.rackspacecloud.com)"
50.57.61.5 - - [12/Mar/2017:13:26:36 +0000] "GET / HTTP/1.1" 200 24037 "-" "Rackspace Monitoring/1.1 (https://monitoring.api.rackspacecloud.com)"
50.56.142.171 - - [12/Mar/2017:13:26:43 +0000] "GET / HTTP/1.1" 200 24037 "-" "Rackspace Monitoring/1.1 (https://monitoring.api.rackspacecloud.com)"
78.136.44.21 - - [12/Mar/2017:13:27:00 +0000] "GET / HTTP/1.1" 200 24037 "-" "Rackspace Monitoring/1.1 (https://monitoring.api.rackspacecloud.com)"
50.57.61.5 - - [12/Mar/2017:13:27:36 +0000] "GET / HTTP/1.1" 200 24037 "-" "Rackspace Monitoring/1.1 (https://monitoring.api.rackspacecloud.com)"
50.56.142.171 - - [12/Mar/2017:13:27:43 +0000] "GET / HTTP/1.1" 200 24037 "-" "Rackspace Monitoring/1.1 (https://monitoring.api.rackspacecloud.com)"
192.0.101.226 - - [12/Mar/2017:13:27:55 +0000] "HEAD / HTTP/1.1" 200 - "-" "jetmon/1.0 (Jetpack Site Uptime Monitor by WordPress.com)"
78.136.44.21 - - [12/Mar/2017:13:28:00 +0000] "GET / HTTP/1.1" 200 24037 "-" "Rackspace Monitoring/1.1 (https://monitoring.api.rackspacecloud.com)"
50.57.61.5 - - [12/Mar/2017:13:28:36 +0000] "GET / HTTP/1.1" 200 24037 "-" "Rackspace Monitoring/1.1 (https://monitoring.api.rackspacecloud.com)"
50.56.142.171 - - [12/Mar/2017:13:28:43 +0000] "GET / HTTP/1.1" 200 24037 "-" "Rackspace Monitoring/1.1 (https://monitoring.api.rackspacecloud.com)"
78.136.44.21 - - [12/Mar/2017:13:29:00 +0000] "GET / HTTP/1.1" 200 24037 "-" "Rackspace Monitoring/1.1 (https://monitoring.api.rackspacecloud.com)"
50.57.61.5 - - [12/Mar/2017:13:29:36 +0000] "GET / HTTP/1.1" 200 24037 "-" "Rackspace Monitoring/1.1 (https://monitoring.api.rackspacecloud.com)"
50.56.142.171 - - [12/Mar/2017:13:29:43 +0000] "GET / HTTP/1.1" 200 24037 "-" "Rackspace Monitoring/1.1 (https://monitoring.api.rackspacecloud.com)"
78.136.44.21 - - [12/Mar/2017:13:30:00 +0000] "GET / HTTP/1.1" 200 24037 "-" "Rackspace Monitoring/1.1 (https://monitoring.api.rackspacecloud.com)"
50.57.61.5 - - [12/Mar/2017:13:30:36 +0000] "GET / HTTP/1.1" 200 24037 "-" "Rackspace Monitoring/1.1 (https://monitoring.api.rackspacecloud.com)"
50.56.142.171 - - [12/Mar/2017:13:30:43 +0000] "GET / HTTP/1.1" 200 24037 "-" "Rackspace Monitoring/1.1 (https://monitoring.api.rackspacecloud.com)"
78.136.44.21 - - [12/Mar/2017:13:31:00 +0000] "GET / HTTP/1.1" 200 24037 "-" "Rackspace Monitoring/1.1 (https://monitoring.api.rackspacecloud.com)"
50.57.61.5 - - [12/Mar/2017:13:31:36 +0000] "GET / HTTP/1.1" 200 24037 "-" "Rackspace Monitoring/1.1 (https://monitoring.api.rackspacecloud.com)"
50.56.142.171 - - [12/Mar/2017:13:31:43 +0000] "GET / HTTP/1.1" 200 24037 "-" "Rackspace Monitoring/1.1 (https://monitoring.api.rackspacecloud.com)"
78.136.44.21 - - [12/Mar/2017:13:32:00 +0000] "GET / HTTP/1.1" 200 24037 "-" "Rackspace Monitoring/1.1 (https://monitoring.api.rackspacecloud.com)"
50.57.61.5 - - [12/Mar/2017:13:32:36 +0000] "GET / HTTP/1.1" 200 24037 "-" "Rackspace Monitoring/1.1 (https://monitoring.api.rackspacecloud.com)"
50.56.142.171 - - [12/Mar/2017:13:32:43 +0000] "GET / HTTP/1.1" 200 24037 "-" "Rackspace Monitoring/1.1 (https://monitoring.api.rackspacecloud.com)"
192.0.101.226 - - [12/Mar/2017:13:32:44 +0000] "HEAD / HTTP/1.1" 200 - "-" "jetmon/1.0 (Jetpack Site Uptime Monitor by WordPress.com)"
78.136.44.21 - - [12/Mar/2017:13:33:00 +0000] "GET / HTTP/1.1" 200 24037 "-" "Rackspace Monitoring/1.1 (https://monitoring.api.rackspacecloud.com)"
50.57.61.5 - - [12/Mar/2017:13:33:36 +0000] "GET / HTTP/1.1" 200 24037 "-" "Rackspace Monitoring/1.1 (https://monitoring.api.rackspacecloud.com)"
50.56.142.171 - - [12/Mar/2017:13:33:43 +0000] "GET / HTTP/1.1" 200 24037 "-" "Rackspace Monitoring/1.1 (https://monitoring.api.rackspacecloud.com)"
78.136.44.21 - - [12/Mar/2017:13:34:00 +0000] "GET / HTTP/1.1" 200 24037 "-" "Rackspace Monitoring/1.1 (https://monitoring.api.rackspacecloud.com)"
50.57.61.5 - - [12/Mar/2017:13:34:36 +0000] "GET / HTTP/1.1" 200 24037 "-" "Rackspace Monitoring/1.1 (https://monitoring.api.rackspacecloud.com)"
50.56.142.171 - - [12/Mar/2017:13:34:43 +0000] "GET / HTTP/1.1" 200 24037 "-" "Rackspace Monitoring/1.1 (https://monitoring.api.rackspacecloud.com)"
78.136.44.21 - - [12/Mar/2017:13:35:00 +0000] "GET / HTTP/1.1" 200 24037 "-" "Rackspace Monitoring/1.1 (https://monitoring.api.rackspacecloud.com)"
50.57.61.5 - - [12/Mar/2017:13:35:36 +0000] "GET / HTTP/1.1" 200 24037 "-" "Rackspace Monitoring/1.1 (https://monitoring.api.rackspacecloud.com)"
50.56.142.171 - - [12/Mar/2017:13:35:43 +0000] "GET / HTTP/1.1" 200 24037 "-" "Rackspace Monitoring/1.1 (https://monitoring.api.rackspacecloud.com)"
78.136.44.21 - - [12/Mar/2017:13:36:00 +0000] "GET / HTTP/1.1" 200 24037 "-" "Rackspace Monitoring/1.1 (https://monitoring.api.rackspacecloud.com)"
50.57.61.5 - - [12/Mar/2017:13:36:36 +0000] "GET / HTTP/1.1" 200 24037 "-" "Rackspace Monitoring/1.1 (https://monitoring.api.rackspacecloud.com)"
50.56.142.171 - - [12/Mar/2017:13:36:43 +0000] "GET / HTTP/1.1" 200 24037 "-" "Rackspace Monitoring/1.1 (https://monitoring.api.rackspacecloud.com)"
78.136.44.21 - - [12/Mar/2017:13:37:00 +0000] "GET / HTTP/1.1" 200 24037 "-" "Rackspace Monitoring/1.1 (https://monitoring.api.rackspacecloud.com)"
123.125.71.30 - - [12/Mar/2017:13:37:33 +0000] "GET / HTTP/1.1" 200 24037 "-" "Mozilla/5.0 (compatible; Baiduspider/2.0; +http://www.baidu.com/search/spider.html)"
50.57.61.5 - - [12/Mar/2017:13:37:36 +0000] "GET / HTTP/1.1" 200 24037 "-" "Rackspace Monitoring/1.1 (https://monitoring.api.rackspacecloud.com)"
50.56.142.171 - - [12/Mar/2017:13:37:43 +0000] "GET / HTTP/1.1" 200 24037 "-" "Rackspace Monitoring/1.1 (https://monitoring.api.rackspacecloud.com)"
192.0.101.226 - - [12/Mar/2017:13:37:47 +0000] "HEAD / HTTP/1.1" 200 - "-" "jetmon/1.0 (Jetpack Site Uptime Monitor by WordPress.com)"
78.136.44.21 - - [12/Mar/2017:13:38:00 +0000] "GET / HTTP/1.1" 200 24037 "-" "Rackspace Monitoring/1.1 (https://monitoring.api.rackspacecloud.com)"
50.57.61.5 - - [12/Mar/2017:13:38:36 +0000] "GET / HTTP/1.1" 200 24037 "-" "Rackspace Monitoring/1.1 (https://monitoring.api.rackspacecloud.com)"
50.56.142.171 - - [12/Mar/2017:13:38:43 +0000] "GET / HTTP/1.1" 200 24037 "-" "Rackspace Monitoring/1.1 (https://monitoring.api.rackspacecloud.com)"
78.136.44.21 - - [12/Mar/2017:13:39:00 +0000] "GET / HTTP/1.1" 200 24037 "-" "Rackspace Monitoring/1.1 (https://monitoring.api.rackspacecloud.com)"
37.115.191.193 - - [12/Mar/2017:13:39:07 +0000] "GET / HTTP/1.1" 200 135188 "https://woweb.com.ua/" "Mozilla/4.0 (compatible; Powermarks/3.5; Windows 95/98/2000/NT)"
37.115.191.193 - - [12/Mar/2017:13:39:08 +0000] "GET / HTTP/1.1" 200 135188 "https://woweb.com.ua/" "Mozilla/4.0 (compatible; Powermarks/3.5; Windows 95/98/2000/NT)"
37.115.191.193 - - [12/Mar/2017:13:39:08 +0000] "GET / HTTP/1.1" 200 135188 "https://woweb.com.ua/" "Mozilla/4.0 (compatible; Powermarks/3.5; Windows 95/98/2000/NT)"
50.57.61.5 - - [12/Mar/2017:13:39:36 +0000] "GET / HTTP/1.1" 200 24037 "-" "Rackspace Monitoring/1.1 (https://monitoring.api.rackspacecloud.com)"
104.130.3.225 - - [12/Mar/2017:13:39:41 +0000] "POST /wp-cron.php?doing_wp_cron=1489325981.0934479236602783203125 HTTP/1.0" 200 - "-" "WordPress/4.5.4; http://hackyourclothes.com"
95.186.20.73 - - [12/Mar/2017:13:39:40 +0000] "POST /xmlrpc.php HTTP/1.1" 200 403 "-" "Mozilla/5.0 (Windows NT 6.1; WOW64; rv:40.0) Gecko/20100101 Firefox/40.1"
95.186.20.73 - - [12/Mar/2017:13:39:42 +0000] "GET /wp-login.php HTTP/1.1" 200 2647 "-" "Mozilla/5.0 (Windows NT 6.1; WOW64; rv:40.0) Gecko/20100101 Firefox/40.1"
50.56.142.171 - - [12/Mar/2017:13:39:43 +0000] "GET / HTTP/1.1" 200 24037 "-" "Rackspace Monitoring/1.1 (https://monitoring.api.rackspacecloud.com)"
95.186.20.73 - - [12/Mar/2017:13:39:43 +0000] "POST /wp-login.php HTTP/1.1" 200 3596 "-" "Mozilla/5.0 (Windows NT 6.1; WOW64; rv:40.0) Gecko/20100101 Firefox/40.1"
78.136.44.21 - - [12/Mar/2017:13:40:00 +0000] "GET / HTTP/1.1" 200 24037 "-" "Rackspace Monitoring/1.1 (https://monitoring.api.rackspacecloud.com)"
209.107.214.80 - - [12/Mar/2017:13:40:15 +0000] "GET /tutorials/ HTTP/1.0" 200 11773 "http://hackyourclothes.com" "Mozilla/4.0 (compatible; MSIE 6.0; Windows NT 5.1; en) Opera 8.50"
50.57.61.5 - - [12/Mar/2017:13:40:36 +0000] "GET / HTTP/1.1" 200 24037 "-" "Rackspace Monitoring/1.1 (https://monitoring.api.rackspacecloud.com)"
50.56.142.171 - - [12/Mar/2017:13:40:43 +0000] "GET / HTTP/1.1" 200 24037 "-" "Rackspace Monitoring/1.1 (https://monitoring.api.rackspacecloud.com)"
78.136.44.21 - - [12/Mar/2017:13:41:00 +0000] "GET / HTTP/1.1" 200 24037 "-" "Rackspace Monitoring/1.1 (https://monitoring.api.rackspacecloud.com)"
50.57.61.5 - - [12/Mar/2017:13:41:36 +0000] "GET / HTTP/1.1" 200 24037 "-" "Rackspace Monitoring/1.1 (https://monitoring.api.rackspacecloud.com)"
50.56.142.171 - - [12/Mar/2017:13:41:43 +0000] "GET / HTTP/1.1" 200 24037 "-" "Rackspace Monitoring/1.1 (https://monitoring.api.rackspacecloud.com)"
78.136.44.21 - - [12/Mar/2017:13:42:00 +0000] "GET / HTTP/1.1" 200 24037 "-" "Rackspace Monitoring/1.1 (https://monitoring.api.rackspacecloud.com)"
50.57.61.5 - - [12/Mar/2017:13:42:36 +0000] "GET / HTTP/1.1" 200 24037 "-" "Rackspace Monitoring/1.1 (https://monitoring.api.rackspacecloud.com)"
50.56.142.171 - - [12/Mar/2017:13:42:43 +0000] "GET / HTTP/1.1" 200 24037 "-" "Rackspace Monitoring/1.1 (https://monitoring.api.rackspacecloud.com)"
192.0.101.226 - - [12/Mar/2017:13:42:50 +0000] "HEAD / HTTP/1.1" 200 - "-" "jetmon/1.0 (Jetpack Site Uptime Monitor by WordPress.com)"
78.136.44.21 - - [12/Mar/2017:13:43:00 +0000] "GET / HTTP/1.1" 200 24037 "-" "Rackspace Monitoring/1.1 (https://monitoring.api.rackspacecloud.com)"
50.57.61.5 - - [12/Mar/2017:13:43:36 +0000] "GET / HTTP/1.1" 200 24037 "-" "Rackspace Monitoring/1.1 (https://monitoring.api.rackspacecloud.com)"
50.56.142.171 - - [12/Mar/2017:13:43:43 +0000] "GET / HTTP/1.1" 200 24037 "-" "Rackspace Monitoring/1.1 (https://monitoring.api.rackspacecloud.com)"
78.136.44.21 - - [12/Mar/2017:13:44:00 +0000] "GET / HTTP/1.1" 200 24037 "-" "Rackspace Monitoring/1.1 (https://monitoring.api.rackspacecloud.com)"
50.57.61.5 - - [12/Mar/2017:13:44:36 +0000] "GET / HTTP/1.1" 200 24037 "-" "Rackspace Monitoring/1.1 (https://monitoring.api.rackspacecloud.com)"
50.56.142.171 - - [12/Mar/2017:13:44:43 +0000] "GET / HTTP/1.1" 200 24037 "-" "Rackspace Monitoring/1.1 (https://monitoring.api.rackspacecloud.com)"
79.67.107.225 - - [12/Mar/2017:13:44:48 +0000] "GET /textile-lexicon/pressing-cloth/ HTTP/1.1" 200 7128 "-" "Mozilla/5.0 (Windows Phone 10.0; Android 6.0.1; NOKIA; Lumia 735) AppleWebKit/537.36 (KHTML, like Gecko) Chrome/51.0.2704.79 Mobile Safari/537.36 Edge/14.14393"
104.130.3.225 - - [12/Mar/2017:13:44:48 +0000] "POST /wp-cron.php?doing_wp_cron=1489326288.4108219146728515625000 HTTP/1.0" 200 - "-" "WordPress/4.5.4; http://hackyourclothes.com"
79.67.107.225 - - [12/Mar/2017:13:44:49 +0000] "GET /wp-content/plugins/wptouch/themes/foundation/modules/wptouch-icons/css/wptouch-icons.css?ver=07078a97d66756f213dbca3e379bf084 HTTP/1.1" 200 1958 "http://hackyourclothes.com/textile-lexicon/pressing-cloth/" "Mozilla/5.0 (Windows Phone 10.0; Android 6.0.1; NOKIA; Lumia 735) AppleWebKit/537.36 (KHTML, like Gecko) Chrome/51.0.2704.79 Mobile Safari/537.36 Edge/14.14393"
79.67.107.225 - - [12/Mar/2017:13:44:49 +0000] "GET /wp-content/plugins/wptouch/themes/foundation/modules/pushit/pushit.css?ver=4.5.4 HTTP/1.1" 200 296 "http://hackyourclothes.com/textile-lexicon/pressing-cloth/" "Mozilla/5.0 (Windows Phone 10.0; Android 6.0.1; NOKIA; Lumia 735) AppleWebKit/537.36 (KHTML, like Gecko) Chrome/51.0.2704.79 Mobile Safari/537.36 Edge/14.14393"
79.67.107.225 - - [12/Mar/2017:13:44:49 +0000] "GET /wp-includes/js/jquery/jquery-migrate.min.js?ver=1.4.1 HTTP/1.1" 200 4014 "http://hackyourclothes.com/textile-lexicon/pressing-cloth/" "Mozilla/5.0 (Windows Phone 10.0; Android 6.0.1; NOKIA; Lumia 735) AppleWebKit/537.36 (KHTML, like Gecko) Chrome/51.0.2704.79 Mobile Safari/537.36 Edge/14.14393"
79.67.107.225 - - [12/Mar/2017:13:44:50 +0000] "GET /wp-content/plugins/formget-contact-form/js/mg_front.js?ver=4.5.4 HTTP/1.1" 200 899 "http://hackyourclothes.com/textile-lexicon/pressing-cloth/" "Mozilla/5.0 (Windows Phone 10.0; Android 6.0.1; NOKIA; Lumia 735) AppleWebKit/537.36 (KHTML, like Gecko) Chrome/51.0.2704.79 Mobile Safari/537.36 Edge/14.14393"
79.67.107.225 - - [12/Mar/2017:13:44:50 +0000] "GET /wp-content/plugins/jetpack/css/jetpack.css?ver=3.9.7 HTTP/1.1" 200 10030 "http://hackyourclothes.com/textile-lexicon/pressing-cloth/" "Mozilla/5.0 (Windows Phone 10.0; Android 6.0.1; NOKIA; Lumia 735) AppleWebKit/537.36 (KHTML, like Gecko) Chrome/51.0.2704.79 Mobile Safari/537.36 Edge/14.14393"
79.67.107.225 - - [12/Mar/2017:13:44:50 +0000] "GET /wp-content/plugins/bsk-pdf-manager/js/bsk_pdf_manager.js?ver=1.5.2 HTTP/1.1" 200 196 "http://hackyourclothes.com/textile-lexicon/pressing-cloth/" "Mozilla/5.0 (Windows Phone 10.0; Android 6.0.1; NOKIA; Lumia 735) AppleWebKit/537.36 (KHTML, like Gecko) Chrome/51.0.2704.79 Mobile Safari/537.36 Edge/14.14393"
79.67.107.225 - - [12/Mar/2017:13:44:50 +0000] "GET /wp-content/plugins/TooltipPro/tooltip.css?ver=4.5.4 HTTP/1.1" 200 279 "http://hackyourclothes.com/textile-lexicon/pressing-cloth/" "Mozilla/5.0 (Windows Phone 10.0; Android 6.0.1; NOKIA; Lumia 735) AppleWebKit/537.36 (KHTML, like Gecko) Chrome/51.0.2704.79 Mobile Safari/537.36 Edge/14.14393"
79.67.107.225 - - [12/Mar/2017:13:44:50 +0000] "GET /wp-content/plugins/wptouch/themes/bauhaus/default/style.css?ver=737ea9953b21c4ffabc349e9b20f3b4b HTTP/1.1" 200 4314 "http://hackyourclothes.com/textile-lexicon/pressing-cloth/" "Mozilla/5.0 (Windows Phone 10.0; Android 6.0.1; NOKIA; Lumia 735) AppleWebKit/537.36 (KHTML, like Gecko) Chrome/51.0.2704.79 Mobile Safari/537.36 Edge/14.14393"
79.67.107.225 - - [12/Mar/2017:13:44:50 +0000] "GET /wp-content/plugins/formget-contact-form/css/mg_popup.css?ver=4.5.4 HTTP/1.1" 200 2303 "http://hackyourclothes.com/textile-lexicon/pressing-cloth/" "Mozilla/5.0 (Windows Phone 10.0; Android 6.0.1; NOKIA; Lumia 735) AppleWebKit/537.36 (KHTML, like Gecko) Chrome/51.0.2704.79 Mobile Safari/537.36 Edge/14.14393"
