78.136.44.21 - - [12/Mar/2017:09:55:01 +0000] "GET / HTTP/1.1" 200 24037 "-" "Rackspace Monitoring/1.1 (https://monitoring.api.rackspacecloud.com)"
50.57.61.5 - - [12/Mar/2017:09:55:37 +0000] "GET / HTTP/1.1" 200 24037 "-" "Rackspace Monitoring/1.1 (https://monitoring.api.rackspacecloud.com)"
50.56.142.171 - - [12/Mar/2017:09:55:44 +0000] "GET / HTTP/1.1" 200 24037 "-" "Rackspace Monitoring/1.1 (https://monitoring.api.rackspacecloud.com)"
78.136.44.21 - - [12/Mar/2017:09:56:01 +0000] "GET / HTTP/1.1" 200 24037 "-" "Rackspace Monitoring/1.1 (https://monitoring.api.rackspacecloud.com)"
50.57.61.5 - - [12/Mar/2017:09:56:37 +0000] "GET / HTTP/1.1" 200 24037 "-" "Rackspace Monitoring/1.1 (https://monitoring.api.rackspacecloud.com)"
50.56.142.171 - - [12/Mar/2017:09:56:44 +0000] "GET / HTTP/1.1" 200 24037 "-" "Rackspace Monitoring/1.1 (https://monitoring.api.rackspacecloud.com)"
104.130.3.225 - - [12/Mar/2017:09:56:53 +0000] "POST /wp-cron.php?doing_wp_cron=1489312613.1088299751281738281250 HTTP/1.0" 200 - "-" "WordPress/4.5.4; http://hackyourclothes.com"
100.43.85.10 - - [12/Mar/2017:09:56:52 +0000] "GET /robots.txt HTTP/1.1" 200 67 "-" "Mozilla/5.0 (compatible; YandexBot/3.0; +http://yandex.com/bots)"
100.43.85.10 - - [12/Mar/2017:09:56:56 +0000] "GET /category/sewing-machine-repair/feed/ HTTP/1.1" 200 9916 "-" "Mozilla/5.0 (compatible; YandexBot/3.0; +http://yandex.com/bots)"
78.136.44.21 - - [12/Mar/2017:09:57:01 +0000] "GET / HTTP/1.1" 200 24037 "-" "Rackspace Monitoring/1.1 (https://monitoring.api.rackspacecloud.com)"
50.57.61.5 - - [12/Mar/2017:09:57:37 +0000] "GET / HTTP/1.1" 200 24037 "-" "Rackspace Monitoring/1.1 (https://monitoring.api.rackspacecloud.com)"
50.56.142.171 - - [12/Mar/2017:09:57:44 +0000] "GET / HTTP/1.1" 200 24037 "-" "Rackspace Monitoring/1.1 (https://monitoring.api.rackspacecloud.com)"
192.0.101.226 - - [12/Mar/2017:09:57:46 +0000] "HEAD / HTTP/1.1" 200 - "-" "jetmon/1.0 (Jetpack Site Uptime Monitor by WordPress.com)"
78.136.44.21 - - [12/Mar/2017:09:58:01 +0000] "GET / HTTP/1.1" 200 24037 "-" "Rackspace Monitoring/1.1 (https://monitoring.api.rackspacecloud.com)"
50.57.61.5 - - [12/Mar/2017:09:58:37 +0000] "GET / HTTP/1.1" 200 24037 "-" "Rackspace Monitoring/1.1 (https://monitoring.api.rackspacecloud.com)"
50.56.142.171 - - [12/Mar/2017:09:58:44 +0000] "GET / HTTP/1.1" 200 24037 "-" "Rackspace Monitoring/1.1 (https://monitoring.api.rackspacecloud.com)"
78.136.44.21 - - [12/Mar/2017:09:59:01 +0000] "GET / HTTP/1.1" 200 24037 "-" "Rackspace Monitoring/1.1 (https://monitoring.api.rackspacecloud.com)"
100.43.85.10 - - [12/Mar/2017:09:59:34 +0000] "GET /textile-lexicon/drape/ HTTP/1.1" 200 8580 "-" "Mozilla/5.0 (compatible; YandexBot/3.0; +http://yandex.com/bots)"
50.57.61.5 - - [12/Mar/2017:09:59:37 +0000] "GET / HTTP/1.1" 200 24037 "-" "Rackspace Monitoring/1.1 (https://monitoring.api.rackspacecloud.com)"
50.56.142.171 - - [12/Mar/2017:09:59:44 +0000] "GET / HTTP/1.1" 200 24037 "-" "Rackspace Monitoring/1.1 (https://monitoring.api.rackspacecloud.com)"
100.43.85.10 - - [12/Mar/2017:09:59:49 +0000] "GET /2015/01/studio-open-for-business/ HTTP/1.1" 200 12247 "-" "Mozilla/5.0 (compatible; YandexBot/3.0; +http://yandex.com/bots)"
78.136.44.21 - - [12/Mar/2017:10:00:01 +0000] "GET / HTTP/1.1" 200 24037 "-" "Rackspace Monitoring/1.1 (https://monitoring.api.rackspacecloud.com)"
50.57.61.5 - - [12/Mar/2017:10:00:37 +0000] "GET / HTTP/1.1" 200 24037 "-" "Rackspace Monitoring/1.1 (https://monitoring.api.rackspacecloud.com)"
50.56.142.171 - - [12/Mar/2017:10:00:44 +0000] "GET / HTTP/1.1" 200 24037 "-" "Rackspace Monitoring/1.1 (https://monitoring.api.rackspacecloud.com)"
78.136.44.21 - - [12/Mar/2017:10:01:01 +0000] "GET / HTTP/1.1" 200 24037 "-" "Rackspace Monitoring/1.1 (https://monitoring.api.rackspacecloud.com)"
50.57.61.5 - - [12/Mar/2017:10:01:37 +0000] "GET / HTTP/1.1" 200 24037 "-" "Rackspace Monitoring/1.1 (https://monitoring.api.rackspacecloud.com)"
50.56.142.171 - - [12/Mar/2017:10:01:44 +0000] "GET / HTTP/1.1" 200 24037 "-" "Rackspace Monitoring/1.1 (https://monitoring.api.rackspacecloud.com)"
100.43.90.11 - - [12/Mar/2017:10:01:46 +0000] "GET /robots.txt HTTP/1.1" 200 67 "-" "Mozilla/5.0 (compatible; YandexBot/3.0; +http://yandex.com/bots)"
104.130.3.225 - - [12/Mar/2017:10:01:47 +0000] "POST /wp-cron.php?doing_wp_cron=1489312907.1128199100494384765625 HTTP/1.0" 200 - "-" "WordPress/4.5.4; http://hackyourclothes.com"
100.43.90.11 - - [12/Mar/2017:10:01:50 +0000] "GET /wp-content/plugins/formget-contact-form/css/mg_popup.css?ver=4.5.4 HTTP/1.1" 200 2303 "-" "Mozilla/5.0 (iPhone; CPU iPhone OS 8_1 like Mac OS X) AppleWebKit/600.1.4 (KHTML, like Gecko) Version/8.0 Mobile/12B411 Safari/600.1.4 (compatible; YandexMobileBot/3.0; +http://yandex.com/bots)"
78.136.44.21 - - [12/Mar/2017:10:02:01 +0000] "GET / HTTP/1.1" 200 24037 "-" "Rackspace Monitoring/1.1 (https://monitoring.api.rackspacecloud.com)"
50.57.61.5 - - [12/Mar/2017:10:02:37 +0000] "GET / HTTP/1.1" 200 24037 "-" "Rackspace Monitoring/1.1 (https://monitoring.api.rackspacecloud.com)"
50.56.142.171 - - [12/Mar/2017:10:02:44 +0000] "GET / HTTP/1.1" 200 24037 "-" "Rackspace Monitoring/1.1 (https://monitoring.api.rackspacecloud.com)"
192.0.101.226 - - [12/Mar/2017:10:02:45 +0000] "HEAD / HTTP/1.1" 200 - "-" "jetmon/1.0 (Jetpack Site Uptime Monitor by WordPress.com)"
78.136.44.21 - - [12/Mar/2017:10:03:01 +0000] "GET / HTTP/1.1" 200 24037 "-" "Rackspace Monitoring/1.1 (https://monitoring.api.rackspacecloud.com)"
50.57.61.5 - - [12/Mar/2017:10:03:37 +0000] "GET / HTTP/1.1" 200 24037 "-" "Rackspace Monitoring/1.1 (https://monitoring.api.rackspacecloud.com)"
50.56.142.171 - - [12/Mar/2017:10:03:44 +0000] "GET / HTTP/1.1" 200 24037 "-" "Rackspace Monitoring/1.1 (https://monitoring.api.rackspacecloud.com)"
78.136.44.21 - - [12/Mar/2017:10:04:01 +0000] "GET / HTTP/1.1" 200 24037 "-" "Rackspace Monitoring/1.1 (https://monitoring.api.rackspacecloud.com)"
50.57.61.5 - - [12/Mar/2017:10:04:37 +0000] "GET / HTTP/1.1" 200 24037 "-" "Rackspace Monitoring/1.1 (https://monitoring.api.rackspacecloud.com)"
50.56.142.171 - - [12/Mar/2017:10:04:44 +0000] "GET / HTTP/1.1" 200 24037 "-" "Rackspace Monitoring/1.1 (https://monitoring.api.rackspacecloud.com)"
78.136.44.21 - - [12/Mar/2017:10:05:01 +0000] "GET / HTTP/1.1" 200 24037 "-" "Rackspace Monitoring/1.1 (https://monitoring.api.rackspacecloud.com)"
50.57.61.5 - - [12/Mar/2017:10:05:37 +0000] "GET / HTTP/1.1" 200 24037 "-" "Rackspace Monitoring/1.1 (https://monitoring.api.rackspacecloud.com)"
50.56.142.171 - - [12/Mar/2017:10:05:44 +0000] "GET / HTTP/1.1" 200 24037 "-" "Rackspace Monitoring/1.1 (https://monitoring.api.rackspacecloud.com)"
78.136.44.21 - - [12/Mar/2017:10:06:01 +0000] "GET / HTTP/1.1" 200 24037 "-" "Rackspace Monitoring/1.1 (https://monitoring.api.rackspacecloud.com)"
50.57.61.5 - - [12/Mar/2017:10:06:37 +0000] "GET / HTTP/1.1" 200 24037 "-" "Rackspace Monitoring/1.1 (https://monitoring.api.rackspacecloud.com)"
50.56.142.171 - - [12/Mar/2017:10:06:44 +0000] "GET / HTTP/1.1" 200 24037 "-" "Rackspace Monitoring/1.1 (https://monitoring.api.rackspacecloud.com)"
78.136.44.21 - - [12/Mar/2017:10:07:01 +0000] "GET / HTTP/1.1" 200 24037 "-" "Rackspace Monitoring/1.1 (https://monitoring.api.rackspacecloud.com)"
50.57.61.5 - - [12/Mar/2017:10:07:37 +0000] "GET / HTTP/1.1" 200 24037 "-" "Rackspace Monitoring/1.1 (https://monitoring.api.rackspacecloud.com)"
50.56.142.171 - - [12/Mar/2017:10:07:44 +0000] "GET / HTTP/1.1" 200 24037 "-" "Rackspace Monitoring/1.1 (https://monitoring.api.rackspacecloud.com)"
192.0.101.226 - - [12/Mar/2017:10:07:48 +0000] "HEAD / HTTP/1.1" 200 - "-" "jetmon/1.0 (Jetpack Site Uptime Monitor by WordPress.com)"
78.136.44.21 - - [12/Mar/2017:10:08:01 +0000] "GET / HTTP/1.1" 200 24037 "-" "Rackspace Monitoring/1.1 (https://monitoring.api.rackspacecloud.com)"
50.57.61.5 - - [12/Mar/2017:10:08:37 +0000] "GET / HTTP/1.1" 200 24037 "-" "Rackspace Monitoring/1.1 (https://monitoring.api.rackspacecloud.com)"
50.56.142.171 - - [12/Mar/2017:10:08:44 +0000] "GET / HTTP/1.1" 200 24037 "-" "Rackspace Monitoring/1.1 (https://monitoring.api.rackspacecloud.com)"
78.136.44.21 - - [12/Mar/2017:10:09:01 +0000] "GET / HTTP/1.1" 200 24037 "-" "Rackspace Monitoring/1.1 (https://monitoring.api.rackspacecloud.com)"
50.57.61.5 - - [12/Mar/2017:10:09:37 +0000] "GET / HTTP/1.1" 200 24037 "-" "Rackspace Monitoring/1.1 (https://monitoring.api.rackspacecloud.com)"
50.56.142.171 - - [12/Mar/2017:10:09:44 +0000] "GET / HTTP/1.1" 200 24037 "-" "Rackspace Monitoring/1.1 (https://monitoring.api.rackspacecloud.com)"
51.15.40.233 - - [12/Mar/2017:10:09:57 +0000] "GET / HTTP/1.1" 200 24037 "-" "Mozilla/5.0 (Windows NT 5.1; rv:7.0.1) Gecko/20100101 Firefox/7.0.1"
78.136.44.21 - - [12/Mar/2017:10:10:01 +0000] "GET / HTTP/1.1" 200 24037 "-" "Rackspace Monitoring/1.1 (https://monitoring.api.rackspacecloud.com)"
50.57.61.5 - - [12/Mar/2017:10:10:37 +0000] "GET / HTTP/1.1" 200 24037 "-" "Rackspace Monitoring/1.1 (https://monitoring.api.rackspacecloud.com)"
50.56.142.171 - - [12/Mar/2017:10:10:44 +0000] "GET / HTTP/1.1" 200 24037 "-" "Rackspace Monitoring/1.1 (https://monitoring.api.rackspacecloud.com)"
104.130.3.225 - - [12/Mar/2017:10:10:56 +0000] "POST /wp-cron.php?doing_wp_cron=1489313456.2788650989532470703125 HTTP/1.0" 200 - "-" "WordPress/4.5.4; http://hackyourclothes.com"
189.217.81.134 - - [12/Mar/2017:10:10:55 +0000] "POST /xmlrpc.php HTTP/1.1" 200 403 "-" "Mozilla/5.0 (Windows NT 6.1; WOW64; rv:40.0) Gecko/20100101 Firefox/40.1"
189.217.81.134 - - [12/Mar/2017:10:10:57 +0000] "GET /wp-login.php HTTP/1.1" 200 2647 "-" "Mozilla/5.0 (Windows NT 6.1; WOW64; rv:40.0) Gecko/20100101 Firefox/40.1"
189.217.81.134 - - [12/Mar/2017:10:10:57 +0000] "POST /wp-login.php HTTP/1.1" 200 3596 "-" "Mozilla/5.0 (Windows NT 6.1; WOW64; rv:40.0) Gecko/20100101 Firefox/40.1"
78.136.44.21 - - [12/Mar/2017:10:11:01 +0000] "GET / HTTP/1.1" 200 24037 "-" "Rackspace Monitoring/1.1 (https://monitoring.api.rackspacecloud.com)"
106.120.188.140 - - [12/Mar/2017:10:11:06 +0000] "GET /wp-content/uploads/2015/02/tipjar-medium.png HTTP/1.1" 200 22076 "http://jennigma.net/" "Sogou web spider/4.0(+http://www.sogou.com/docs/help/webmasters.htm#07)"
192.187.109.242 - - [12/Mar/2017:10:11:18 +0000] "GET /wp-content/plugins/wp-popup/readme.txt HTTP/1.1" 301 20 "-" "Mozilla/5.0 (Windows NT 6.1; Trident/7.0; rv:11.0) like Gecko"
110.85.106.120 - - [12/Mar/2017:10:11:19 +0000] "GET /blog/faq/ HTTP/1.1" 301 328 "-" "Mozilla/4.0 (compatible; MSIE 6.0; Windows NT 5.1; SV1; TencentTraveler ; Mozilla/4.0 (compatible; MSIE 6.0; Windows NT 5.1; SV1) ; .NET CLR 2.0.50727)"
110.85.106.120 - - [12/Mar/2017:10:11:20 +0000] "GET /faq/ HTTP/1.1" 200 52280 "-" "Mozilla/4.0 (compatible; MSIE 6.0; Windows NT 5.1; SV1; TencentTraveler ; Mozilla/4.0 (compatible; MSIE 6.0; Windows NT 5.1; SV1) ; .NET CLR 2.0.50727)"
50.57.61.5 - - [12/Mar/2017:10:11:37 +0000] "GET / HTTP/1.1" 200 24037 "-" "Rackspace Monitoring/1.1 (https://monitoring.api.rackspacecloud.com)"
50.56.142.171 - - [12/Mar/2017:10:11:44 +0000] "GET / HTTP/1.1" 200 24037 "-" "Rackspace Monitoring/1.1 (https://monitoring.api.rackspacecloud.com)"
78.136.44.21 - - [12/Mar/2017:10:12:01 +0000] "GET / HTTP/1.1" 200 24037 "-" "Rackspace Monitoring/1.1 (https://monitoring.api.rackspacecloud.com)"
50.57.61.5 - - [12/Mar/2017:10:12:37 +0000] "GET / HTTP/1.1" 200 24037 "-" "Rackspace Monitoring/1.1 (https://monitoring.api.rackspacecloud.com)"
50.56.142.171 - - [12/Mar/2017:10:12:44 +0000] "GET / HTTP/1.1" 200 24037 "-" "Rackspace Monitoring/1.1 (https://monitoring.api.rackspacecloud.com)"
192.0.101.226 - - [12/Mar/2017:10:12:48 +0000] "HEAD / HTTP/1.1" 200 - "-" "jetmon/1.0 (Jetpack Site Uptime Monitor by WordPress.com)"
78.136.44.21 - - [12/Mar/2017:10:13:01 +0000] "GET / HTTP/1.1" 200 24037 "-" "Rackspace Monitoring/1.1 (https://monitoring.api.rackspacecloud.com)"
104.130.3.225 - - [12/Mar/2017:10:13:05 +0000] "POST /wp-cron.php?doing_wp_cron=1489313585.9002449512481689453125 HTTP/1.0" 200 - "-" "WordPress/4.5.4; http://hackyourclothes.com"
178.159.37.84 - - [12/Mar/2017:10:13:05 +0000] "GET /sh.php HTTP/1.0" 404 28659 "http://hackyourclothes.com/sh.php" "Mozilla/5.0 (Windows NT 10.0; WOW64) AppleWebKit/537.36 (KHTML, like Gecko) Chrome/47.0.2526.111 Safari/537.36"
50.57.61.5 - - [12/Mar/2017:10:13:37 +0000] "GET / HTTP/1.1" 200 24037 "-" "Rackspace Monitoring/1.1 (https://monitoring.api.rackspacecloud.com)"
50.56.142.171 - - [12/Mar/2017:10:13:44 +0000] "GET / HTTP/1.1" 200 24037 "-" "Rackspace Monitoring/1.1 (https://monitoring.api.rackspacecloud.com)"
78.136.44.21 - - [12/Mar/2017:10:14:01 +0000] "GET / HTTP/1.1" 200 24037 "-" "Rackspace Monitoring/1.1 (https://monitoring.api.rackspacecloud.com)"
50.57.61.5 - - [12/Mar/2017:10:14:37 +0000] "GET / HTTP/1.1" 200 24037 "-" "Rackspace Monitoring/1.1 (https://monitoring.api.rackspacecloud.com)"
50.56.142.171 - - [12/Mar/2017:10:14:44 +0000] "GET / HTTP/1.1" 200 24037 "-" "Rackspace Monitoring/1.1 (https://monitoring.api.rackspacecloud.com)"
188.190.218.50 - - [12/Mar/2017:10:14:58 +0000] "GET /wp-content/uploads/cachefix.php HTTP/1.0" 404 28677 "http://hackyourclothes.com/wp-content/uploads/cachefix.php" "Mozilla/5.0 (Windows NT 6.1; WOW64) AppleWebKit/537.36 (KHTML, like Gecko) Chrome/48.0.2564.116 Safari/537.36"
78.136.44.21 - - [12/Mar/2017:10:15:01 +0000] "GET / HTTP/1.1" 200 24037 "-" "Rackspace Monitoring/1.1 (https://monitoring.api.rackspacecloud.com)"
112.206.109.144 - - [12/Mar/2017:10:15:23 +0000] "POST /xmlrpc.php HTTP/1.1" 200 403 "-" "Mozilla/5.0 (Windows NT 6.1; WOW64; rv:40.0) Gecko/20100101 Firefox/40.1"
112.206.109.144 - - [12/Mar/2017:10:15:24 +0000] "GET /wp-login.php HTTP/1.1" 200 2647 "-" "Mozilla/5.0 (Windows NT 6.1; WOW64; rv:40.0) Gecko/20100101 Firefox/40.1"
112.206.109.144 - - [12/Mar/2017:10:15:25 +0000] "POST /wp-login.php HTTP/1.1" 200 3596 "-" "Mozilla/5.0 (Windows NT 6.1; WOW64; rv:40.0) Gecko/20100101 Firefox/40.1"
50.57.61.5 - - [12/Mar/2017:10:15:37 +0000] "GET / HTTP/1.1" 200 24037 "-" "Rackspace Monitoring/1.1 (https://monitoring.api.rackspacecloud.com)"
50.56.142.171 - - [12/Mar/2017:10:15:44 +0000] "GET / HTTP/1.1" 200 24037 "-" "Rackspace Monitoring/1.1 (https://monitoring.api.rackspacecloud.com)"
78.136.44.21 - - [12/Mar/2017:10:16:01 +0000] "GET / HTTP/1.1" 200 24037 "-" "Rackspace Monitoring/1.1 (https://monitoring.api.rackspacecloud.com)"
50.57.61.5 - - [12/Mar/2017:10:16:37 +0000] "GET / HTTP/1.1" 200 24037 "-" "Rackspace Monitoring/1.1 (https://monitoring.api.rackspacecloud.com)"
50.56.142.171 - - [12/Mar/2017:10:16:44 +0000] "GET / HTTP/1.1" 200 24037 "-" "Rackspace Monitoring/1.1 (https://monitoring.api.rackspacecloud.com)"
78.136.44.21 - - [12/Mar/2017:10:17:01 +0000] "GET / HTTP/1.1" 200 24037 "-" "Rackspace Monitoring/1.1 (https://monitoring.api.rackspacecloud.com)"
50.57.61.5 - - [12/Mar/2017:10:17:37 +0000] "GET / HTTP/1.1" 200 24037 "-" "Rackspace Monitoring/1.1 (https://monitoring.api.rackspacecloud.com)"
50.56.142.171 - - [12/Mar/2017:10:17:44 +0000] "GET / HTTP/1.1" 200 24037 "-" "Rackspace Monitoring/1.1 (https://monitoring.api.rackspacecloud.com)"
192.0.101.226 - - [12/Mar/2017:10:17:54 +0000] "HEAD / HTTP/1.1" 200 - "-" "jetmon/1.0 (Jetpack Site Uptime Monitor by WordPress.com)"
78.136.44.21 - - [12/Mar/2017:10:18:01 +0000] "GET / HTTP/1.1" 200 24037 "-" "Rackspace Monitoring/1.1 (https://monitoring.api.rackspacecloud.com)"
50.57.61.5 - - [12/Mar/2017:10:18:37 +0000] "GET / HTTP/1.1" 200 24037 "-" "Rackspace Monitoring/1.1 (https://monitoring.api.rackspacecloud.com)"
50.56.142.171 - - [12/Mar/2017:10:18:44 +0000] "GET / HTTP/1.1" 200 24037 "-" "Rackspace Monitoring/1.1 (https://monitoring.api.rackspacecloud.com)"
78.136.44.21 - - [12/Mar/2017:10:19:01 +0000] "GET / HTTP/1.1" 200 24037 "-" "Rackspace Monitoring/1.1 (https://monitoring.api.rackspacecloud.com)"
50.57.61.5 - - [12/Mar/2017:10:19:37 +0000] "GET / HTTP/1.1" 200 24037 "-" "Rackspace Monitoring/1.1 (https://monitoring.api.rackspacecloud.com)"
50.56.142.171 - - [12/Mar/2017:10:19:44 +0000] "GET / HTTP/1.1" 200 24037 "-" "Rackspace Monitoring/1.1 (https://monitoring.api.rackspacecloud.com)"
78.136.44.21 - - [12/Mar/2017:10:20:01 +0000] "GET / HTTP/1.1" 200 24037 "-" "Rackspace Monitoring/1.1 (https://monitoring.api.rackspacecloud.com)"
50.57.61.5 - - [12/Mar/2017:10:20:37 +0000] "GET / HTTP/1.1" 200 24037 "-" "Rackspace Monitoring/1.1 (https://monitoring.api.rackspacecloud.com)"
50.56.142.171 - - [12/Mar/2017:10:20:44 +0000] "GET / HTTP/1.1" 200 24037 "-" "Rackspace Monitoring/1.1 (https://monitoring.api.rackspacecloud.com)"
78.136.44.21 - - [12/Mar/2017:10:21:01 +0000] "GET / HTTP/1.1" 200 24037 "-" "Rackspace Monitoring/1.1 (https://monitoring.api.rackspacecloud.com)"
50.57.61.5 - - [12/Mar/2017:10:21:37 +0000] "GET / HTTP/1.1" 200 24037 "-" "Rackspace Monitoring/1.1 (https://monitoring.api.rackspacecloud.com)"
50.56.142.171 - - [12/Mar/2017:10:21:44 +0000] "GET / HTTP/1.1" 200 24037 "-" "Rackspace Monitoring/1.1 (https://monitoring.api.rackspacecloud.com)"
78.136.44.21 - - [12/Mar/2017:10:22:01 +0000] "GET / HTTP/1.1" 200 24037 "-" "Rackspace Monitoring/1.1 (https://monitoring.api.rackspacecloud.com)"
50.57.61.5 - - [12/Mar/2017:10:22:37 +0000] "GET / HTTP/1.1" 200 24037 "-" "Rackspace Monitoring/1.1 (https://monitoring.api.rackspacecloud.com)"
50.56.142.171 - - [12/Mar/2017:10:22:44 +0000] "GET / HTTP/1.1" 200 24037 "-" "Rackspace Monitoring/1.1 (https://monitoring.api.rackspacecloud.com)"
192.0.101.226 - - [12/Mar/2017:10:22:46 +0000] "HEAD / HTTP/1.1" 200 - "-" "jetmon/1.0 (Jetpack Site Uptime Monitor by WordPress.com)"
78.136.44.21 - - [12/Mar/2017:10:23:01 +0000] "GET / HTTP/1.1" 200 24037 "-" "Rackspace Monitoring/1.1 (https://monitoring.api.rackspacecloud.com)"
50.57.61.5 - - [12/Mar/2017:10:23:37 +0000] "GET / HTTP/1.1" 200 24037 "-" "Rackspace Monitoring/1.1 (https://monitoring.api.rackspacecloud.com)"
50.56.142.171 - - [12/Mar/2017:10:23:44 +0000] "GET / HTTP/1.1" 200 24037 "-" "Rackspace Monitoring/1.1 (https://monitoring.api.rackspacecloud.com)"
78.136.44.21 - - [12/Mar/2017:10:24:01 +0000] "GET / HTTP/1.1" 200 24037 "-" "Rackspace Monitoring/1.1 (https://monitoring.api.rackspacecloud.com)"
50.57.61.5 - - [12/Mar/2017:10:24:37 +0000] "GET / HTTP/1.1" 200 24037 "-" "Rackspace Monitoring/1.1 (https://monitoring.api.rackspacecloud.com)"
50.56.142.171 - - [12/Mar/2017:10:24:44 +0000] "GET / HTTP/1.1" 200 24037 "-" "Rackspace Monitoring/1.1 (https://monitoring.api.rackspacecloud.com)"
78.136.44.21 - - [12/Mar/2017:10:25:01 +0000] "GET / HTTP/1.1" 200 24037 "-" "Rackspace Monitoring/1.1 (https://monitoring.api.rackspacecloud.com)"
50.57.61.5 - - [12/Mar/2017:10:25:37 +0000] "GET / HTTP/1.1" 200 24037 "-" "Rackspace Monitoring/1.1 (https://monitoring.api.rackspacecloud.com)"
50.56.142.171 - - [12/Mar/2017:10:25:44 +0000] "GET / HTTP/1.1" 200 24037 "-" "Rackspace Monitoring/1.1 (https://monitoring.api.rackspacecloud.com)"
78.136.44.21 - - [12/Mar/2017:10:26:01 +0000] "GET / HTTP/1.1" 200 24037 "-" "Rackspace Monitoring/1.1 (https://monitoring.api.rackspacecloud.com)"
50.57.61.5 - - [12/Mar/2017:10:26:37 +0000] "GET / HTTP/1.1" 200 24037 "-" "Rackspace Monitoring/1.1 (https://monitoring.api.rackspacecloud.com)"
50.56.142.171 - - [12/Mar/2017:10:26:44 +0000] "GET / HTTP/1.1" 200 24037 "-" "Rackspace Monitoring/1.1 (https://monitoring.api.rackspacecloud.com)"
78.136.44.21 - - [12/Mar/2017:10:27:01 +0000] "GET / HTTP/1.1" 200 24037 "-" "Rackspace Monitoring/1.1 (https://monitoring.api.rackspacecloud.com)"
50.57.61.5 - - [12/Mar/2017:10:27:37 +0000] "GET / HTTP/1.1" 200 24037 "-" "Rackspace Monitoring/1.1 (https://monitoring.api.rackspacecloud.com)"
50.56.142.171 - - [12/Mar/2017:10:27:44 +0000] "GET / HTTP/1.1" 200 24037 "-" "Rackspace Monitoring/1.1 (https://monitoring.api.rackspacecloud.com)"
192.0.101.226 - - [12/Mar/2017:10:27:46 +0000] "HEAD / HTTP/1.1" 200 - "-" "jetmon/1.0 (Jetpack Site Uptime Monitor by WordPress.com)"
104.130.3.225 - - [12/Mar/2017:10:27:59 +0000] "POST /wp-cron.php?doing_wp_cron=1489314479.6305730342864990234375 HTTP/1.0" 200 - "-" "WordPress/4.5.4; http://hackyourclothes.com"
177.101.144.108 - - [12/Mar/2017:10:27:59 +0000] "GET /wp-login.php HTTP/1.1" 200 2647 "http://hackyourclothes.com/wp-login.php" "Mozilla/5.0 (Windows NT 10.0; WOW64; rv:50.0) Gecko/20100101 Firefox/50.0"
78.136.44.21 - - [12/Mar/2017:10:28:01 +0000] "GET / HTTP/1.1" 200 24037 "-" "Rackspace Monitoring/1.1 (https://monitoring.api.rackspacecloud.com)"
177.101.144.108 - - [12/Mar/2017:10:28:14 +0000] "POST /wp-login.php HTTP/1.1" 200 3620 "http://hackyourclothes.com/wp-login.php" "Mozilla/5.0 (Windows NT 10.0; WOW64; rv:50.0) Gecko/20100101 Firefox/50.0"
50.57.61.5 - - [12/Mar/2017:10:28:37 +0000] "GET / HTTP/1.1" 200 24037 "-" "Rackspace Monitoring/1.1 (https://monitoring.api.rackspacecloud.com)"
50.56.142.171 - - [12/Mar/2017:10:28:44 +0000] "GET / HTTP/1.1" 200 24037 "-" "Rackspace Monitoring/1.1 (https://monitoring.api.rackspacecloud.com)"
78.136.44.21 - - [12/Mar/2017:10:29:01 +0000] "GET / HTTP/1.1" 200 24037 "-" "Rackspace Monitoring/1.1 (https://monitoring.api.rackspacecloud.com)"
50.57.61.5 - - [12/Mar/2017:10:29:37 +0000] "GET / HTTP/1.1" 200 24037 "-" "Rackspace Monitoring/1.1 (https://monitoring.api.rackspacecloud.com)"
50.56.142.171 - - [12/Mar/2017:10:29:44 +0000] "GET / HTTP/1.1" 200 24037 "-" "Rackspace Monitoring/1.1 (https://monitoring.api.rackspacecloud.com)"
117.68.214.79 - - [12/Mar/2017:10:29:48 +0000] "GET /2014/01/the-free-sewing-machine-company/ HTTP/1.0" 200 74760 "http://hackyourclothes.com/2014/01/the-free-sewing-machine-company/#comment-17386" "Mozilla/5.0 (Windows NT 6.1; rv:43.0) Gecko/20100101 Firefox/43.0"
78.136.44.21 - - [12/Mar/2017:10:30:01 +0000] "GET / HTTP/1.1" 200 24037 "-" "Rackspace Monitoring/1.1 (https://monitoring.api.rackspacecloud.com)"
117.68.214.79 - - [12/Mar/2017:10:30:04 +0000] "GET /newsletter-2/ HTTP/1.0" 200 28223 "http://hackyourclothes.com/newsletter-2/" "Mozilla/5.0 (Windows NT 6.1; rv:43.0) Gecko/20100101 Firefox/43.0"
117.68.214.79 - - [12/Mar/2017:10:30:07 +0000] "GET /textile-lexicon/ HTTP/1.0" 200 50774 "http://hackyourclothes.com/textile-lexicon/" "Mozilla/5.0 (Windows NT 6.1; rv:43.0) Gecko/20100101 Firefox/43.0"
50.57.61.5 - - [12/Mar/2017:10:30:37 +0000] "GET / HTTP/1.1" 200 24037 "-" "Rackspace Monitoring/1.1 (https://monitoring.api.rackspacecloud.com)"
50.56.142.171 - - [12/Mar/2017:10:30:44 +0000] "GET / HTTP/1.1" 200 24037 "-" "Rackspace Monitoring/1.1 (https://monitoring.api.rackspacecloud.com)"
78.136.44.21 - - [12/Mar/2017:10:31:01 +0000] "GET / HTTP/1.1" 200 24037 "-" "Rackspace Monitoring/1.1 (https://monitoring.api.rackspacecloud.com)"
50.57.61.5 - - [12/Mar/2017:10:31:37 +0000] "GET / HTTP/1.1" 200 24037 "-" "Rackspace Monitoring/1.1 (https://monitoring.api.rackspacecloud.com)"
50.56.142.171 - - [12/Mar/2017:10:31:44 +0000] "GET / HTTP/1.1" 200 24037 "-" "Rackspace Monitoring/1.1 (https://monitoring.api.rackspacecloud.com)"
78.136.44.21 - - [12/Mar/2017:10:32:01 +0000] "GET / HTTP/1.1" 200 24037 "-" "Rackspace Monitoring/1.1 (https://monitoring.api.rackspacecloud.com)"
50.57.61.5 - - [12/Mar/2017:10:32:37 +0000] "GET / HTTP/1.1" 200 24037 "-" "Rackspace Monitoring/1.1 (https://monitoring.api.rackspacecloud.com)"
50.56.142.171 - - [12/Mar/2017:10:32:44 +0000] "GET / HTTP/1.1" 200 24037 "-" "Rackspace Monitoring/1.1 (https://monitoring.api.rackspacecloud.com)"
192.0.101.226 - - [12/Mar/2017:10:32:48 +0000] "HEAD / HTTP/1.1" 200 - "-" "jetmon/1.0 (Jetpack Site Uptime Monitor by WordPress.com)"
78.136.44.21 - - [12/Mar/2017:10:33:01 +0000] "GET / HTTP/1.1" 200 24037 "-" "Rackspace Monitoring/1.1 (https://monitoring.api.rackspacecloud.com)"
50.57.61.5 - - [12/Mar/2017:10:33:37 +0000] "GET / HTTP/1.1" 200 24037 "-" "Rackspace Monitoring/1.1 (https://monitoring.api.rackspacecloud.com)"
50.56.142.171 - - [12/Mar/2017:10:33:44 +0000] "GET / HTTP/1.1" 200 24037 "-" "Rackspace Monitoring/1.1 (https://monitoring.api.rackspacecloud.com)"
78.136.44.21 - - [12/Mar/2017:10:34:01 +0000] "GET / HTTP/1.1" 200 24037 "-" "Rackspace Monitoring/1.1 (https://monitoring.api.rackspacecloud.com)"
50.57.61.5 - - [12/Mar/2017:10:34:37 +0000] "GET / HTTP/1.1" 200 24037 "-" "Rackspace Monitoring/1.1 (https://monitoring.api.rackspacecloud.com)"
50.56.142.171 - - [12/Mar/2017:10:34:44 +0000] "GET / HTTP/1.1" 200 24037 "-" "Rackspace Monitoring/1.1 (https://monitoring.api.rackspacecloud.com)"
78.136.44.21 - - [12/Mar/2017:10:35:01 +0000] "GET / HTTP/1.1" 200 24037 "-" "Rackspace Monitoring/1.1 (https://monitoring.api.rackspacecloud.com)"
50.57.61.5 - - [12/Mar/2017:10:35:37 +0000] "GET / HTTP/1.1" 200 24037 "-" "Rackspace Monitoring/1.1 (https://monitoring.api.rackspacecloud.com)"
50.56.142.171 - - [12/Mar/2017:10:35:44 +0000] "GET / HTTP/1.1" 200 24037 "-" "Rackspace Monitoring/1.1 (https://monitoring.api.rackspacecloud.com)"
78.136.44.21 - - [12/Mar/2017:10:36:01 +0000] "GET / HTTP/1.1" 200 24037 "-" "Rackspace Monitoring/1.1 (https://monitoring.api.rackspacecloud.com)"
50.57.61.5 - - [12/Mar/2017:10:36:37 +0000] "GET / HTTP/1.1" 200 24037 "-" "Rackspace Monitoring/1.1 (https://monitoring.api.rackspacecloud.com)"
50.56.142.171 - - [12/Mar/2017:10:36:44 +0000] "GET / HTTP/1.1" 200 24037 "-" "Rackspace Monitoring/1.1 (https://monitoring.api.rackspacecloud.com)"
78.136.44.21 - - [12/Mar/2017:10:37:01 +0000] "GET / HTTP/1.1" 200 24037 "-" "Rackspace Monitoring/1.1 (https://monitoring.api.rackspacecloud.com)"
50.57.61.5 - - [12/Mar/2017:10:37:37 +0000] "GET / HTTP/1.1" 200 24037 "-" "Rackspace Monitoring/1.1 (https://monitoring.api.rackspacecloud.com)"
50.56.142.171 - - [12/Mar/2017:10:37:44 +0000] "GET / HTTP/1.1" 200 24037 "-" "Rackspace Monitoring/1.1 (https://monitoring.api.rackspacecloud.com)"
192.0.101.226 - - [12/Mar/2017:10:37:50 +0000] "HEAD / HTTP/1.1" 200 - "-" "jetmon/1.0 (Jetpack Site Uptime Monitor by WordPress.com)"
78.136.44.21 - - [12/Mar/2017:10:38:01 +0000] "GET / HTTP/1.1" 200 24037 "-" "Rackspace Monitoring/1.1 (https://monitoring.api.rackspacecloud.com)"
50.57.61.5 - - [12/Mar/2017:10:38:37 +0000] "GET / HTTP/1.1" 200 24037 "-" "Rackspace Monitoring/1.1 (https://monitoring.api.rackspacecloud.com)"
50.56.142.171 - - [12/Mar/2017:10:38:44 +0000] "GET / HTTP/1.1" 200 24037 "-" "Rackspace Monitoring/1.1 (https://monitoring.api.rackspacecloud.com)"
78.136.44.21 - - [12/Mar/2017:10:39:01 +0000] "GET / HTTP/1.1" 200 24037 "-" "Rackspace Monitoring/1.1 (https://monitoring.api.rackspacecloud.com)"
50.57.61.5 - - [12/Mar/2017:10:39:37 +0000] "GET / HTTP/1.1" 200 24037 "-" "Rackspace Monitoring/1.1 (https://monitoring.api.rackspacecloud.com)"
50.56.142.171 - - [12/Mar/2017:10:39:44 +0000] "GET / HTTP/1.1" 200 24037 "-" "Rackspace Monitoring/1.1 (https://monitoring.api.rackspacecloud.com)"
78.136.44.21 - - [12/Mar/2017:10:40:01 +0000] "GET / HTTP/1.1" 200 24037 "-" "Rackspace Monitoring/1.1 (https://monitoring.api.rackspacecloud.com)"
50.57.61.5 - - [12/Mar/2017:10:40:37 +0000] "GET / HTTP/1.1" 200 24037 "-" "Rackspace Monitoring/1.1 (https://monitoring.api.rackspacecloud.com)"
50.56.142.171 - - [12/Mar/2017:10:40:44 +0000] "GET / HTTP/1.1" 200 24037 "-" "Rackspace Monitoring/1.1 (https://monitoring.api.rackspacecloud.com)"
78.136.44.21 - - [12/Mar/2017:10:41:01 +0000] "GET / HTTP/1.1" 200 24037 "-" "Rackspace Monitoring/1.1 (https://monitoring.api.rackspacecloud.com)"
50.57.61.5 - - [12/Mar/2017:10:41:37 +0000] "GET / HTTP/1.1" 200 24037 "-" "Rackspace Monitoring/1.1 (https://monitoring.api.rackspacecloud.com)"
50.56.142.171 - - [12/Mar/2017:10:41:44 +0000] "GET / HTTP/1.1" 200 24037 "-" "Rackspace Monitoring/1.1 (https://monitoring.api.rackspacecloud.com)"
78.136.44.21 - - [12/Mar/2017:10:42:01 +0000] "GET / HTTP/1.1" 200 24037 "-" "Rackspace Monitoring/1.1 (https://monitoring.api.rackspacecloud.com)"
50.57.61.5 - - [12/Mar/2017:10:42:37 +0000] "GET / HTTP/1.1" 200 24037 "-" "Rackspace Monitoring/1.1 (https://monitoring.api.rackspacecloud.com)"
50.56.142.171 - - [12/Mar/2017:10:42:44 +0000] "GET / HTTP/1.1" 200 24037 "-" "Rackspace Monitoring/1.1 (https://monitoring.api.rackspacecloud.com)"
192.0.101.226 - - [12/Mar/2017:10:42:44 +0000] "HEAD / HTTP/1.1" 200 - "-" "jetmon/1.0 (Jetpack Site Uptime Monitor by WordPress.com)"
78.136.44.21 - - [12/Mar/2017:10:43:01 +0000] "GET / HTTP/1.1" 200 24037 "-" "Rackspace Monitoring/1.1 (https://monitoring.api.rackspacecloud.com)"
50.57.61.5 - - [12/Mar/2017:10:43:37 +0000] "GET / HTTP/1.1" 200 24037 "-" "Rackspace Monitoring/1.1 (https://monitoring.api.rackspacecloud.com)"
50.56.142.171 - - [12/Mar/2017:10:43:44 +0000] "GET / HTTP/1.1" 200 24037 "-" "Rackspace Monitoring/1.1 (https://monitoring.api.rackspacecloud.com)"
78.136.44.21 - - [12/Mar/2017:10:44:01 +0000] "GET / HTTP/1.1" 200 24037 "-" "Rackspace Monitoring/1.1 (https://monitoring.api.rackspacecloud.com)"
50.57.61.5 - - [12/Mar/2017:10:44:37 +0000] "GET / HTTP/1.1" 200 24037 "-" "Rackspace Monitoring/1.1 (https://monitoring.api.rackspacecloud.com)"
50.56.142.171 - - [12/Mar/2017:10:44:44 +0000] "GET / HTTP/1.1" 200 24037 "-" "Rackspace Monitoring/1.1 (https://monitoring.api.rackspacecloud.com)"
78.136.44.21 - - [12/Mar/2017:10:45:01 +0000] "GET / HTTP/1.1" 200 24037 "-" "Rackspace Monitoring/1.1 (https://monitoring.api.rackspacecloud.com)"
50.57.61.5 - - [12/Mar/2017:10:45:37 +0000] "GET / HTTP/1.1" 200 24037 "-" "Rackspace Monitoring/1.1 (https://monitoring.api.rackspacecloud.com)"
50.56.142.171 - - [12/Mar/2017:10:45:44 +0000] "GET / HTTP/1.1" 200 24037 "-" "Rackspace Monitoring/1.1 (https://monitoring.api.rackspacecloud.com)"
78.136.44.21 - - [12/Mar/2017:10:46:01 +0000] "GET / HTTP/1.1" 200 24037 "-" "Rackspace Monitoring/1.1 (https://monitoring.api.rackspacecloud.com)"
50.57.61.5 - - [12/Mar/2017:10:46:37 +0000] "GET / HTTP/1.1" 200 24037 "-" "Rackspace Monitoring/1.1 (https://monitoring.api.rackspacecloud.com)"
50.56.142.171 - - [12/Mar/2017:10:46:44 +0000] "GET / HTTP/1.1" 200 24037 "-" "Rackspace Monitoring/1.1 (https://monitoring.api.rackspacecloud.com)"
78.136.44.21 - - [12/Mar/2017:10:47:01 +0000] "GET / HTTP/1.1" 200 24037 "-" "Rackspace Monitoring/1.1 (https://monitoring.api.rackspacecloud.com)"
100.43.85.10 - - [12/Mar/2017:10:47:26 +0000] "GET /tag/flannel-wall/ HTTP/1.1" 200 7664 "-" "Mozilla/5.0 (compatible; YandexBot/3.0; +http://yandex.com/bots)"
50.57.61.5 - - [12/Mar/2017:10:47:37 +0000] "GET / HTTP/1.1" 200 24037 "-" "Rackspace Monitoring/1.1 (https://monitoring.api.rackspacecloud.com)"
50.56.142.171 - - [12/Mar/2017:10:47:44 +0000] "GET / HTTP/1.1" 200 24037 "-" "Rackspace Monitoring/1.1 (https://monitoring.api.rackspacecloud.com)"
192.0.101.226 - - [12/Mar/2017:10:47:46 +0000] "HEAD / HTTP/1.1" 200 - "-" "jetmon/1.0 (Jetpack Site Uptime Monitor by WordPress.com)"
78.136.44.21 - - [12/Mar/2017:10:48:01 +0000] "GET / HTTP/1.1" 200 24037 "-" "Rackspace Monitoring/1.1 (https://monitoring.api.rackspacecloud.com)"
50.57.61.5 - - [12/Mar/2017:10:48:37 +0000] "GET / HTTP/1.1" 200 24037 "-" "Rackspace Monitoring/1.1 (https://monitoring.api.rackspacecloud.com)"
50.56.142.171 - - [12/Mar/2017:10:48:44 +0000] "GET / HTTP/1.1" 200 24037 "-" "Rackspace Monitoring/1.1 (https://monitoring.api.rackspacecloud.com)"
104.130.3.225 - - [12/Mar/2017:10:48:50 +0000] "POST /wp-cron.php?doing_wp_cron=1489315730.0602819919586181640625 HTTP/1.0" 200 - "-" "WordPress/4.5.4; http://hackyourclothes.com"
157.55.39.199 - - [12/Mar/2017:10:48:49 +0000] "GET /comments/feed/ HTTP/1.1" 304 - "-" "Mozilla/5.0 (compatible; bingbot/2.0; +http://www.bing.com/bingbot.htm)"
157.55.39.207 - - [12/Mar/2017:10:48:54 +0000] "GET /feed/ HTTP/1.1" 304 - "-" "Mozilla/5.0 (compatible; bingbot/2.0; +http://www.bing.com/bingbot.htm)"
78.136.44.21 - - [12/Mar/2017:10:49:01 +0000] "GET / HTTP/1.1" 200 24037 "-" "Rackspace Monitoring/1.1 (https://monitoring.api.rackspacecloud.com)"
50.57.61.5 - - [12/Mar/2017:10:49:37 +0000] "GET / HTTP/1.1" 200 24037 "-" "Rackspace Monitoring/1.1 (https://monitoring.api.rackspacecloud.com)"
50.56.142.171 - - [12/Mar/2017:10:49:44 +0000] "GET / HTTP/1.1" 200 24037 "-" "Rackspace Monitoring/1.1 (https://monitoring.api.rackspacecloud.com)"
180.76.15.7 - - [12/Mar/2017:10:49:43 +0000] "GET /wp-json/oembed/1.0/embed?url=http%3A%2F%2Fhackyourclothes.com%2Ftutorials%2Forigami-bag-1-three-square-diagonal-bag%2F&format=xml HTTP/1.1" 200 1341 "-" "Mozilla/5.0 (compatible; Baiduspider/2.0; +http://www.baidu.com/search/spider.html)"
78.136.44.21 - - [12/Mar/2017:10:50:01 +0000] "GET / HTTP/1.1" 200 24037 "-" "Rackspace Monitoring/1.1 (https://monitoring.api.rackspacecloud.com)"
50.57.61.5 - - [12/Mar/2017:10:50:37 +0000] "GET / HTTP/1.1" 200 24037 "-" "Rackspace Monitoring/1.1 (https://monitoring.api.rackspacecloud.com)"
50.56.142.171 - - [12/Mar/2017:10:50:44 +0000] "GET / HTTP/1.1" 200 24037 "-" "Rackspace Monitoring/1.1 (https://monitoring.api.rackspacecloud.com)"
78.136.44.21 - - [12/Mar/2017:10:51:01 +0000] "GET / HTTP/1.1" 200 24037 "-" "Rackspace Monitoring/1.1 (https://monitoring.api.rackspacecloud.com)"
52.25.198.163 - - [12/Mar/2017:10:51:00 +0000] "GET /wp-login.php HTTP/1.1" 200 2647 "-" "Mozilla/5.0 (Windows NT 6.1; WOW64; rv:40.0) Gecko/20100101 Firefox/40.1"
52.25.198.163 - - [12/Mar/2017:10:51:01 +0000] "GET /?author=1 HTTP/1.1" 301 - "-" "Mozilla/5.0 (Windows NT 6.1; WOW64; rv:40.0) Gecko/20100101 Firefox/40.1"
50.57.61.5 - - [12/Mar/2017:10:51:37 +0000] "GET / HTTP/1.1" 200 24037 "-" "Rackspace Monitoring/1.1 (https://monitoring.api.rackspacecloud.com)"
50.56.142.171 - - [12/Mar/2017:10:51:44 +0000] "GET / HTTP/1.1" 200 24037 "-" "Rackspace Monitoring/1.1 (https://monitoring.api.rackspacecloud.com)"
78.136.44.21 - - [12/Mar/2017:10:52:01 +0000] "GET / HTTP/1.1" 200 24037 "-" "Rackspace Monitoring/1.1 (https://monitoring.api.rackspacecloud.com)"
50.57.61.5 - - [12/Mar/2017:10:52:37 +0000] "GET / HTTP/1.1" 200 24037 "-" "Rackspace Monitoring/1.1 (https://monitoring.api.rackspacecloud.com)"
50.56.142.171 - - [12/Mar/2017:10:52:44 +0000] "GET / HTTP/1.1" 200 24037 "-" "Rackspace Monitoring/1.1 (https://monitoring.api.rackspacecloud.com)"
192.0.101.226 - - [12/Mar/2017:10:52:46 +0000] "HEAD / HTTP/1.1" 200 - "-" "jetmon/1.0 (Jetpack Site Uptime Monitor by WordPress.com)"
78.136.44.21 - - [12/Mar/2017:10:53:01 +0000] "GET / HTTP/1.1" 200 24037 "-" "Rackspace Monitoring/1.1 (https://monitoring.api.rackspacecloud.com)"
50.57.61.5 - - [12/Mar/2017:10:53:37 +0000] "GET / HTTP/1.1" 200 24037 "-" "Rackspace Monitoring/1.1 (https://monitoring.api.rackspacecloud.com)"
50.56.142.171 - - [12/Mar/2017:10:53:44 +0000] "GET / HTTP/1.1" 200 24037 "-" "Rackspace Monitoring/1.1 (https://monitoring.api.rackspacecloud.com)"
78.136.44.21 - - [12/Mar/2017:10:54:01 +0000] "GET / HTTP/1.1" 200 24037 "-" "Rackspace Monitoring/1.1 (https://monitoring.api.rackspacecloud.com)"
50.57.61.5 - - [12/Mar/2017:10:54:37 +0000] "GET / HTTP/1.1" 200 24037 "-" "Rackspace Monitoring/1.1 (https://monitoring.api.rackspacecloud.com)"
50.56.142.171 - - [12/Mar/2017:10:54:44 +0000] "GET / HTTP/1.1" 200 24037 "-" "Rackspace Monitoring/1.1 (https://monitoring.api.rackspacecloud.com)"
78.136.44.21 - - [12/Mar/2017:10:55:01 +0000] "GET / HTTP/1.1" 200 24037 "-" "Rackspace Monitoring/1.1 (https://monitoring.api.rackspacecloud.com)"
47.185.244.157 - - [12/Mar/2017:10:55:05 +0000] "GET /feed/ HTTP/1.1" 200 27416 "-" "Tiny Tiny RSS/17.1 (63f0ed3) (http://tt-rss.org/)"
104.130.3.225 - - [12/Mar/2017:10:55:05 +0000] "POST /wp-cron.php?doing_wp_cron=1489316105.6133019924163818359375 HTTP/1.0" 200 - "-" "WordPress/4.5.4; http://hackyourclothes.com"
50.57.61.5 - - [12/Mar/2017:10:55:37 +0000] "GET / HTTP/1.1" 200 24037 "-" "Rackspace Monitoring/1.1 (https://monitoring.api.rackspacecloud.com)"
50.56.142.171 - - [12/Mar/2017:10:55:44 +0000] "GET / HTTP/1.1" 200 24037 "-" "Rackspace Monitoring/1.1 (https://monitoring.api.rackspacecloud.com)"
78.136.44.21 - - [12/Mar/2017:10:56:01 +0000] "GET / HTTP/1.1" 200 24037 "-" "Rackspace Monitoring/1.1 (https://monitoring.api.rackspacecloud.com)"
50.57.61.5 - - [12/Mar/2017:10:56:37 +0000] "GET / HTTP/1.1" 200 24037 "-" "Rackspace Monitoring/1.1 (https://monitoring.api.rackspacecloud.com)"
50.56.142.171 - - [12/Mar/2017:10:56:44 +0000] "GET / HTTP/1.1" 200 24037 "-" "Rackspace Monitoring/1.1 (https://monitoring.api.rackspacecloud.com)"
78.136.44.21 - - [12/Mar/2017:10:57:01 +0000] "GET / HTTP/1.1" 200 24037 "-" "Rackspace Monitoring/1.1 (https://monitoring.api.rackspacecloud.com)"
49.149.166.118 - - [12/Mar/2017:10:57:33 +0000] "GET /textile-lexicon/pressing-cloth/ HTTP/1.1" 200 10209 "-" "Mozilla/5.0 (Windows NT 10.0; Win64; x64) AppleWebKit/537.36 (KHTML, like Gecko) Chrome/56.0.2924.87 Safari/537.36"
49.149.166.118 - - [12/Mar/2017:10:57:33 +0000] "GET /wp-content/cache/minify/000000/ZYu7DoAgDAB_CFL5Ewd3Q0gtKNAG6uDf-9zc7i45Bwu3Qqg2cFUf1N4OoXcoNAvLLmYAal4iVoSuR8ZfsDlRVONgRRUftmf_-KoTc9YkY2PQF08.css HTTP/1.1" 200 21595 "http://hackyourclothes.com/textile-lexicon/pressing-cloth/" "Mozilla/5.0 (Windows NT 10.0; Win64; x64) AppleWebKit/537.36 (KHTML, like Gecko) Chrome/56.0.2924.87 Safari/537.36"
49.149.166.118 - - [12/Mar/2017:10:57:33 +0000] "GET /wp-content/cache/minify/000000/M9bPKixNLarUMYYydHMz04sSS1L1cjPzdAz1k4qzdQtS0nRzE_MS01OL9LOKQULxQKF4qBAA.js HTTP/1.1" 200 37152 "http://hackyourclothes.com/textile-lexicon/pressing-cloth/" "Mozilla/5.0 (Windows NT 10.0; Win64; x64) AppleWebKit/537.36 (KHTML, like Gecko) Chrome/56.0.2924.87 Safari/537.36"
49.149.166.118 - - [12/Mar/2017:10:57:34 +0000] "GET /wp-content/cache/minify/000000/M9RPyy_KTU8t0U3OzytJTC7RBfH1s4r1c9Pj04qAYjoG-ulFiQUZqXmpIOGswtLUokq9kvz8nGK93Mw8AA.js HTTP/1.1" 200 4558 "http://hackyourclothes.com/textile-lexicon/pressing-cloth/" "Mozilla/5.0 (Windows NT 10.0; Win64; x64) AppleWebKit/537.36 (KHTML, like Gecko) Chrome/56.0.2924.87 Safari/537.36"
49.149.166.118 - - [12/Mar/2017:10:57:34 +0000] "GET /wp-content/cache/minify/000000/M9BPL0osyEjNS9XPKoazAQ.js HTTP/1.1" 200 1788 "http://hackyourclothes.com/textile-lexicon/pressing-cloth/" "Mozilla/5.0 (Windows NT 10.0; Win64; x64) AppleWebKit/537.36 (KHTML, like Gecko) Chrome/56.0.2924.87 Safari/537.36"
49.149.166.118 - - [12/Mar/2017:10:57:34 +0000] "GET /wp-content/cache/minify/000000/M9RPzM4szk0t0Y_PzEvWT8svygUA.js HTTP/1.1" 200 288 "http://hackyourclothes.com/textile-lexicon/pressing-cloth/" "Mozilla/5.0 (Windows NT 10.0; Win64; x64) AppleWebKit/537.36 (KHTML, like Gecko) Chrome/56.0.2924.87 Safari/537.36"
49.149.166.118 - - [12/Mar/2017:10:57:34 +0000] "GET /wp-content/cache/minify/000000/M9QPyc_PKcksCCjK1y-BMAE.js HTTP/1.1" 200 4906 "http://hackyourclothes.com/textile-lexicon/pressing-cloth/" "Mozilla/5.0 (Windows NT 10.0; Win64; x64) AppleWebKit/537.36 (KHTML, like Gecko) Chrome/56.0.2924.87 Safari/537.36"
49.149.166.118 - - [12/Mar/2017:10:57:34 +0000] "GET /wp-includes/js/wp-embed.min.js?ver=4.5.4 HTTP/1.1" 200 750 "http://hackyourclothes.com/textile-lexicon/pressing-cloth/" "Mozilla/5.0 (Windows NT 10.0; Win64; x64) AppleWebKit/537.36 (KHTML, like Gecko) Chrome/56.0.2924.87 Safari/537.36"
49.149.166.118 - - [12/Mar/2017:10:57:34 +0000] "GET /wp-content/themes/graphene/fonts/genericons/genericons-regular-webfont.woff HTTP/1.1" 200 8872 "http://hackyourclothes.com/wp-content/cache/minify/000000/ZYu7DoAgDAB_CFL5Ewd3Q0gtKNAG6uDf-9zc7i45Bwu3Qqg2cFUf1N4OoXcoNAvLLmYAal4iVoSuR8ZfsDlRVONgRRUftmf_-KoTc9YkY2PQF08.css" "Mozilla/5.0 (Windows NT 10.0; Win64; x64) AppleWebKit/537.36 (KHTML, like Gecko) Chrome/56.0.2924.87 Safari/537.36"
49.149.166.118 - - [12/Mar/2017:10:57:35 +0000] "GET /wp-content/themes/graphene/images/sprite_master.png HTTP/1.1" 200 14396 "http://hackyourclothes.com/wp-content/cache/minify/000000/ZYu7DoAgDAB_CFL5Ewd3Q0gtKNAG6uDf-9zc7i45Bwu3Qqg2cFUf1N4OoXcoNAvLLmYAal4iVoSuR8ZfsDlRVONgRRUftmf_-KoTc9YkY2PQF08.css" "Mozilla/5.0 (Windows NT 10.0; Win64; x64) AppleWebKit/537.36 (KHTML, like Gecko) Chrome/56.0.2924.87 Safari/537.36"
49.149.166.118 - - [12/Mar/2017:10:57:35 +0000] "GET /wp-content/themes/graphene/images/social/google-plus.png HTTP/1.1" 200 639 "http://hackyourclothes.com/textile-lexicon/pressing-cloth/" "Mozilla/5.0 (Windows NT 10.0; Win64; x64) AppleWebKit/537.36 (KHTML, like Gecko) Chrome/56.0.2924.87 Safari/537.36"
49.149.166.118 - - [12/Mar/2017:10:57:35 +0000] "GET /wp-content/themes/graphene/images/sprite_master_light.png HTTP/1.1" 200 2080 "http://hackyourclothes.com/wp-content/cache/minify/000000/ZYu7DoAgDAB_CFL5Ewd3Q0gtKNAG6uDf-9zc7i45Bwu3Qqg2cFUf1N4OoXcoNAvLLmYAal4iVoSuR8ZfsDlRVONgRRUftmf_-KoTc9YkY2PQF08.css" "Mozilla/5.0 (Windows NT 10.0; Win64; x64) AppleWebKit/537.36 (KHTML, like Gecko) Chrome/56.0.2924.87 Safari/537.36"
49.149.166.118 - - [12/Mar/2017:10:57:35 +0000] "GET /wp-content/uploads/2014/09/cropped-Hack.tools_.header3.130408.png HTTP/1.1" 200 137938 "http://hackyourclothes.com/textile-lexicon/pressing-cloth/" "Mozilla/5.0 (Windows NT 10.0; Win64; x64) AppleWebKit/537.36 (KHTML, like Gecko) Chrome/56.0.2924.87 Safari/537.36"
49.149.166.118 - - [12/Mar/2017:10:57:35 +0000] "GET /wp-content/themes/graphene/images/sprite_h.png HTTP/1.1" 200 746 "http://hackyourclothes.com/wp-content/cache/minify/000000/ZYu7DoAgDAB_CFL5Ewd3Q0gtKNAG6uDf-9zc7i45Bwu3Qqg2cFUf1N4OoXcoNAvLLmYAal4iVoSuR8ZfsDlRVONgRRUftmf_-KoTc9YkY2PQF08.css" "Mozilla/5.0 (Windows NT 10.0; Win64; x64) AppleWebKit/537.36 (KHTML, like Gecko) Chrome/56.0.2924.87 Safari/537.36"
49.149.166.118 - - [12/Mar/2017:10:57:35 +0000] "GET /wp-content/themes/graphene/images/social/rss.png HTTP/1.1" 200 885 "http://hackyourclothes.com/textile-lexicon/pressing-cloth/" "Mozilla/5.0 (Windows NT 10.0; Win64; x64) AppleWebKit/537.36 (KHTML, like Gecko) Chrome/56.0.2924.87 Safari/537.36"
49.149.166.118 - - [12/Mar/2017:10:57:35 +0000] "GET /wp-content/cache/minify/000000/M9FPzs_NTc0r0S1KLcip1MvNzAMA.js HTTP/1.1" 200 589 "http://hackyourclothes.com/textile-lexicon/pressing-cloth/" "Mozilla/5.0 (Windows NT 10.0; Win64; x64) AppleWebKit/537.36 (KHTML, like Gecko) Chrome/56.0.2924.87 Safari/537.36"
49.149.166.118 - - [12/Mar/2017:10:57:35 +0000] "GET /wp-content/themes/graphene/images/social/twitter.png HTTP/1.1" 200 802 "http://hackyourclothes.com/textile-lexicon/pressing-cloth/" "Mozilla/5.0 (Windows NT 10.0; Win64; x64) AppleWebKit/537.36 (KHTML, like Gecko) Chrome/56.0.2924.87 Safari/537.36"
49.149.166.118 - - [12/Mar/2017:10:57:35 +0000] "GET /wp-includes/js/wp-emoji-release.min.js?ver=4.5.4 HTTP/1.1" 200 3730 "http://hackyourclothes.com/textile-lexicon/pressing-cloth/" "Mozilla/5.0 (Windows NT 10.0; Win64; x64) AppleWebKit/537.36 (KHTML, like Gecko) Chrome/56.0.2924.87 Safari/537.36"
49.149.166.118 - - [12/Mar/2017:10:57:36 +0000] "GET /favicon.ico HTTP/1.1" 200 43 "http://hackyourclothes.com/textile-lexicon/pressing-cloth/" "Mozilla/5.0 (Windows NT 10.0; Win64; x64) AppleWebKit/537.36 (KHTML, like Gecko) Chrome/56.0.2924.87 Safari/537.36"
50.57.61.5 - - [12/Mar/2017:10:57:37 +0000] "GET / HTTP/1.1" 200 24037 "-" "Rackspace Monitoring/1.1 (https://monitoring.api.rackspacecloud.com)"
50.56.142.171 - - [12/Mar/2017:10:57:44 +0000] "GET / HTTP/1.1" 200 24037 "-" "Rackspace Monitoring/1.1 (https://monitoring.api.rackspacecloud.com)"
192.0.101.226 - - [12/Mar/2017:10:57:45 +0000] "HEAD / HTTP/1.1" 200 - "-" "jetmon/1.0 (Jetpack Site Uptime Monitor by WordPress.com)"
78.136.44.21 - - [12/Mar/2017:10:58:01 +0000] "GET / HTTP/1.1" 200 24037 "-" "Rackspace Monitoring/1.1 (https://monitoring.api.rackspacecloud.com)"
50.57.61.5 - - [12/Mar/2017:10:58:37 +0000] "GET / HTTP/1.1" 200 24037 "-" "Rackspace Monitoring/1.1 (https://monitoring.api.rackspacecloud.com)"
50.56.142.171 - - [12/Mar/2017:10:58:44 +0000] "GET / HTTP/1.1" 200 24037 "-" "Rackspace Monitoring/1.1 (https://monitoring.api.rackspacecloud.com)"
78.136.44.21 - - [12/Mar/2017:10:59:01 +0000] "GET / HTTP/1.1" 200 24037 "-" "Rackspace Monitoring/1.1 (https://monitoring.api.rackspacecloud.com)"
50.57.61.5 - - [12/Mar/2017:10:59:37 +0000] "GET / HTTP/1.1" 200 24037 "-" "Rackspace Monitoring/1.1 (https://monitoring.api.rackspacecloud.com)"
50.56.142.171 - - [12/Mar/2017:10:59:44 +0000] "GET / HTTP/1.1" 200 24037 "-" "Rackspace Monitoring/1.1 (https://monitoring.api.rackspacecloud.com)"
78.136.44.21 - - [12/Mar/2017:11:00:01 +0000] "GET / HTTP/1.1" 200 24037 "-" "Rackspace Monitoring/1.1 (https://monitoring.api.rackspacecloud.com)"
50.57.61.5 - - [12/Mar/2017:11:00:37 +0000] "GET / HTTP/1.1" 200 24037 "-" "Rackspace Monitoring/1.1 (https://monitoring.api.rackspacecloud.com)"
50.56.142.171 - - [12/Mar/2017:11:00:44 +0000] "GET / HTTP/1.1" 200 24037 "-" "Rackspace Monitoring/1.1 (https://monitoring.api.rackspacecloud.com)"
78.136.44.21 - - [12/Mar/2017:11:01:01 +0000] "GET / HTTP/1.1" 200 24037 "-" "Rackspace Monitoring/1.1 (https://monitoring.api.rackspacecloud.com)"
50.57.61.5 - - [12/Mar/2017:11:01:37 +0000] "GET / HTTP/1.1" 200 24037 "-" "Rackspace Monitoring/1.1 (https://monitoring.api.rackspacecloud.com)"
50.56.142.171 - - [12/Mar/2017:11:01:44 +0000] "GET / HTTP/1.1" 200 24037 "-" "Rackspace Monitoring/1.1 (https://monitoring.api.rackspacecloud.com)"
78.136.44.21 - - [12/Mar/2017:11:02:01 +0000] "GET / HTTP/1.1" 200 24037 "-" "Rackspace Monitoring/1.1 (https://monitoring.api.rackspacecloud.com)"
50.57.61.5 - - [12/Mar/2017:11:02:37 +0000] "GET / HTTP/1.1" 200 24037 "-" "Rackspace Monitoring/1.1 (https://monitoring.api.rackspacecloud.com)"
50.56.142.171 - - [12/Mar/2017:11:02:44 +0000] "GET / HTTP/1.1" 200 24037 "-" "Rackspace Monitoring/1.1 (https://monitoring.api.rackspacecloud.com)"
192.0.101.226 - - [12/Mar/2017:11:02:46 +0000] "HEAD / HTTP/1.1" 200 - "-" "jetmon/1.0 (Jetpack Site Uptime Monitor by WordPress.com)"
78.136.44.21 - - [12/Mar/2017:11:03:01 +0000] "GET / HTTP/1.1" 200 24037 "-" "Rackspace Monitoring/1.1 (https://monitoring.api.rackspacecloud.com)"
50.57.61.5 - - [12/Mar/2017:11:03:37 +0000] "GET / HTTP/1.1" 200 24037 "-" "Rackspace Monitoring/1.1 (https://monitoring.api.rackspacecloud.com)"
50.56.142.171 - - [12/Mar/2017:11:03:44 +0000] "GET / HTTP/1.1" 200 24037 "-" "Rackspace Monitoring/1.1 (https://monitoring.api.rackspacecloud.com)"
78.136.44.21 - - [12/Mar/2017:11:04:01 +0000] "GET / HTTP/1.1" 200 24037 "-" "Rackspace Monitoring/1.1 (https://monitoring.api.rackspacecloud.com)"
50.57.61.5 - - [12/Mar/2017:11:04:37 +0000] "GET / HTTP/1.1" 200 24037 "-" "Rackspace Monitoring/1.1 (https://monitoring.api.rackspacecloud.com)"
50.56.142.171 - - [12/Mar/2017:11:04:44 +0000] "GET / HTTP/1.1" 200 24037 "-" "Rackspace Monitoring/1.1 (https://monitoring.api.rackspacecloud.com)"
78.136.44.21 - - [12/Mar/2017:11:05:01 +0000] "GET / HTTP/1.1" 200 24037 "-" "Rackspace Monitoring/1.1 (https://monitoring.api.rackspacecloud.com)"
50.57.61.5 - - [12/Mar/2017:11:05:37 +0000] "GET / HTTP/1.1" 200 24037 "-" "Rackspace Monitoring/1.1 (https://monitoring.api.rackspacecloud.com)"
50.56.142.171 - - [12/Mar/2017:11:05:44 +0000] "GET / HTTP/1.1" 200 24037 "-" "Rackspace Monitoring/1.1 (https://monitoring.api.rackspacecloud.com)"
78.136.44.21 - - [12/Mar/2017:11:06:00 +0000] "GET / HTTP/1.1" 200 24037 "-" "Rackspace Monitoring/1.1 (https://monitoring.api.rackspacecloud.com)"
50.57.61.5 - - [12/Mar/2017:11:06:37 +0000] "GET / HTTP/1.1" 200 24037 "-" "Rackspace Monitoring/1.1 (https://monitoring.api.rackspacecloud.com)"
50.56.142.171 - - [12/Mar/2017:11:06:44 +0000] "GET / HTTP/1.1" 200 24037 "-" "Rackspace Monitoring/1.1 (https://monitoring.api.rackspacecloud.com)"
78.136.44.21 - - [12/Mar/2017:11:07:00 +0000] "GET / HTTP/1.1" 200 24037 "-" "Rackspace Monitoring/1.1 (https://monitoring.api.rackspacecloud.com)"
50.57.61.5 - - [12/Mar/2017:11:07:37 +0000] "GET / HTTP/1.1" 200 24037 "-" "Rackspace Monitoring/1.1 (https://monitoring.api.rackspacecloud.com)"
50.56.142.171 - - [12/Mar/2017:11:07:44 +0000] "GET / HTTP/1.1" 200 24037 "-" "Rackspace Monitoring/1.1 (https://monitoring.api.rackspacecloud.com)"
192.0.101.226 - - [12/Mar/2017:11:07:50 +0000] "HEAD / HTTP/1.1" 200 - "-" "jetmon/1.0 (Jetpack Site Uptime Monitor by WordPress.com)"
78.136.44.21 - - [12/Mar/2017:11:08:01 +0000] "GET / HTTP/1.1" 200 24037 "-" "Rackspace Monitoring/1.1 (https://monitoring.api.rackspacecloud.com)"
50.57.61.5 - - [12/Mar/2017:11:08:37 +0000] "GET / HTTP/1.1" 200 24037 "-" "Rackspace Monitoring/1.1 (https://monitoring.api.rackspacecloud.com)"
50.56.142.171 - - [12/Mar/2017:11:08:44 +0000] "GET / HTTP/1.1" 200 24037 "-" "Rackspace Monitoring/1.1 (https://monitoring.api.rackspacecloud.com)"
78.136.44.21 - - [12/Mar/2017:11:09:00 +0000] "GET / HTTP/1.1" 200 24037 "-" "Rackspace Monitoring/1.1 (https://monitoring.api.rackspacecloud.com)"
50.57.61.5 - - [12/Mar/2017:11:09:37 +0000] "GET / HTTP/1.1" 200 24037 "-" "Rackspace Monitoring/1.1 (https://monitoring.api.rackspacecloud.com)"
50.56.142.171 - - [12/Mar/2017:11:09:44 +0000] "GET / HTTP/1.1" 200 24037 "-" "Rackspace Monitoring/1.1 (https://monitoring.api.rackspacecloud.com)"
78.136.44.21 - - [12/Mar/2017:11:10:00 +0000] "GET / HTTP/1.1" 200 24037 "-" "Rackspace Monitoring/1.1 (https://monitoring.api.rackspacecloud.com)"
50.57.61.5 - - [12/Mar/2017:11:10:37 +0000] "GET / HTTP/1.1" 200 24037 "-" "Rackspace Monitoring/1.1 (https://monitoring.api.rackspacecloud.com)"
50.56.142.171 - - [12/Mar/2017:11:10:44 +0000] "GET / HTTP/1.1" 200 24037 "-" "Rackspace Monitoring/1.1 (https://monitoring.api.rackspacecloud.com)"
78.136.44.21 - - [12/Mar/2017:11:11:00 +0000] "GET / HTTP/1.1" 200 24037 "-" "Rackspace Monitoring/1.1 (https://monitoring.api.rackspacecloud.com)"
50.57.61.5 - - [12/Mar/2017:11:11:37 +0000] "GET / HTTP/1.1" 200 24037 "-" "Rackspace Monitoring/1.1 (https://monitoring.api.rackspacecloud.com)"
50.56.142.171 - - [12/Mar/2017:11:11:44 +0000] "GET / HTTP/1.1" 200 24037 "-" "Rackspace Monitoring/1.1 (https://monitoring.api.rackspacecloud.com)"
78.136.44.21 - - [12/Mar/2017:11:12:00 +0000] "GET / HTTP/1.1" 200 24037 "-" "Rackspace Monitoring/1.1 (https://monitoring.api.rackspacecloud.com)"
