79.67.107.225 - - [12/Mar/2017:13:44:50 +0000] "GET /wp-content/plugins/wptouch/themes/foundation/default/style.css?ver=737ea9953b21c4ffabc349e9b20f3b4b HTTP/1.1" 200 7031 "http://hackyourclothes.com/textile-lexicon/pressing-cloth/" "Mozilla/5.0 (Windows Phone 10.0; Android 6.0.1; NOKIA; Lumia 735) AppleWebKit/537.36 (KHTML, like Gecko) Chrome/51.0.2704.79 Mobile Safari/537.36 Edge/14.14393"
79.67.107.225 - - [12/Mar/2017:13:44:50 +0000] "GET /wp-content/plugins/akismet/_inc/form.js?ver=3.1.10 HTTP/1.1" 200 318 "http://hackyourclothes.com/textile-lexicon/pressing-cloth/" "Mozilla/5.0 (Windows Phone 10.0; Android 6.0.1; NOKIA; Lumia 735) AppleWebKit/537.36 (KHTML, like Gecko) Chrome/51.0.2704.79 Mobile Safari/537.36 Edge/14.14393"
79.67.107.225 - - [12/Mar/2017:13:44:50 +0000] "GET /wp-includes/js/jquery/jquery.js?ver=1.12.4 HTTP/1.1" 200 33766 "http://hackyourclothes.com/textile-lexicon/pressing-cloth/" "Mozilla/5.0 (Windows Phone 10.0; Android 6.0.1; NOKIA; Lumia 735) AppleWebKit/537.36 (KHTML, like Gecko) Chrome/51.0.2704.79 Mobile Safari/537.36 Edge/14.14393"
79.67.107.225 - - [12/Mar/2017:13:44:50 +0000] "GET /wp-includes/js/wp-emoji-release.min.js?ver=4.5.4 HTTP/1.1" 200 3730 "http://hackyourclothes.com/textile-lexicon/pressing-cloth/" "Mozilla/5.0 (Windows Phone 10.0; Android 6.0.1; NOKIA; Lumia 735) AppleWebKit/537.36 (KHTML, like Gecko) Chrome/51.0.2704.79 Mobile Safari/537.36 Edge/14.14393"
79.67.107.225 - - [12/Mar/2017:13:44:50 +0000] "GET /wp-content/wptouch-data/cache/wptouch-0c105c47a9044199e6a9e04eacd03b9ec9c73cc9.js HTTP/1.1" 200 19016 "http://hackyourclothes.com/textile-lexicon/pressing-cloth/" "Mozilla/5.0 (Windows Phone 10.0; Android 6.0.1; NOKIA; Lumia 735) AppleWebKit/537.36 (KHTML, like Gecko) Chrome/51.0.2704.79 Mobile Safari/537.36 Edge/14.14393"
79.67.107.225 - - [12/Mar/2017:13:44:50 +0000] "GET /wp-content/plugins/TooltipPro/tooltip.js?ver=4.5.4 HTTP/1.1" 200 5757 "http://hackyourclothes.com/textile-lexicon/pressing-cloth/" "Mozilla/5.0 (Windows Phone 10.0; Android 6.0.1; NOKIA; Lumia 735) AppleWebKit/537.36 (KHTML, like Gecko) Chrome/51.0.2704.79 Mobile Safari/537.36 Edge/14.14393"
79.67.107.225 - - [12/Mar/2017:13:44:50 +0000] "GET /wp-includes/js/wp-embed.min.js?ver=4.5.4 HTTP/1.1" 200 750 "http://hackyourclothes.com/textile-lexicon/pressing-cloth/" "Mozilla/5.0 (Windows Phone 10.0; Android 6.0.1; NOKIA; Lumia 735) AppleWebKit/537.36 (KHTML, like Gecko) Chrome/51.0.2704.79 Mobile Safari/537.36 Edge/14.14393"
79.67.107.225 - - [12/Mar/2017:13:44:50 +0000] "GET /wp-content/plugins/wptouch/themes/foundation/modules/wptouch-icons/font/wptouch-icons.woff?64777116 HTTP/1.1" 200 11400 "http://hackyourclothes.com/textile-lexicon/pressing-cloth/" "Mozilla/5.0 (Windows Phone 10.0; Android 6.0.1; NOKIA; Lumia 735) AppleWebKit/537.36 (KHTML, like Gecko) Chrome/51.0.2704.79 Mobile Safari/537.36 Edge/14.14393"
79.67.107.225 - - [12/Mar/2017:13:44:51 +0000] "GET /favicon.ico HTTP/1.1" 200 43 "-" "Mozilla/5.0 (Windows Phone 10.0; Android 6.0.1; NOKIA; Lumia 735) AppleWebKit/537.36 (KHTML, like Gecko) Chrome/51.0.2704.79 Mobile Safari/537.36 Edge/14.14393"
78.136.44.21 - - [12/Mar/2017:13:45:00 +0000] "GET / HTTP/1.1" 200 24037 "-" "Rackspace Monitoring/1.1 (https://monitoring.api.rackspacecloud.com)"
50.57.61.5 - - [12/Mar/2017:13:45:36 +0000] "GET / HTTP/1.1" 200 24037 "-" "Rackspace Monitoring/1.1 (https://monitoring.api.rackspacecloud.com)"
50.56.142.171 - - [12/Mar/2017:13:45:43 +0000] "GET / HTTP/1.1" 200 24037 "-" "Rackspace Monitoring/1.1 (https://monitoring.api.rackspacecloud.com)"
78.136.44.21 - - [12/Mar/2017:13:46:00 +0000] "GET / HTTP/1.1" 200 24037 "-" "Rackspace Monitoring/1.1 (https://monitoring.api.rackspacecloud.com)"
50.57.61.5 - - [12/Mar/2017:13:46:36 +0000] "GET / HTTP/1.1" 200 24037 "-" "Rackspace Monitoring/1.1 (https://monitoring.api.rackspacecloud.com)"
50.56.142.171 - - [12/Mar/2017:13:46:43 +0000] "GET / HTTP/1.1" 200 24037 "-" "Rackspace Monitoring/1.1 (https://monitoring.api.rackspacecloud.com)"
78.136.44.21 - - [12/Mar/2017:13:47:00 +0000] "GET / HTTP/1.1" 200 24037 "-" "Rackspace Monitoring/1.1 (https://monitoring.api.rackspacecloud.com)"
50.57.61.5 - - [12/Mar/2017:13:47:36 +0000] "GET / HTTP/1.1" 200 24037 "-" "Rackspace Monitoring/1.1 (https://monitoring.api.rackspacecloud.com)"
192.0.101.226 - - [12/Mar/2017:13:47:42 +0000] "HEAD / HTTP/1.1" 200 - "-" "jetmon/1.0 (Jetpack Site Uptime Monitor by WordPress.com)"
50.56.142.171 - - [12/Mar/2017:13:47:43 +0000] "GET / HTTP/1.1" 200 24037 "-" "Rackspace Monitoring/1.1 (https://monitoring.api.rackspacecloud.com)"
78.136.44.21 - - [12/Mar/2017:13:48:00 +0000] "GET / HTTP/1.1" 200 24037 "-" "Rackspace Monitoring/1.1 (https://monitoring.api.rackspacecloud.com)"
50.57.61.5 - - [12/Mar/2017:13:48:36 +0000] "GET / HTTP/1.1" 200 24037 "-" "Rackspace Monitoring/1.1 (https://monitoring.api.rackspacecloud.com)"
50.56.142.171 - - [12/Mar/2017:13:48:43 +0000] "GET / HTTP/1.1" 200 24037 "-" "Rackspace Monitoring/1.1 (https://monitoring.api.rackspacecloud.com)"
78.136.44.21 - - [12/Mar/2017:13:49:00 +0000] "GET / HTTP/1.1" 200 24037 "-" "Rackspace Monitoring/1.1 (https://monitoring.api.rackspacecloud.com)"
50.57.61.5 - - [12/Mar/2017:13:49:36 +0000] "GET / HTTP/1.1" 200 24037 "-" "Rackspace Monitoring/1.1 (https://monitoring.api.rackspacecloud.com)"
50.56.142.171 - - [12/Mar/2017:13:49:43 +0000] "GET / HTTP/1.1" 200 24037 "-" "Rackspace Monitoring/1.1 (https://monitoring.api.rackspacecloud.com)"
78.136.44.21 - - [12/Mar/2017:13:50:00 +0000] "GET / HTTP/1.1" 200 24037 "-" "Rackspace Monitoring/1.1 (https://monitoring.api.rackspacecloud.com)"
50.57.61.5 - - [12/Mar/2017:13:50:36 +0000] "GET / HTTP/1.1" 200 24037 "-" "Rackspace Monitoring/1.1 (https://monitoring.api.rackspacecloud.com)"
50.56.142.171 - - [12/Mar/2017:13:50:43 +0000] "GET / HTTP/1.1" 200 24037 "-" "Rackspace Monitoring/1.1 (https://monitoring.api.rackspacecloud.com)"
78.136.44.21 - - [12/Mar/2017:13:51:00 +0000] "GET / HTTP/1.1" 200 24037 "-" "Rackspace Monitoring/1.1 (https://monitoring.api.rackspacecloud.com)"
109.101.81.2 - - [12/Mar/2017:13:51:03 +0000] "POST /xmlrpc.php HTTP/1.1" 200 403 "-" "Mozilla/5.0 (Windows NT 6.1; WOW64; rv:40.0) Gecko/20100101 Firefox/40.1"
104.130.3.225 - - [12/Mar/2017:13:51:04 +0000] "POST /wp-cron.php?doing_wp_cron=1489326664.2795789241790771484375 HTTP/1.0" 200 - "-" "WordPress/4.5.4; http://hackyourclothes.com"
109.101.81.2 - - [12/Mar/2017:13:51:05 +0000] "GET /wp-login.php HTTP/1.1" 200 2647 "-" "Mozilla/5.0 (Windows NT 6.1; WOW64; rv:40.0) Gecko/20100101 Firefox/40.1"
109.101.81.2 - - [12/Mar/2017:13:51:06 +0000] "POST /wp-login.php HTTP/1.1" 200 3596 "-" "Mozilla/5.0 (Windows NT 6.1; WOW64; rv:40.0) Gecko/20100101 Firefox/40.1"
50.57.61.5 - - [12/Mar/2017:13:51:36 +0000] "GET / HTTP/1.1" 200 24037 "-" "Rackspace Monitoring/1.1 (https://monitoring.api.rackspacecloud.com)"
50.56.142.171 - - [12/Mar/2017:13:51:43 +0000] "GET / HTTP/1.1" 200 24037 "-" "Rackspace Monitoring/1.1 (https://monitoring.api.rackspacecloud.com)"
78.136.44.21 - - [12/Mar/2017:13:52:00 +0000] "GET / HTTP/1.1" 200 24037 "-" "Rackspace Monitoring/1.1 (https://monitoring.api.rackspacecloud.com)"
50.57.61.5 - - [12/Mar/2017:13:52:36 +0000] "GET / HTTP/1.1" 200 24037 "-" "Rackspace Monitoring/1.1 (https://monitoring.api.rackspacecloud.com)"
50.56.142.171 - - [12/Mar/2017:13:52:43 +0000] "GET / HTTP/1.1" 200 24037 "-" "Rackspace Monitoring/1.1 (https://monitoring.api.rackspacecloud.com)"
192.0.101.226 - - [12/Mar/2017:13:52:44 +0000] "HEAD / HTTP/1.1" 200 - "-" "jetmon/1.0 (Jetpack Site Uptime Monitor by WordPress.com)"
78.136.44.21 - - [12/Mar/2017:13:53:00 +0000] "GET / HTTP/1.1" 200 24037 "-" "Rackspace Monitoring/1.1 (https://monitoring.api.rackspacecloud.com)"
50.57.61.5 - - [12/Mar/2017:13:53:36 +0000] "GET / HTTP/1.1" 200 24037 "-" "Rackspace Monitoring/1.1 (https://monitoring.api.rackspacecloud.com)"
50.56.142.171 - - [12/Mar/2017:13:53:43 +0000] "GET / HTTP/1.1" 200 24037 "-" "Rackspace Monitoring/1.1 (https://monitoring.api.rackspacecloud.com)"
78.136.44.21 - - [12/Mar/2017:13:54:00 +0000] "GET / HTTP/1.1" 200 24037 "-" "Rackspace Monitoring/1.1 (https://monitoring.api.rackspacecloud.com)"
50.57.61.5 - - [12/Mar/2017:13:54:36 +0000] "GET / HTTP/1.1" 200 24037 "-" "Rackspace Monitoring/1.1 (https://monitoring.api.rackspacecloud.com)"
50.56.142.171 - - [12/Mar/2017:13:54:43 +0000] "GET / HTTP/1.1" 200 24037 "-" "Rackspace Monitoring/1.1 (https://monitoring.api.rackspacecloud.com)"
78.136.44.21 - - [12/Mar/2017:13:55:00 +0000] "GET / HTTP/1.1" 200 24037 "-" "Rackspace Monitoring/1.1 (https://monitoring.api.rackspacecloud.com)"
50.57.61.5 - - [12/Mar/2017:13:55:36 +0000] "GET / HTTP/1.1" 200 24037 "-" "Rackspace Monitoring/1.1 (https://monitoring.api.rackspacecloud.com)"
50.56.142.171 - - [12/Mar/2017:13:55:43 +0000] "GET / HTTP/1.1" 200 24037 "-" "Rackspace Monitoring/1.1 (https://monitoring.api.rackspacecloud.com)"
78.136.44.21 - - [12/Mar/2017:13:56:00 +0000] "GET / HTTP/1.1" 200 24037 "-" "Rackspace Monitoring/1.1 (https://monitoring.api.rackspacecloud.com)"
50.57.61.5 - - [12/Mar/2017:13:56:36 +0000] "GET / HTTP/1.1" 200 24037 "-" "Rackspace Monitoring/1.1 (https://monitoring.api.rackspacecloud.com)"
104.130.3.225 - - [12/Mar/2017:13:56:40 +0000] "POST /wp-cron.php?doing_wp_cron=1489327000.7011899948120117187500 HTTP/1.0" 200 - "-" "WordPress/4.5.4; http://hackyourclothes.com"
47.185.244.157 - - [12/Mar/2017:13:56:40 +0000] "GET /feed/ HTTP/1.1" 200 27415 "-" "Tiny Tiny RSS/17.1 (63f0ed3) (http://tt-rss.org/)"
50.56.142.171 - - [12/Mar/2017:13:56:43 +0000] "GET / HTTP/1.1" 200 24037 "-" "Rackspace Monitoring/1.1 (https://monitoring.api.rackspacecloud.com)"
78.136.44.21 - - [12/Mar/2017:13:57:00 +0000] "GET / HTTP/1.1" 200 24037 "-" "Rackspace Monitoring/1.1 (https://monitoring.api.rackspacecloud.com)"
100.43.85.10 - - [12/Mar/2017:13:57:29 +0000] "GET /robots.txt HTTP/1.1" 200 67 "-" "Mozilla/5.0 (compatible; YandexBot/3.0; +http://yandex.com/bots)"
100.43.85.10 - - [12/Mar/2017:13:57:33 +0000] "GET /textile-lexicon/sewing-machine/ HTTP/1.1" 200 10539 "-" "Mozilla/5.0 (compatible; YandexBot/3.0; +http://yandex.com/bots)"
50.57.61.5 - - [12/Mar/2017:13:57:36 +0000] "GET / HTTP/1.1" 200 24037 "-" "Rackspace Monitoring/1.1 (https://monitoring.api.rackspacecloud.com)"
50.56.142.171 - - [12/Mar/2017:13:57:43 +0000] "GET / HTTP/1.1" 200 24037 "-" "Rackspace Monitoring/1.1 (https://monitoring.api.rackspacecloud.com)"
192.0.101.226 - - [12/Mar/2017:13:57:53 +0000] "HEAD / HTTP/1.1" 200 - "-" "jetmon/1.0 (Jetpack Site Uptime Monitor by WordPress.com)"
78.136.44.21 - - [12/Mar/2017:13:58:00 +0000] "GET / HTTP/1.1" 200 24037 "-" "Rackspace Monitoring/1.1 (https://monitoring.api.rackspacecloud.com)"
50.57.61.5 - - [12/Mar/2017:13:58:36 +0000] "GET / HTTP/1.1" 200 24037 "-" "Rackspace Monitoring/1.1 (https://monitoring.api.rackspacecloud.com)"
50.56.142.171 - - [12/Mar/2017:13:58:43 +0000] "GET / HTTP/1.1" 200 24037 "-" "Rackspace Monitoring/1.1 (https://monitoring.api.rackspacecloud.com)"
78.136.44.21 - - [12/Mar/2017:13:59:00 +0000] "GET / HTTP/1.1" 200 24037 "-" "Rackspace Monitoring/1.1 (https://monitoring.api.rackspacecloud.com)"
50.57.61.5 - - [12/Mar/2017:13:59:36 +0000] "GET / HTTP/1.1" 200 24037 "-" "Rackspace Monitoring/1.1 (https://monitoring.api.rackspacecloud.com)"
50.56.142.171 - - [12/Mar/2017:13:59:43 +0000] "GET / HTTP/1.1" 200 24037 "-" "Rackspace Monitoring/1.1 (https://monitoring.api.rackspacecloud.com)"
78.136.44.21 - - [12/Mar/2017:14:00:00 +0000] "GET / HTTP/1.1" 200 24037 "-" "Rackspace Monitoring/1.1 (https://monitoring.api.rackspacecloud.com)"
23.229.43.141 - - [12/Mar/2017:14:00:06 +0000] "GET /textile-lexicon/knitting-machine/ HTTP/1.1" 200 9837 "http://hackyourclothes.com/" "Mozilla/5.0 (Windows NT 6.2; WOW64) AppleWebKit/537.36 (KHTML, like Gecko) Chrome/39.0.2171.95 Safari/537.36"
23.229.43.141 - - [12/Mar/2017:14:00:06 +0000] "GET /2013/06/a-brief-history-of-textiles-and-labor-do-you-know-what-really-made-the-luddites-so-angry/ HTTP/1.1" 200 17845 "http://hackyourclothes.com/" "Mozilla/5.0 (Windows NT 6.2; WOW64) AppleWebKit/537.36 (KHTML, like Gecko) Chrome/39.0.2171.95 Safari/537.36"
50.57.61.5 - - [12/Mar/2017:14:00:36 +0000] "GET / HTTP/1.1" 200 24037 "-" "Rackspace Monitoring/1.1 (https://monitoring.api.rackspacecloud.com)"
50.56.142.171 - - [12/Mar/2017:14:00:43 +0000] "GET / HTTP/1.1" 200 24037 "-" "Rackspace Monitoring/1.1 (https://monitoring.api.rackspacecloud.com)"
78.136.44.21 - - [12/Mar/2017:14:01:00 +0000] "GET / HTTP/1.1" 200 24037 "-" "Rackspace Monitoring/1.1 (https://monitoring.api.rackspacecloud.com)"
50.57.61.5 - - [12/Mar/2017:14:01:36 +0000] "GET / HTTP/1.1" 200 24037 "-" "Rackspace Monitoring/1.1 (https://monitoring.api.rackspacecloud.com)"
50.56.142.171 - - [12/Mar/2017:14:01:43 +0000] "GET / HTTP/1.1" 200 24037 "-" "Rackspace Monitoring/1.1 (https://monitoring.api.rackspacecloud.com)"
78.136.44.21 - - [12/Mar/2017:14:02:00 +0000] "GET / HTTP/1.1" 200 24037 "-" "Rackspace Monitoring/1.1 (https://monitoring.api.rackspacecloud.com)"
50.57.61.5 - - [12/Mar/2017:14:02:36 +0000] "GET / HTTP/1.1" 200 24037 "-" "Rackspace Monitoring/1.1 (https://monitoring.api.rackspacecloud.com)"
50.56.142.171 - - [12/Mar/2017:14:02:43 +0000] "GET / HTTP/1.1" 200 24037 "-" "Rackspace Monitoring/1.1 (https://monitoring.api.rackspacecloud.com)"
192.0.101.226 - - [12/Mar/2017:14:02:49 +0000] "HEAD / HTTP/1.1" 200 - "-" "jetmon/1.0 (Jetpack Site Uptime Monitor by WordPress.com)"
78.136.44.21 - - [12/Mar/2017:14:03:00 +0000] "GET / HTTP/1.1" 200 24037 "-" "Rackspace Monitoring/1.1 (https://monitoring.api.rackspacecloud.com)"
50.57.61.5 - - [12/Mar/2017:14:03:36 +0000] "GET / HTTP/1.1" 200 24037 "-" "Rackspace Monitoring/1.1 (https://monitoring.api.rackspacecloud.com)"
50.56.142.171 - - [12/Mar/2017:14:03:43 +0000] "GET / HTTP/1.1" 200 24037 "-" "Rackspace Monitoring/1.1 (https://monitoring.api.rackspacecloud.com)"
78.136.44.21 - - [12/Mar/2017:14:04:00 +0000] "GET / HTTP/1.1" 200 24037 "-" "Rackspace Monitoring/1.1 (https://monitoring.api.rackspacecloud.com)"
50.57.61.5 - - [12/Mar/2017:14:04:36 +0000] "GET / HTTP/1.1" 200 24037 "-" "Rackspace Monitoring/1.1 (https://monitoring.api.rackspacecloud.com)"
50.56.142.171 - - [12/Mar/2017:14:04:43 +0000] "GET / HTTP/1.1" 200 24037 "-" "Rackspace Monitoring/1.1 (https://monitoring.api.rackspacecloud.com)"
78.136.44.21 - - [12/Mar/2017:14:05:00 +0000] "GET / HTTP/1.1" 200 24037 "-" "Rackspace Monitoring/1.1 (https://monitoring.api.rackspacecloud.com)"
50.57.61.5 - - [12/Mar/2017:14:05:36 +0000] "GET / HTTP/1.1" 200 24037 "-" "Rackspace Monitoring/1.1 (https://monitoring.api.rackspacecloud.com)"
50.56.142.171 - - [12/Mar/2017:14:05:43 +0000] "GET / HTTP/1.1" 200 24037 "-" "Rackspace Monitoring/1.1 (https://monitoring.api.rackspacecloud.com)"
78.136.44.21 - - [12/Mar/2017:14:06:00 +0000] "GET / HTTP/1.1" 200 24037 "-" "Rackspace Monitoring/1.1 (https://monitoring.api.rackspacecloud.com)"
50.57.61.5 - - [12/Mar/2017:14:06:36 +0000] "GET / HTTP/1.1" 200 24037 "-" "Rackspace Monitoring/1.1 (https://monitoring.api.rackspacecloud.com)"
50.56.142.171 - - [12/Mar/2017:14:06:43 +0000] "GET / HTTP/1.1" 200 24037 "-" "Rackspace Monitoring/1.1 (https://monitoring.api.rackspacecloud.com)"
78.136.44.21 - - [12/Mar/2017:14:07:00 +0000] "GET / HTTP/1.1" 200 24037 "-" "Rackspace Monitoring/1.1 (https://monitoring.api.rackspacecloud.com)"
50.57.61.5 - - [12/Mar/2017:14:07:36 +0000] "GET / HTTP/1.1" 200 24037 "-" "Rackspace Monitoring/1.1 (https://monitoring.api.rackspacecloud.com)"
50.56.142.171 - - [12/Mar/2017:14:07:43 +0000] "GET / HTTP/1.1" 200 24037 "-" "Rackspace Monitoring/1.1 (https://monitoring.api.rackspacecloud.com)"
192.0.101.226 - - [12/Mar/2017:14:07:44 +0000] "HEAD / HTTP/1.1" 200 - "-" "jetmon/1.0 (Jetpack Site Uptime Monitor by WordPress.com)"
78.136.44.21 - - [12/Mar/2017:14:08:00 +0000] "GET / HTTP/1.1" 200 24037 "-" "Rackspace Monitoring/1.1 (https://monitoring.api.rackspacecloud.com)"
104.130.3.225 - - [12/Mar/2017:14:08:07 +0000] "POST /wp-cron.php?doing_wp_cron=1489327687.2643859386444091796875 HTTP/1.0" 200 - "-" "WordPress/4.5.4; http://hackyourclothes.com"
188.138.105.5 - - [12/Mar/2017:14:08:06 +0000] "GET /wp-content/plugins/downloads-manager/page-download-template.tpl HTTP/1.1" 404 7472 "-" "Mozilla/5.0 (WordPress.com; http://support.wordpress.com/contact)"
50.57.61.5 - - [12/Mar/2017:14:08:36 +0000] "GET / HTTP/1.1" 200 24037 "-" "Rackspace Monitoring/1.1 (https://monitoring.api.rackspacecloud.com)"
50.56.142.171 - - [12/Mar/2017:14:08:43 +0000] "GET / HTTP/1.1" 200 24037 "-" "Rackspace Monitoring/1.1 (https://monitoring.api.rackspacecloud.com)"
78.136.44.21 - - [12/Mar/2017:14:09:00 +0000] "GET / HTTP/1.1" 200 24037 "-" "Rackspace Monitoring/1.1 (https://monitoring.api.rackspacecloud.com)"
50.57.61.5 - - [12/Mar/2017:14:09:36 +0000] "GET / HTTP/1.1" 200 24037 "-" "Rackspace Monitoring/1.1 (https://monitoring.api.rackspacecloud.com)"
50.56.142.171 - - [12/Mar/2017:14:09:43 +0000] "GET / HTTP/1.1" 200 24037 "-" "Rackspace Monitoring/1.1 (https://monitoring.api.rackspacecloud.com)"
78.136.44.21 - - [12/Mar/2017:14:10:00 +0000] "GET / HTTP/1.1" 200 24037 "-" "Rackspace Monitoring/1.1 (https://monitoring.api.rackspacecloud.com)"
50.57.61.5 - - [12/Mar/2017:14:10:36 +0000] "GET / HTTP/1.1" 200 24037 "-" "Rackspace Monitoring/1.1 (https://monitoring.api.rackspacecloud.com)"
50.56.142.171 - - [12/Mar/2017:14:10:43 +0000] "GET / HTTP/1.1" 200 24037 "-" "Rackspace Monitoring/1.1 (https://monitoring.api.rackspacecloud.com)"
78.136.44.21 - - [12/Mar/2017:14:11:00 +0000] "GET / HTTP/1.1" 200 24037 "-" "Rackspace Monitoring/1.1 (https://monitoring.api.rackspacecloud.com)"
50.57.61.5 - - [12/Mar/2017:14:11:36 +0000] "GET / HTTP/1.1" 200 24037 "-" "Rackspace Monitoring/1.1 (https://monitoring.api.rackspacecloud.com)"
50.56.142.171 - - [12/Mar/2017:14:11:43 +0000] "GET / HTTP/1.1" 200 24037 "-" "Rackspace Monitoring/1.1 (https://monitoring.api.rackspacecloud.com)"
78.136.44.21 - - [12/Mar/2017:14:12:00 +0000] "GET / HTTP/1.1" 200 24037 "-" "Rackspace Monitoring/1.1 (https://monitoring.api.rackspacecloud.com)"
50.57.61.5 - - [12/Mar/2017:14:12:36 +0000] "GET / HTTP/1.1" 200 24037 "-" "Rackspace Monitoring/1.1 (https://monitoring.api.rackspacecloud.com)"
50.56.142.171 - - [12/Mar/2017:14:12:43 +0000] "GET / HTTP/1.1" 200 24037 "-" "Rackspace Monitoring/1.1 (https://monitoring.api.rackspacecloud.com)"
192.0.101.226 - - [12/Mar/2017:14:12:54 +0000] "HEAD / HTTP/1.1" 200 - "-" "jetmon/1.0 (Jetpack Site Uptime Monitor by WordPress.com)"
78.136.44.21 - - [12/Mar/2017:14:13:00 +0000] "GET / HTTP/1.1" 200 24037 "-" "Rackspace Monitoring/1.1 (https://monitoring.api.rackspacecloud.com)"
50.57.61.5 - - [12/Mar/2017:14:13:36 +0000] "GET / HTTP/1.1" 200 24037 "-" "Rackspace Monitoring/1.1 (https://monitoring.api.rackspacecloud.com)"
50.56.142.171 - - [12/Mar/2017:14:13:43 +0000] "GET / HTTP/1.1" 200 24037 "-" "Rackspace Monitoring/1.1 (https://monitoring.api.rackspacecloud.com)"
78.136.44.21 - - [12/Mar/2017:14:14:00 +0000] "GET / HTTP/1.1" 200 24037 "-" "Rackspace Monitoring/1.1 (https://monitoring.api.rackspacecloud.com)"
54.86.137.210 - - [12/Mar/2017:14:14:33 +0000] "HEAD /2014/01/cleaning-and-restoring-charlotte-the-free/ HTTP/1.1" 200 - "-" "Mozilla/5.0 (Windows NT 6.1; rv:12.0) Gecko/20120403211507         Firefox/12.0"
50.57.61.5 - - [12/Mar/2017:14:14:36 +0000] "GET / HTTP/1.1" 200 24037 "-" "Rackspace Monitoring/1.1 (https://monitoring.api.rackspacecloud.com)"
50.56.142.171 - - [12/Mar/2017:14:14:43 +0000] "GET / HTTP/1.1" 200 24037 "-" "Rackspace Monitoring/1.1 (https://monitoring.api.rackspacecloud.com)"
104.130.3.225 - - [12/Mar/2017:14:14:46 +0000] "POST /wp-cron.php?doing_wp_cron=1489328086.2915079593658447265625 HTTP/1.0" 200 - "-" "WordPress/4.5.4; http://hackyourclothes.com"
54.236.1.11 - - [12/Mar/2017:14:14:47 +0000] "GET /2014/01/cleaning-and-restoring-charlotte-the-free/ HTTP/1.1" 200 19970 "-" "Pinterest/0.2 (+http://www.pinterest.com/bot.html)"
73.73.189.249 - - [12/Mar/2017:14:14:46 +0000] "GET /2014/01/cleaning-and-restoring-charlotte-the-free/ HTTP/1.1" 200 15866 "http://pinterest.com/pin/574490496188355500/?source_app=android" "Mozilla/5.0 (Linux; Android 6.0.1; SM-G925V Build/MMB29K; wv) AppleWebKit/537.36 (KHTML, like Gecko) Version/4.0 Chrome/51.0.2704.81 Mobile Safari/537.36 [Pinterest/Android]"
73.73.189.249 - - [12/Mar/2017:14:14:47 +0000] "GET /wp-content/plugins/wptouch/themes/foundation/modules/wptouch-icons/css/wptouch-icons.css?ver=07078a97d66756f213dbca3e379bf084 HTTP/1.1" 200 1958 "http://hackyourclothes.com/2014/01/cleaning-and-restoring-charlotte-the-free/" "Mozilla/5.0 (Linux; Android 6.0.1; SM-G925V Build/MMB29K; wv) AppleWebKit/537.36 (KHTML, like Gecko) Version/4.0 Chrome/51.0.2704.81 Mobile Safari/537.36 [Pinterest/Android]"
73.73.189.249 - - [12/Mar/2017:14:14:47 +0000] "GET /wp-content/plugins/wptouch/themes/foundation/modules/pushit/pushit.css?ver=4.5.4 HTTP/1.1" 200 296 "http://hackyourclothes.com/2014/01/cleaning-and-restoring-charlotte-the-free/" "Mozilla/5.0 (Linux; Android 6.0.1; SM-G925V Build/MMB29K; wv) AppleWebKit/537.36 (KHTML, like Gecko) Version/4.0 Chrome/51.0.2704.81 Mobile Safari/537.36 [Pinterest/Android]"
73.73.189.249 - - [12/Mar/2017:14:14:47 +0000] "GET /wp-content/plugins/formget-contact-form/css/mg_popup.css?ver=4.5.4 HTTP/1.1" 200 2303 "http://hackyourclothes.com/2014/01/cleaning-and-restoring-charlotte-the-free/" "Mozilla/5.0 (Linux; Android 6.0.1; SM-G925V Build/MMB29K; wv) AppleWebKit/537.36 (KHTML, like Gecko) Version/4.0 Chrome/51.0.2704.81 Mobile Safari/537.36 [Pinterest/Android]"
73.73.189.249 - - [12/Mar/2017:14:14:47 +0000] "GET /wp-content/plugins/wptouch/themes/foundation/default/style.css?ver=737ea9953b21c4ffabc349e9b20f3b4b HTTP/1.1" 200 7031 "http://hackyourclothes.com/2014/01/cleaning-and-restoring-charlotte-the-free/" "Mozilla/5.0 (Linux; Android 6.0.1; SM-G925V Build/MMB29K; wv) AppleWebKit/537.36 (KHTML, like Gecko) Version/4.0 Chrome/51.0.2704.81 Mobile Safari/537.36 [Pinterest/Android]"
73.73.189.249 - - [12/Mar/2017:14:14:47 +0000] "GET /wp-content/plugins/wptouch/themes/bauhaus/default/style.css?ver=737ea9953b21c4ffabc349e9b20f3b4b HTTP/1.1" 200 4314 "http://hackyourclothes.com/2014/01/cleaning-and-restoring-charlotte-the-free/" "Mozilla/5.0 (Linux; Android 6.0.1; SM-G925V Build/MMB29K; wv) AppleWebKit/537.36 (KHTML, like Gecko) Version/4.0 Chrome/51.0.2704.81 Mobile Safari/537.36 [Pinterest/Android]"
73.73.189.249 - - [12/Mar/2017:14:14:47 +0000] "GET /wp-content/plugins/jetpack/_inc/genericons/genericons/genericons.css?ver=3.1 HTTP/1.1" 200 16441 "http://hackyourclothes.com/2014/01/cleaning-and-restoring-charlotte-the-free/" "Mozilla/5.0 (Linux; Android 6.0.1; SM-G925V Build/MMB29K; wv) AppleWebKit/537.36 (KHTML, like Gecko) Version/4.0 Chrome/51.0.2704.81 Mobile Safari/537.36 [Pinterest/Android]"
73.73.189.249 - - [12/Mar/2017:14:14:47 +0000] "GET /wp-content/plugins/jetpack/css/jetpack.css?ver=3.9.7 HTTP/1.1" 200 10030 "http://hackyourclothes.com/2014/01/cleaning-and-restoring-charlotte-the-free/" "Mozilla/5.0 (Linux; Android 6.0.1; SM-G925V Build/MMB29K; wv) AppleWebKit/537.36 (KHTML, like Gecko) Version/4.0 Chrome/51.0.2704.81 Mobile Safari/537.36 [Pinterest/Android]"
73.73.189.249 - - [12/Mar/2017:14:14:47 +0000] "GET /wp-content/plugins/TooltipPro/tooltip.css?ver=4.5.4 HTTP/1.1" 200 279 "http://hackyourclothes.com/2014/01/cleaning-and-restoring-charlotte-the-free/" "Mozilla/5.0 (Linux; Android 6.0.1; SM-G925V Build/MMB29K; wv) AppleWebKit/537.36 (KHTML, like Gecko) Version/4.0 Chrome/51.0.2704.81 Mobile Safari/537.36 [Pinterest/Android]"
73.73.189.249 - - [12/Mar/2017:14:14:47 +0000] "GET /wp-includes/js/jquery/jquery.js?ver=1.12.4 HTTP/1.1" 200 33766 "http://hackyourclothes.com/2014/01/cleaning-and-restoring-charlotte-the-free/" "Mozilla/5.0 (Linux; Android 6.0.1; SM-G925V Build/MMB29K; wv) AppleWebKit/537.36 (KHTML, like Gecko) Version/4.0 Chrome/51.0.2704.81 Mobile Safari/537.36 [Pinterest/Android]"
73.73.189.249 - - [12/Mar/2017:14:14:47 +0000] "GET /wp-includes/js/jquery/jquery-migrate.min.js?ver=1.4.1 HTTP/1.1" 200 4014 "http://hackyourclothes.com/2014/01/cleaning-and-restoring-charlotte-the-free/" "Mozilla/5.0 (Linux; Android 6.0.1; SM-G925V Build/MMB29K; wv) AppleWebKit/537.36 (KHTML, like Gecko) Version/4.0 Chrome/51.0.2704.81 Mobile Safari/537.36 [Pinterest/Android]"
73.73.189.249 - - [12/Mar/2017:14:14:48 +0000] "GET /wp-content/plugins/bsk-pdf-manager/js/bsk_pdf_manager.js?ver=1.5.2 HTTP/1.1" 200 196 "http://hackyourclothes.com/2014/01/cleaning-and-restoring-charlotte-the-free/" "Mozilla/5.0 (Linux; Android 6.0.1; SM-G925V Build/MMB29K; wv) AppleWebKit/537.36 (KHTML, like Gecko) Version/4.0 Chrome/51.0.2704.81 Mobile Safari/537.36 [Pinterest/Android]"
73.73.189.249 - - [12/Mar/2017:14:14:48 +0000] "GET /wp-content/plugins/formget-contact-form/js/mg_front.js?ver=4.5.4 HTTP/1.1" 200 899 "http://hackyourclothes.com/2014/01/cleaning-and-restoring-charlotte-the-free/" "Mozilla/5.0 (Linux; Android 6.0.1; SM-G925V Build/MMB29K; wv) AppleWebKit/537.36 (KHTML, like Gecko) Version/4.0 Chrome/51.0.2704.81 Mobile Safari/537.36 [Pinterest/Android]"
73.73.189.249 - - [12/Mar/2017:14:14:48 +0000] "GET /wp-content/plugins/akismet/_inc/form.js?ver=3.1.10 HTTP/1.1" 200 318 "http://hackyourclothes.com/2014/01/cleaning-and-restoring-charlotte-the-free/" "Mozilla/5.0 (Linux; Android 6.0.1; SM-G925V Build/MMB29K; wv) AppleWebKit/537.36 (KHTML, like Gecko) Version/4.0 Chrome/51.0.2704.81 Mobile Safari/537.36 [Pinterest/Android]"
73.73.189.249 - - [12/Mar/2017:14:14:48 +0000] "GET /wp-content/wptouch-data/cache/wptouch-0c105c47a9044199e6a9e04eacd03b9ec9c73cc9.js HTTP/1.1" 200 19016 "http://hackyourclothes.com/2014/01/cleaning-and-restoring-charlotte-the-free/" "Mozilla/5.0 (Linux; Android 6.0.1; SM-G925V Build/MMB29K; wv) AppleWebKit/537.36 (KHTML, like Gecko) Version/4.0 Chrome/51.0.2704.81 Mobile Safari/537.36 [Pinterest/Android]"
73.73.189.249 - - [12/Mar/2017:14:14:48 +0000] "GET /wp-content/plugins/TooltipPro/tooltip.js?ver=4.5.4 HTTP/1.1" 200 5757 "http://hackyourclothes.com/2014/01/cleaning-and-restoring-charlotte-the-free/" "Mozilla/5.0 (Linux; Android 6.0.1; SM-G925V Build/MMB29K; wv) AppleWebKit/537.36 (KHTML, like Gecko) Version/4.0 Chrome/51.0.2704.81 Mobile Safari/537.36 [Pinterest/Android]"
73.73.189.249 - - [12/Mar/2017:14:14:48 +0000] "GET /wp-includes/js/wp-embed.min.js?ver=4.5.4 HTTP/1.1" 200 750 "http://hackyourclothes.com/2014/01/cleaning-and-restoring-charlotte-the-free/" "Mozilla/5.0 (Linux; Android 6.0.1; SM-G925V Build/MMB29K; wv) AppleWebKit/537.36 (KHTML, like Gecko) Version/4.0 Chrome/51.0.2704.81 Mobile Safari/537.36 [Pinterest/Android]"
73.73.189.249 - - [12/Mar/2017:14:14:48 +0000] "GET /wp-content/plugins/jetpack/_inc/postmessage.js?ver=3.9.7 HTTP/1.1" 200 4997 "http://hackyourclothes.com/2014/01/cleaning-and-restoring-charlotte-the-free/" "Mozilla/5.0 (Linux; Android 6.0.1; SM-G925V Build/MMB29K; wv) AppleWebKit/537.36 (KHTML, like Gecko) Version/4.0 Chrome/51.0.2704.81 Mobile Safari/537.36 [Pinterest/Android]"
73.73.189.249 - - [12/Mar/2017:14:14:48 +0000] "GET /wp-content/plugins/jetpack/_inc/jquery.jetpack-resize.js?ver=3.9.7 HTTP/1.1" 200 2234 "http://hackyourclothes.com/2014/01/cleaning-and-restoring-charlotte-the-free/" "Mozilla/5.0 (Linux; Android 6.0.1; SM-G925V Build/MMB29K; wv) AppleWebKit/537.36 (KHTML, like Gecko) Version/4.0 Chrome/51.0.2704.81 Mobile Safari/537.36 [Pinterest/Android]"
73.73.189.249 - - [12/Mar/2017:14:14:48 +0000] "GET /wp-content/plugins/jetpack/_inc/jquery.inview.js?ver=3.9.7 HTTP/1.1" 200 1983 "http://hackyourclothes.com/2014/01/cleaning-and-restoring-charlotte-the-free/" "Mozilla/5.0 (Linux; Android 6.0.1; SM-G925V Build/MMB29K; wv) AppleWebKit/537.36 (KHTML, like Gecko) Version/4.0 Chrome/51.0.2704.81 Mobile Safari/537.36 [Pinterest/Android]"
73.73.189.249 - - [12/Mar/2017:14:14:48 +0000] "GET /wp-content/plugins/jetpack/modules/likes/queuehandler.js?ver=3.9.7 HTTP/1.1" 200 2323 "http://hackyourclothes.com/2014/01/cleaning-and-restoring-charlotte-the-free/" "Mozilla/5.0 (Linux; Android 6.0.1; SM-G925V Build/MMB29K; wv) AppleWebKit/537.36 (KHTML, like Gecko) Version/4.0 Chrome/51.0.2704.81 Mobile Safari/537.36 [Pinterest/Android]"
73.73.189.249 - - [12/Mar/2017:14:14:48 +0000] "GET /wp-content/plugins/jetpack/modules/sharedaddy/sharing.js?ver=3.9.7 HTTP/1.1" 200 4046 "http://hackyourclothes.com/2014/01/cleaning-and-restoring-charlotte-the-free/" "Mozilla/5.0 (Linux; Android 6.0.1; SM-G925V Build/MMB29K; wv) AppleWebKit/537.36 (KHTML, like Gecko) Version/4.0 Chrome/51.0.2704.81 Mobile Safari/537.36 [Pinterest/Android]"
73.73.189.249 - - [12/Mar/2017:14:14:48 +0000] "GET /wp-content/uploads/2014/01/71AduP4L79L._SL1500_.jpg HTTP/1.1" 200 46816 "http://hackyourclothes.com/2014/01/cleaning-and-restoring-charlotte-the-free/" "Mozilla/5.0 (Linux; Android 6.0.1; SM-G925V Build/MMB29K; wv) AppleWebKit/537.36 (KHTML, like Gecko) Version/4.0 Chrome/51.0.2704.81 Mobile Safari/537.36 [Pinterest/Android]"
73.73.189.249 - - [12/Mar/2017:14:14:48 +0000] "GET /wp-content/uploads/2014/09/11969141414_0d35f0b522.jpg HTTP/1.1" 200 102359 "http://hackyourclothes.com/2014/01/cleaning-and-restoring-charlotte-the-free/" "Mozilla/5.0 (Linux; Android 6.0.1; SM-G925V Build/MMB29K; wv) AppleWebKit/537.36 (KHTML, like Gecko) Version/4.0 Chrome/51.0.2704.81 Mobile Safari/537.36 [Pinterest/Android]"
73.73.189.249 - - [12/Mar/2017:14:14:48 +0000] "GET /wp-content/plugins/wptouch/themes/foundation/modules/wptouch-icons/font/wptouch-icons.woff?64777116 HTTP/1.1" 200 11400 "http://hackyourclothes.com/wp-content/plugins/wptouch/themes/foundation/modules/wptouch-icons/css/wptouch-icons.css?ver=07078a97d66756f213dbca3e379bf084" "Mozilla/5.0 (Linux; Android 6.0.1; SM-G925V Build/MMB29K; wv) AppleWebKit/537.36 (KHTML, like Gecko) Version/4.0 Chrome/51.0.2704.81 Mobile Safari/537.36 [Pinterest/Android]"
73.73.189.249 - - [12/Mar/2017:14:14:50 +0000] "GET /wp-content/uploads/2014/01/nor-soft-touch-sponges__26190.1347663082.1280.1280.jpg HTTP/1.1" 200 22895 "http://hackyourclothes.com/2014/01/cleaning-and-restoring-charlotte-the-free/" "Mozilla/5.0 (Linux; Android 6.0.1; SM-G925V Build/MMB29K; wv) AppleWebKit/537.36 (KHTML, like Gecko) Version/4.0 Chrome/51.0.2704.81 Mobile Safari/537.36 [Pinterest/Android]"
73.73.189.249 - - [12/Mar/2017:14:14:55 +0000] "GET /wp-content/plugins/jetpack/modules/sharedaddy/images/loading.gif HTTP/1.1" 200 2530 "http://hackyourclothes.com/2014/01/cleaning-and-restoring-charlotte-the-free/" "Mozilla/5.0 (Linux; Android 6.0.1; SM-G925V Build/MMB29K; wv) AppleWebKit/537.36 (KHTML, like Gecko) Version/4.0 Chrome/51.0.2704.81 Mobile Safari/537.36 [Pinterest/Android]"
73.73.189.249 - - [12/Mar/2017:14:14:57 +0000] "GET /favicon.ico HTTP/1.1" 200 43 "http://hackyourclothes.com/2014/01/cleaning-and-restoring-charlotte-the-free/" "Mozilla/5.0 (Linux; Android 6.0.1; SM-G925V Build/MMB29K; wv) AppleWebKit/537.36 (KHTML, like Gecko) Version/4.0 Chrome/51.0.2704.81 Mobile Safari/537.36 [Pinterest/Android]"
78.136.44.21 - - [12/Mar/2017:14:15:00 +0000] "GET / HTTP/1.1" 200 24037 "-" "Rackspace Monitoring/1.1 (https://monitoring.api.rackspacecloud.com)"
50.57.61.5 - - [12/Mar/2017:14:15:36 +0000] "GET / HTTP/1.1" 200 24037 "-" "Rackspace Monitoring/1.1 (https://monitoring.api.rackspacecloud.com)"
50.56.142.171 - - [12/Mar/2017:14:15:43 +0000] "GET / HTTP/1.1" 200 24037 "-" "Rackspace Monitoring/1.1 (https://monitoring.api.rackspacecloud.com)"
78.136.44.21 - - [12/Mar/2017:14:16:00 +0000] "GET / HTTP/1.1" 200 24037 "-" "Rackspace Monitoring/1.1 (https://monitoring.api.rackspacecloud.com)"
50.57.61.5 - - [12/Mar/2017:14:16:36 +0000] "GET / HTTP/1.1" 200 24037 "-" "Rackspace Monitoring/1.1 (https://monitoring.api.rackspacecloud.com)"
50.56.142.171 - - [12/Mar/2017:14:16:43 +0000] "GET / HTTP/1.1" 200 24037 "-" "Rackspace Monitoring/1.1 (https://monitoring.api.rackspacecloud.com)"
78.136.44.21 - - [12/Mar/2017:14:17:00 +0000] "GET / HTTP/1.1" 200 24037 "-" "Rackspace Monitoring/1.1 (https://monitoring.api.rackspacecloud.com)"
50.57.61.5 - - [12/Mar/2017:14:17:36 +0000] "GET / HTTP/1.1" 200 24037 "-" "Rackspace Monitoring/1.1 (https://monitoring.api.rackspacecloud.com)"
50.56.142.171 - - [12/Mar/2017:14:17:43 +0000] "GET / HTTP/1.1" 200 24037 "-" "Rackspace Monitoring/1.1 (https://monitoring.api.rackspacecloud.com)"
192.0.101.226 - - [12/Mar/2017:14:17:48 +0000] "HEAD / HTTP/1.1" 200 - "-" "jetmon/1.0 (Jetpack Site Uptime Monitor by WordPress.com)"
78.136.44.21 - - [12/Mar/2017:14:18:00 +0000] "GET / HTTP/1.1" 200 24037 "-" "Rackspace Monitoring/1.1 (https://monitoring.api.rackspacecloud.com)"
50.57.61.5 - - [12/Mar/2017:14:18:36 +0000] "GET / HTTP/1.1" 200 24037 "-" "Rackspace Monitoring/1.1 (https://monitoring.api.rackspacecloud.com)"
50.56.142.171 - - [12/Mar/2017:14:18:43 +0000] "GET / HTTP/1.1" 200 24037 "-" "Rackspace Monitoring/1.1 (https://monitoring.api.rackspacecloud.com)"
100.43.85.10 - - [12/Mar/2017:14:18:55 +0000] "GET /2014/01/cleaning-and-restoring-charlotte-the-free/ HTTP/1.1" 200 19970 "-" "Mozilla/5.0 (compatible; YandexBot/3.0; +http://yandex.com/bots)"
78.136.44.21 - - [12/Mar/2017:14:19:00 +0000] "GET / HTTP/1.1" 200 24037 "-" "Rackspace Monitoring/1.1 (https://monitoring.api.rackspacecloud.com)"
50.57.61.5 - - [12/Mar/2017:14:19:36 +0000] "GET / HTTP/1.1" 200 24037 "-" "Rackspace Monitoring/1.1 (https://monitoring.api.rackspacecloud.com)"
50.56.142.171 - - [12/Mar/2017:14:19:43 +0000] "GET / HTTP/1.1" 200 24037 "-" "Rackspace Monitoring/1.1 (https://monitoring.api.rackspacecloud.com)"
78.136.44.21 - - [12/Mar/2017:14:20:00 +0000] "GET / HTTP/1.1" 200 24037 "-" "Rackspace Monitoring/1.1 (https://monitoring.api.rackspacecloud.com)"
50.57.61.5 - - [12/Mar/2017:14:20:36 +0000] "GET / HTTP/1.1" 200 24037 "-" "Rackspace Monitoring/1.1 (https://monitoring.api.rackspacecloud.com)"
50.56.142.171 - - [12/Mar/2017:14:20:43 +0000] "GET / HTTP/1.1" 200 24037 "-" "Rackspace Monitoring/1.1 (https://monitoring.api.rackspacecloud.com)"
78.136.44.21 - - [12/Mar/2017:14:21:00 +0000] "GET / HTTP/1.1" 200 24037 "-" "Rackspace Monitoring/1.1 (https://monitoring.api.rackspacecloud.com)"
50.57.61.5 - - [12/Mar/2017:14:21:36 +0000] "GET / HTTP/1.1" 200 24037 "-" "Rackspace Monitoring/1.1 (https://monitoring.api.rackspacecloud.com)"
50.56.142.171 - - [12/Mar/2017:14:21:43 +0000] "GET / HTTP/1.1" 200 24037 "-" "Rackspace Monitoring/1.1 (https://monitoring.api.rackspacecloud.com)"
78.136.44.21 - - [12/Mar/2017:14:22:00 +0000] "GET / HTTP/1.1" 200 24037 "-" "Rackspace Monitoring/1.1 (https://monitoring.api.rackspacecloud.com)"
50.57.61.5 - - [12/Mar/2017:14:22:36 +0000] "GET / HTTP/1.1" 200 24037 "-" "Rackspace Monitoring/1.1 (https://monitoring.api.rackspacecloud.com)"
192.0.101.226 - - [12/Mar/2017:14:22:46 +0000] "HEAD / HTTP/1.1" 200 - "-" "jetmon/1.0 (Jetpack Site Uptime Monitor by WordPress.com)"
78.136.44.21 - - [12/Mar/2017:14:23:00 +0000] "GET / HTTP/1.1" 200 24037 "-" "Rackspace Monitoring/1.1 (https://monitoring.api.rackspacecloud.com)"
110.85.106.120 - - [12/Mar/2017:14:23:20 +0000] "GET /blog/faq/ HTTP/1.1" 301 328 "-" "Mozilla/4.0 (compatible; MSIE 6.0; Windows NT 5.1; SV1; TencentTraveler ; Mozilla/4.0 (compatible; MSIE 6.0; Windows NT 5.1; SV1) ; .NET CLR 2.0.50727)"
110.85.106.120 - - [12/Mar/2017:14:23:22 +0000] "GET /faq/ HTTP/1.1" 200 52280 "-" "Mozilla/4.0 (compatible; MSIE 6.0; Windows NT 5.1; SV1; TencentTraveler ; Mozilla/4.0 (compatible; MSIE 6.0; Windows NT 5.1; SV1) ; .NET CLR 2.0.50727)"
50.57.61.5 - - [12/Mar/2017:14:23:36 +0000] "GET / HTTP/1.1" 200 24037 "-" "Rackspace Monitoring/1.1 (https://monitoring.api.rackspacecloud.com)"
50.56.142.171 - - [12/Mar/2017:14:23:37 +0000] "GET / HTTP/1.1" 200 24037 "-" "Rackspace Monitoring/1.1 (https://monitoring.api.rackspacecloud.com)"
78.136.44.21 - - [12/Mar/2017:14:24:00 +0000] "GET / HTTP/1.1" 200 24037 "-" "Rackspace Monitoring/1.1 (https://monitoring.api.rackspacecloud.com)"
50.57.61.5 - - [12/Mar/2017:14:24:36 +0000] "GET / HTTP/1.1" 200 24037 "-" "Rackspace Monitoring/1.1 (https://monitoring.api.rackspacecloud.com)"
50.56.142.171 - - [12/Mar/2017:14:24:37 +0000] "GET / HTTP/1.1" 200 24037 "-" "Rackspace Monitoring/1.1 (https://monitoring.api.rackspacecloud.com)"
78.136.44.21 - - [12/Mar/2017:14:25:00 +0000] "GET / HTTP/1.1" 200 24037 "-" "Rackspace Monitoring/1.1 (https://monitoring.api.rackspacecloud.com)"
50.57.61.5 - - [12/Mar/2017:14:25:36 +0000] "GET / HTTP/1.1" 200 24037 "-" "Rackspace Monitoring/1.1 (https://monitoring.api.rackspacecloud.com)"
50.56.142.171 - - [12/Mar/2017:14:25:37 +0000] "GET / HTTP/1.1" 200 24037 "-" "Rackspace Monitoring/1.1 (https://monitoring.api.rackspacecloud.com)"
171.25.193.131 - - [12/Mar/2017:14:25:40 +0000] "GET / HTTP/1.1" 200 24037 "-" "Mozilla/5.0 (Windows NT 5.1; rv:7.0.1) Gecko/20100101 Firefox/7.0.1"
78.136.44.21 - - [12/Mar/2017:14:26:00 +0000] "GET / HTTP/1.1" 200 24037 "-" "Rackspace Monitoring/1.1 (https://monitoring.api.rackspacecloud.com)"
50.57.61.5 - - [12/Mar/2017:14:26:36 +0000] "GET / HTTP/1.1" 200 24037 "-" "Rackspace Monitoring/1.1 (https://monitoring.api.rackspacecloud.com)"
50.56.142.171 - - [12/Mar/2017:14:26:37 +0000] "GET / HTTP/1.1" 200 24037 "-" "Rackspace Monitoring/1.1 (https://monitoring.api.rackspacecloud.com)"
78.136.44.21 - - [12/Mar/2017:14:27:00 +0000] "GET / HTTP/1.1" 200 24037 "-" "Rackspace Monitoring/1.1 (https://monitoring.api.rackspacecloud.com)"
50.57.61.5 - - [12/Mar/2017:14:27:36 +0000] "GET / HTTP/1.1" 200 24037 "-" "Rackspace Monitoring/1.1 (https://monitoring.api.rackspacecloud.com)"
50.56.142.171 - - [12/Mar/2017:14:27:37 +0000] "GET / HTTP/1.1" 200 24037 "-" "Rackspace Monitoring/1.1 (https://monitoring.api.rackspacecloud.com)"
192.0.101.226 - - [12/Mar/2017:14:27:42 +0000] "HEAD / HTTP/1.1" 200 - "-" "jetmon/1.0 (Jetpack Site Uptime Monitor by WordPress.com)"
78.136.44.21 - - [12/Mar/2017:14:28:00 +0000] "GET / HTTP/1.1" 200 24037 "-" "Rackspace Monitoring/1.1 (https://monitoring.api.rackspacecloud.com)"
163.172.211.252 - - [12/Mar/2017:14:28:27 +0000] "GET / HTTP/1.1" 200 24037 "-" "Mozilla/5.0 (Windows NT 5.1; rv:7.0.1) Gecko/20100101 Firefox/7.0.1"
50.57.61.5 - - [12/Mar/2017:14:28:36 +0000] "GET / HTTP/1.1" 200 24037 "-" "Rackspace Monitoring/1.1 (https://monitoring.api.rackspacecloud.com)"
50.56.142.171 - - [12/Mar/2017:14:28:37 +0000] "GET / HTTP/1.1" 200 24037 "-" "Rackspace Monitoring/1.1 (https://monitoring.api.rackspacecloud.com)"
78.136.44.21 - - [12/Mar/2017:14:29:00 +0000] "GET / HTTP/1.1" 200 24037 "-" "Rackspace Monitoring/1.1 (https://monitoring.api.rackspacecloud.com)"
66.249.64.59 - - [12/Mar/2017:14:29:08 +0000] "GET /wp-content/cache/minify/000000/bY1LDoMwDEQvRDRwExbdo8gyJiXEVuIuenuC2kWlsnvz0cyEVesh7IG0eCQPlwa1hkMWU3vZMEJqtI0Lo_k7858RcpLNhwlPdou0Y0mFID2vqc-2e_zpX3df7u5DNXuyuSr8gyc.css HTTP/1.1" 200 39620 "http://hackyourclothes.com/2014/01/rocketeer-feed-dog-cover-repair/" "Mozilla/5.0 (compatible; Googlebot/2.1; +http://www.google.com/bot.html)"
50.57.61.5 - - [12/Mar/2017:14:29:36 +0000] "GET / HTTP/1.1" 200 24037 "-" "Rackspace Monitoring/1.1 (https://monitoring.api.rackspacecloud.com)"
50.56.142.171 - - [12/Mar/2017:14:29:37 +0000] "GET / HTTP/1.1" 200 24037 "-" "Rackspace Monitoring/1.1 (https://monitoring.api.rackspacecloud.com)"
78.136.44.21 - - [12/Mar/2017:14:30:00 +0000] "GET / HTTP/1.1" 200 24037 "-" "Rackspace Monitoring/1.1 (https://monitoring.api.rackspacecloud.com)"
50.57.61.5 - - [12/Mar/2017:14:30:36 +0000] "GET / HTTP/1.1" 200 24037 "-" "Rackspace Monitoring/1.1 (https://monitoring.api.rackspacecloud.com)"
50.56.142.171 - - [12/Mar/2017:14:30:37 +0000] "GET / HTTP/1.1" 200 24037 "-" "Rackspace Monitoring/1.1 (https://monitoring.api.rackspacecloud.com)"
78.136.44.21 - - [12/Mar/2017:14:31:00 +0000] "GET / HTTP/1.1" 200 24037 "-" "Rackspace Monitoring/1.1 (https://monitoring.api.rackspacecloud.com)"
50.57.61.5 - - [12/Mar/2017:14:31:36 +0000] "GET / HTTP/1.1" 200 24037 "-" "Rackspace Monitoring/1.1 (https://monitoring.api.rackspacecloud.com)"
50.56.142.171 - - [12/Mar/2017:14:31:37 +0000] "GET / HTTP/1.1" 200 24037 "-" "Rackspace Monitoring/1.1 (https://monitoring.api.rackspacecloud.com)"
78.136.44.21 - - [12/Mar/2017:14:32:00 +0000] "GET / HTTP/1.1" 200 24037 "-" "Rackspace Monitoring/1.1 (https://monitoring.api.rackspacecloud.com)"
50.57.61.5 - - [12/Mar/2017:14:32:36 +0000] "GET / HTTP/1.1" 200 24037 "-" "Rackspace Monitoring/1.1 (https://monitoring.api.rackspacecloud.com)"
50.56.142.171 - - [12/Mar/2017:14:32:37 +0000] "GET / HTTP/1.1" 200 24037 "-" "Rackspace Monitoring/1.1 (https://monitoring.api.rackspacecloud.com)"
192.0.101.226 - - [12/Mar/2017:14:32:54 +0000] "HEAD / HTTP/1.1" 200 - "-" "jetmon/1.0 (Jetpack Site Uptime Monitor by WordPress.com)"
78.136.44.21 - - [12/Mar/2017:14:33:00 +0000] "GET / HTTP/1.1" 200 24037 "-" "Rackspace Monitoring/1.1 (https://monitoring.api.rackspacecloud.com)"
104.130.3.225 - - [12/Mar/2017:14:33:07 +0000] "POST /wp-cron.php?doing_wp_cron=1489329187.7973549365997314453125 HTTP/1.0" 200 - "-" "WordPress/4.5.4; http://hackyourclothes.com"
199.58.86.211 - - [12/Mar/2017:14:33:07 +0000] "GET /robots.txt HTTP/1.1" 200 67 "-" "Mozilla/5.0 (compatible; MJ12bot/v1.4.8; http://mj12bot.com/)"
199.58.86.211 - - [12/Mar/2017:14:33:11 +0000] "GET / HTTP/1.1" 200 135188 "-" "Mozilla/5.0 (compatible; MJ12bot/v1.4.8; http://mj12bot.com/)"
50.57.61.5 - - [12/Mar/2017:14:33:36 +0000] "GET / HTTP/1.1" 200 24037 "-" "Rackspace Monitoring/1.1 (https://monitoring.api.rackspacecloud.com)"
50.56.142.171 - - [12/Mar/2017:14:33:37 +0000] "GET / HTTP/1.1" 200 24037 "-" "Rackspace Monitoring/1.1 (https://monitoring.api.rackspacecloud.com)"
78.136.44.21 - - [12/Mar/2017:14:34:00 +0000] "GET / HTTP/1.1" 200 24037 "-" "Rackspace Monitoring/1.1 (https://monitoring.api.rackspacecloud.com)"
50.57.61.5 - - [12/Mar/2017:14:34:36 +0000] "GET / HTTP/1.1" 200 24037 "-" "Rackspace Monitoring/1.1 (https://monitoring.api.rackspacecloud.com)"
50.56.142.171 - - [12/Mar/2017:14:34:37 +0000] "GET / HTTP/1.1" 200 24037 "-" "Rackspace Monitoring/1.1 (https://monitoring.api.rackspacecloud.com)"
60.254.72.66 - - [12/Mar/2017:14:34:48 +0000] "POST /xmlrpc.php HTTP/1.1" 200 403 "-" "Mozilla/5.0 (Windows NT 6.1; WOW64; rv:40.0) Gecko/20100101 Firefox/40.1"
60.254.72.66 - - [12/Mar/2017:14:34:49 +0000] "GET /wp-login.php HTTP/1.1" 200 2647 "-" "Mozilla/5.0 (Windows NT 6.1; WOW64; rv:40.0) Gecko/20100101 Firefox/40.1"
60.254.72.66 - - [12/Mar/2017:14:34:49 +0000] "POST /wp-login.php HTTP/1.1" 200 3596 "-" "Mozilla/5.0 (Windows NT 6.1; WOW64; rv:40.0) Gecko/20100101 Firefox/40.1"
78.136.44.21 - - [12/Mar/2017:14:35:00 +0000] "GET / HTTP/1.1" 200 24037 "-" "Rackspace Monitoring/1.1 (https://monitoring.api.rackspacecloud.com)"
50.57.61.5 - - [12/Mar/2017:14:35:36 +0000] "GET / HTTP/1.1" 200 24037 "-" "Rackspace Monitoring/1.1 (https://monitoring.api.rackspacecloud.com)"
50.56.142.171 - - [12/Mar/2017:14:35:37 +0000] "GET / HTTP/1.1" 200 24037 "-" "Rackspace Monitoring/1.1 (https://monitoring.api.rackspacecloud.com)"
78.136.44.21 - - [12/Mar/2017:14:36:00 +0000] "GET / HTTP/1.1" 200 24037 "-" "Rackspace Monitoring/1.1 (https://monitoring.api.rackspacecloud.com)"
50.57.61.5 - - [12/Mar/2017:14:36:36 +0000] "GET / HTTP/1.1" 200 24037 "-" "Rackspace Monitoring/1.1 (https://monitoring.api.rackspacecloud.com)"
50.56.142.171 - - [12/Mar/2017:14:36:37 +0000] "GET / HTTP/1.1" 200 24037 "-" "Rackspace Monitoring/1.1 (https://monitoring.api.rackspacecloud.com)"
78.136.44.21 - - [12/Mar/2017:14:37:00 +0000] "GET / HTTP/1.1" 200 24037 "-" "Rackspace Monitoring/1.1 (https://monitoring.api.rackspacecloud.com)"
50.57.61.5 - - [12/Mar/2017:14:37:36 +0000] "GET / HTTP/1.1" 200 24037 "-" "Rackspace Monitoring/1.1 (https://monitoring.api.rackspacecloud.com)"
50.56.142.171 - - [12/Mar/2017:14:37:37 +0000] "GET / HTTP/1.1" 200 24037 "-" "Rackspace Monitoring/1.1 (https://monitoring.api.rackspacecloud.com)"
192.0.101.226 - - [12/Mar/2017:14:37:50 +0000] "HEAD / HTTP/1.1" 200 - "-" "jetmon/1.0 (Jetpack Site Uptime Monitor by WordPress.com)"
78.136.44.21 - - [12/Mar/2017:14:38:00 +0000] "GET / HTTP/1.1" 200 24037 "-" "Rackspace Monitoring/1.1 (https://monitoring.api.rackspacecloud.com)"
50.57.61.5 - - [12/Mar/2017:14:38:36 +0000] "GET / HTTP/1.1" 200 24037 "-" "Rackspace Monitoring/1.1 (https://monitoring.api.rackspacecloud.com)"
50.56.142.171 - - [12/Mar/2017:14:38:37 +0000] "GET / HTTP/1.1" 200 24037 "-" "Rackspace Monitoring/1.1 (https://monitoring.api.rackspacecloud.com)"
78.136.44.21 - - [12/Mar/2017:14:39:00 +0000] "GET / HTTP/1.1" 200 24037 "-" "Rackspace Monitoring/1.1 (https://monitoring.api.rackspacecloud.com)"
37.115.187.228 - - [12/Mar/2017:14:39:17 +0000] "GET / HTTP/1.1" 200 135188 "http://98oi.ru/" "Mozilla/4.0 (compatible; MSIE 6.0; Windows NT 5.1; SV1; .NET CLR 1.1.4322; .NET CLR 2.0.50727)"
37.115.187.228 - - [12/Mar/2017:14:39:18 +0000] "GET / HTTP/1.1" 200 135188 "http://98oi.ru/" "Mozilla/4.0 (compatible; MSIE 6.0; Windows NT 5.1; SV1; .NET CLR 1.1.4322; .NET CLR 2.0.50727)"
50.57.61.5 - - [12/Mar/2017:14:39:36 +0000] "GET / HTTP/1.1" 200 24037 "-" "Rackspace Monitoring/1.1 (https://monitoring.api.rackspacecloud.com)"
50.56.142.171 - - [12/Mar/2017:14:39:37 +0000] "GET / HTTP/1.1" 200 24037 "-" "Rackspace Monitoring/1.1 (https://monitoring.api.rackspacecloud.com)"
78.136.44.21 - - [12/Mar/2017:14:40:00 +0000] "GET / HTTP/1.1" 200 24037 "-" "Rackspace Monitoring/1.1 (https://monitoring.api.rackspacecloud.com)"
50.57.61.5 - - [12/Mar/2017:14:40:36 +0000] "GET / HTTP/1.1" 200 24037 "-" "Rackspace Monitoring/1.1 (https://monitoring.api.rackspacecloud.com)"
50.56.142.171 - - [12/Mar/2017:14:40:37 +0000] "GET / HTTP/1.1" 200 24037 "-" "Rackspace Monitoring/1.1 (https://monitoring.api.rackspacecloud.com)"
78.136.44.21 - - [12/Mar/2017:14:41:00 +0000] "GET / HTTP/1.1" 200 24037 "-" "Rackspace Monitoring/1.1 (https://monitoring.api.rackspacecloud.com)"
50.57.61.5 - - [12/Mar/2017:14:41:36 +0000] "GET / HTTP/1.1" 200 24037 "-" "Rackspace Monitoring/1.1 (https://monitoring.api.rackspacecloud.com)"
50.56.142.171 - - [12/Mar/2017:14:41:37 +0000] "GET / HTTP/1.1" 200 24037 "-" "Rackspace Monitoring/1.1 (https://monitoring.api.rackspacecloud.com)"
78.136.44.21 - - [12/Mar/2017:14:42:00 +0000] "GET / HTTP/1.1" 200 24037 "-" "Rackspace Monitoring/1.1 (https://monitoring.api.rackspacecloud.com)"
50.57.61.5 - - [12/Mar/2017:14:42:36 +0000] "GET / HTTP/1.1" 200 24037 "-" "Rackspace Monitoring/1.1 (https://monitoring.api.rackspacecloud.com)"
50.56.142.171 - - [12/Mar/2017:14:42:37 +0000] "GET / HTTP/1.1" 200 24037 "-" "Rackspace Monitoring/1.1 (https://monitoring.api.rackspacecloud.com)"
80.93.62.213 - - [12/Mar/2017:14:42:50 +0000] "GET /wp-login.php HTTP/1.1" 200 2647 "http://hackyourclothes.com/wp-login.php" "Mozilla/5.0 (Windows NT 10.0; WOW64; rv:50.0) Gecko/20100101 Firefox/50.0"
104.130.3.225 - - [12/Mar/2017:14:42:50 +0000] "POST /wp-cron.php?doing_wp_cron=1489329770.7314820289611816406250 HTTP/1.0" 200 - "-" "WordPress/4.5.4; http://hackyourclothes.com"
192.0.101.226 - - [12/Mar/2017:14:42:54 +0000] "HEAD / HTTP/1.1" 200 - "-" "jetmon/1.0 (Jetpack Site Uptime Monitor by WordPress.com)"
78.136.44.21 - - [12/Mar/2017:14:43:00 +0000] "GET / HTTP/1.1" 200 24037 "-" "Rackspace Monitoring/1.1 (https://monitoring.api.rackspacecloud.com)"
50.57.61.5 - - [12/Mar/2017:14:43:36 +0000] "GET / HTTP/1.1" 200 24037 "-" "Rackspace Monitoring/1.1 (https://monitoring.api.rackspacecloud.com)"
50.56.142.171 - - [12/Mar/2017:14:43:37 +0000] "GET / HTTP/1.1" 200 24037 "-" "Rackspace Monitoring/1.1 (https://monitoring.api.rackspacecloud.com)"
80.93.62.213 - - [12/Mar/2017:14:43:42 +0000] "POST /wp-login.php HTTP/1.1" 200 3620 "http://hackyourclothes.com/wp-login.php" "Mozilla/5.0 (Windows NT 10.0; WOW64; rv:50.0) Gecko/20100101 Firefox/50.0"
78.136.44.21 - - [12/Mar/2017:14:44:00 +0000] "GET / HTTP/1.1" 200 24037 "-" "Rackspace Monitoring/1.1 (https://monitoring.api.rackspacecloud.com)"
50.57.61.5 - - [12/Mar/2017:14:44:36 +0000] "GET / HTTP/1.1" 200 24037 "-" "Rackspace Monitoring/1.1 (https://monitoring.api.rackspacecloud.com)"
50.56.142.171 - - [12/Mar/2017:14:44:37 +0000] "GET / HTTP/1.1" 200 24037 "-" "Rackspace Monitoring/1.1 (https://monitoring.api.rackspacecloud.com)"
78.136.44.21 - - [12/Mar/2017:14:45:00 +0000] "GET / HTTP/1.1" 200 24037 "-" "Rackspace Monitoring/1.1 (https://monitoring.api.rackspacecloud.com)"
50.57.61.5 - - [12/Mar/2017:14:45:36 +0000] "GET / HTTP/1.1" 200 24037 "-" "Rackspace Monitoring/1.1 (https://monitoring.api.rackspacecloud.com)"
50.56.142.171 - - [12/Mar/2017:14:45:37 +0000] "GET / HTTP/1.1" 200 24037 "-" "Rackspace Monitoring/1.1 (https://monitoring.api.rackspacecloud.com)"
78.136.44.21 - - [12/Mar/2017:14:46:00 +0000] "GET / HTTP/1.1" 200 24037 "-" "Rackspace Monitoring/1.1 (https://monitoring.api.rackspacecloud.com)"
50.57.61.5 - - [12/Mar/2017:14:46:36 +0000] "GET / HTTP/1.1" 200 24037 "-" "Rackspace Monitoring/1.1 (https://monitoring.api.rackspacecloud.com)"
50.56.142.171 - - [12/Mar/2017:14:46:37 +0000] "GET / HTTP/1.1" 200 24037 "-" "Rackspace Monitoring/1.1 (https://monitoring.api.rackspacecloud.com)"
78.136.44.21 - - [12/Mar/2017:14:47:00 +0000] "GET / HTTP/1.1" 200 24037 "-" "Rackspace Monitoring/1.1 (https://monitoring.api.rackspacecloud.com)"
50.57.61.5 - - [12/Mar/2017:14:47:36 +0000] "GET / HTTP/1.1" 200 24037 "-" "Rackspace Monitoring/1.1 (https://monitoring.api.rackspacecloud.com)"
50.56.142.171 - - [12/Mar/2017:14:47:37 +0000] "GET / HTTP/1.1" 200 24037 "-" "Rackspace Monitoring/1.1 (https://monitoring.api.rackspacecloud.com)"
192.0.101.226 - - [12/Mar/2017:14:47:46 +0000] "HEAD / HTTP/1.1" 200 - "-" "jetmon/1.0 (Jetpack Site Uptime Monitor by WordPress.com)"
78.136.44.21 - - [12/Mar/2017:14:48:00 +0000] "GET / HTTP/1.1" 200 24037 "-" "Rackspace Monitoring/1.1 (https://monitoring.api.rackspacecloud.com)"
