50.57.61.5 - - [12/Mar/2017:14:48:36 +0000] "GET / HTTP/1.1" 200 24037 "-" "Rackspace Monitoring/1.1 (https://monitoring.api.rackspacecloud.com)"
50.56.142.171 - - [12/Mar/2017:14:48:37 +0000] "GET / HTTP/1.1" 200 24037 "-" "Rackspace Monitoring/1.1 (https://monitoring.api.rackspacecloud.com)"
104.130.3.225 - - [12/Mar/2017:14:48:58 +0000] "POST /wp-cron.php?doing_wp_cron=1489330138.0110569000244140625000 HTTP/1.0" 200 - "-" "WordPress/4.5.4; http://hackyourclothes.com"
157.55.39.207 - - [12/Mar/2017:14:48:57 +0000] "GET /feed/ HTTP/1.1" 304 - "-" "Mozilla/5.0 (compatible; bingbot/2.0; +http://www.bing.com/bingbot.htm)"
78.136.44.21 - - [12/Mar/2017:14:49:00 +0000] "GET / HTTP/1.1" 200 24037 "-" "Rackspace Monitoring/1.1 (https://monitoring.api.rackspacecloud.com)"
50.57.61.5 - - [12/Mar/2017:14:49:36 +0000] "GET / HTTP/1.1" 200 24037 "-" "Rackspace Monitoring/1.1 (https://monitoring.api.rackspacecloud.com)"
50.56.142.171 - - [12/Mar/2017:14:49:37 +0000] "GET / HTTP/1.1" 200 24037 "-" "Rackspace Monitoring/1.1 (https://monitoring.api.rackspacecloud.com)"
78.136.44.21 - - [12/Mar/2017:14:50:00 +0000] "GET / HTTP/1.1" 200 24037 "-" "Rackspace Monitoring/1.1 (https://monitoring.api.rackspacecloud.com)"
50.57.61.5 - - [12/Mar/2017:14:50:36 +0000] "GET / HTTP/1.1" 200 24037 "-" "Rackspace Monitoring/1.1 (https://monitoring.api.rackspacecloud.com)"
50.56.142.171 - - [12/Mar/2017:14:50:37 +0000] "GET / HTTP/1.1" 200 24037 "-" "Rackspace Monitoring/1.1 (https://monitoring.api.rackspacecloud.com)"
78.136.44.21 - - [12/Mar/2017:14:51:00 +0000] "GET / HTTP/1.1" 200 24037 "-" "Rackspace Monitoring/1.1 (https://monitoring.api.rackspacecloud.com)"
50.57.61.5 - - [12/Mar/2017:14:51:36 +0000] "GET / HTTP/1.1" 200 24037 "-" "Rackspace Monitoring/1.1 (https://monitoring.api.rackspacecloud.com)"
50.56.142.171 - - [12/Mar/2017:14:51:37 +0000] "GET / HTTP/1.1" 200 24037 "-" "Rackspace Monitoring/1.1 (https://monitoring.api.rackspacecloud.com)"
78.136.44.21 - - [12/Mar/2017:14:52:00 +0000] "GET / HTTP/1.1" 200 24037 "-" "Rackspace Monitoring/1.1 (https://monitoring.api.rackspacecloud.com)"
50.57.61.5 - - [12/Mar/2017:14:52:36 +0000] "GET / HTTP/1.1" 200 24037 "-" "Rackspace Monitoring/1.1 (https://monitoring.api.rackspacecloud.com)"
50.56.142.171 - - [12/Mar/2017:14:52:37 +0000] "GET / HTTP/1.1" 200 24037 "-" "Rackspace Monitoring/1.1 (https://monitoring.api.rackspacecloud.com)"
192.0.101.226 - - [12/Mar/2017:14:52:53 +0000] "HEAD / HTTP/1.1" 200 - "-" "jetmon/1.0 (Jetpack Site Uptime Monitor by WordPress.com)"
78.136.44.21 - - [12/Mar/2017:14:53:00 +0000] "GET / HTTP/1.1" 200 24037 "-" "Rackspace Monitoring/1.1 (https://monitoring.api.rackspacecloud.com)"
50.57.61.5 - - [12/Mar/2017:14:53:36 +0000] "GET / HTTP/1.1" 200 24037 "-" "Rackspace Monitoring/1.1 (https://monitoring.api.rackspacecloud.com)"
50.56.142.171 - - [12/Mar/2017:14:53:37 +0000] "GET / HTTP/1.1" 200 24037 "-" "Rackspace Monitoring/1.1 (https://monitoring.api.rackspacecloud.com)"
78.136.44.21 - - [12/Mar/2017:14:54:00 +0000] "GET / HTTP/1.1" 200 24037 "-" "Rackspace Monitoring/1.1 (https://monitoring.api.rackspacecloud.com)"
50.57.61.5 - - [12/Mar/2017:14:54:36 +0000] "GET / HTTP/1.1" 200 24037 "-" "Rackspace Monitoring/1.1 (https://monitoring.api.rackspacecloud.com)"
50.56.142.171 - - [12/Mar/2017:14:54:37 +0000] "GET / HTTP/1.1" 200 24037 "-" "Rackspace Monitoring/1.1 (https://monitoring.api.rackspacecloud.com)"
78.136.44.21 - - [12/Mar/2017:14:55:00 +0000] "GET / HTTP/1.1" 200 24037 "-" "Rackspace Monitoring/1.1 (https://monitoring.api.rackspacecloud.com)"
50.57.61.5 - - [12/Mar/2017:14:55:36 +0000] "GET / HTTP/1.1" 200 24037 "-" "Rackspace Monitoring/1.1 (https://monitoring.api.rackspacecloud.com)"
50.56.142.171 - - [12/Mar/2017:14:55:37 +0000] "GET / HTTP/1.1" 200 24037 "-" "Rackspace Monitoring/1.1 (https://monitoring.api.rackspacecloud.com)"
78.136.44.21 - - [12/Mar/2017:14:56:00 +0000] "GET / HTTP/1.1" 200 24037 "-" "Rackspace Monitoring/1.1 (https://monitoring.api.rackspacecloud.com)"
50.57.61.5 - - [12/Mar/2017:14:56:36 +0000] "GET / HTTP/1.1" 200 24037 "-" "Rackspace Monitoring/1.1 (https://monitoring.api.rackspacecloud.com)"
50.56.142.171 - - [12/Mar/2017:14:56:37 +0000] "GET / HTTP/1.1" 200 24037 "-" "Rackspace Monitoring/1.1 (https://monitoring.api.rackspacecloud.com)"
78.136.44.21 - - [12/Mar/2017:14:57:00 +0000] "GET / HTTP/1.1" 200 24037 "-" "Rackspace Monitoring/1.1 (https://monitoring.api.rackspacecloud.com)"
104.130.3.225 - - [12/Mar/2017:14:57:14 +0000] "POST /wp-cron.php?doing_wp_cron=1489330634.1211938858032226562500 HTTP/1.0" 200 - "-" "WordPress/4.5.4; http://hackyourclothes.com"
47.185.244.157 - - [12/Mar/2017:14:57:13 +0000] "GET /feed/ HTTP/1.1" 200 27416 "-" "Tiny Tiny RSS/17.1 (63f0ed3) (http://tt-rss.org/)"
50.57.61.5 - - [12/Mar/2017:14:57:36 +0000] "GET / HTTP/1.1" 200 24037 "-" "Rackspace Monitoring/1.1 (https://monitoring.api.rackspacecloud.com)"
50.56.142.171 - - [12/Mar/2017:14:57:37 +0000] "GET / HTTP/1.1" 200 24037 "-" "Rackspace Monitoring/1.1 (https://monitoring.api.rackspacecloud.com)"
192.0.101.226 - - [12/Mar/2017:14:57:47 +0000] "HEAD / HTTP/1.1" 200 - "-" "jetmon/1.0 (Jetpack Site Uptime Monitor by WordPress.com)"
78.136.44.21 - - [12/Mar/2017:14:58:00 +0000] "GET / HTTP/1.1" 200 24037 "-" "Rackspace Monitoring/1.1 (https://monitoring.api.rackspacecloud.com)"
50.57.61.5 - - [12/Mar/2017:14:58:36 +0000] "GET / HTTP/1.1" 200 24037 "-" "Rackspace Monitoring/1.1 (https://monitoring.api.rackspacecloud.com)"
50.56.142.171 - - [12/Mar/2017:14:58:37 +0000] "GET / HTTP/1.1" 200 24037 "-" "Rackspace Monitoring/1.1 (https://monitoring.api.rackspacecloud.com)"
78.136.44.21 - - [12/Mar/2017:14:59:00 +0000] "GET / HTTP/1.1" 200 24037 "-" "Rackspace Monitoring/1.1 (https://monitoring.api.rackspacecloud.com)"
50.57.61.5 - - [12/Mar/2017:14:59:36 +0000] "GET / HTTP/1.1" 200 24037 "-" "Rackspace Monitoring/1.1 (https://monitoring.api.rackspacecloud.com)"
50.56.142.171 - - [12/Mar/2017:14:59:37 +0000] "GET / HTTP/1.1" 200 24037 "-" "Rackspace Monitoring/1.1 (https://monitoring.api.rackspacecloud.com)"
78.136.44.21 - - [12/Mar/2017:15:00:00 +0000] "GET / HTTP/1.1" 200 24037 "-" "Rackspace Monitoring/1.1 (https://monitoring.api.rackspacecloud.com)"
50.57.61.5 - - [12/Mar/2017:15:00:36 +0000] "GET / HTTP/1.1" 200 24037 "-" "Rackspace Monitoring/1.1 (https://monitoring.api.rackspacecloud.com)"
50.56.142.171 - - [12/Mar/2017:15:00:37 +0000] "GET / HTTP/1.1" 200 24037 "-" "Rackspace Monitoring/1.1 (https://monitoring.api.rackspacecloud.com)"
78.136.44.21 - - [12/Mar/2017:15:01:00 +0000] "GET / HTTP/1.1" 200 24037 "-" "Rackspace Monitoring/1.1 (https://monitoring.api.rackspacecloud.com)"
50.57.61.5 - - [12/Mar/2017:15:01:36 +0000] "GET / HTTP/1.1" 200 24037 "-" "Rackspace Monitoring/1.1 (https://monitoring.api.rackspacecloud.com)"
50.56.142.171 - - [12/Mar/2017:15:01:37 +0000] "GET / HTTP/1.1" 200 24037 "-" "Rackspace Monitoring/1.1 (https://monitoring.api.rackspacecloud.com)"
78.136.44.21 - - [12/Mar/2017:15:02:00 +0000] "GET / HTTP/1.1" 200 24037 "-" "Rackspace Monitoring/1.1 (https://monitoring.api.rackspacecloud.com)"
50.57.61.5 - - [12/Mar/2017:15:02:36 +0000] "GET / HTTP/1.1" 200 24037 "-" "Rackspace Monitoring/1.1 (https://monitoring.api.rackspacecloud.com)"
50.56.142.171 - - [12/Mar/2017:15:02:37 +0000] "GET / HTTP/1.1" 200 24037 "-" "Rackspace Monitoring/1.1 (https://monitoring.api.rackspacecloud.com)"
192.0.101.226 - - [12/Mar/2017:15:02:49 +0000] "HEAD / HTTP/1.1" 200 - "-" "jetmon/1.0 (Jetpack Site Uptime Monitor by WordPress.com)"
78.136.44.21 - - [12/Mar/2017:15:03:00 +0000] "GET / HTTP/1.1" 200 24037 "-" "Rackspace Monitoring/1.1 (https://monitoring.api.rackspacecloud.com)"
217.12.204.135 - - [12/Mar/2017:15:03:15 +0000] "GET /wp-searches.php HTTP/1.0" 404 28686 "http://hackyourclothes.com/wp-searches.php" "Mozilla/5.0 (Windows NT 6.1; WOW64) AppleWebKit/537.36 (KHTML, like Gecko) Chrome/43.0.2357.124 YaBrowser/15.7.2357.2877 Safari/537.36"
104.130.3.225 - - [12/Mar/2017:15:03:15 +0000] "POST /wp-cron.php?doing_wp_cron=1489330995.6868290901184082031250 HTTP/1.0" 200 - "-" "WordPress/4.5.4; http://hackyourclothes.com"
50.57.61.5 - - [12/Mar/2017:15:03:36 +0000] "GET / HTTP/1.1" 200 24037 "-" "Rackspace Monitoring/1.1 (https://monitoring.api.rackspacecloud.com)"
50.56.142.171 - - [12/Mar/2017:15:03:37 +0000] "GET / HTTP/1.1" 200 24037 "-" "Rackspace Monitoring/1.1 (https://monitoring.api.rackspacecloud.com)"
78.136.44.21 - - [12/Mar/2017:15:04:00 +0000] "GET / HTTP/1.1" 200 24037 "-" "Rackspace Monitoring/1.1 (https://monitoring.api.rackspacecloud.com)"
157.55.39.199 - - [12/Mar/2017:15:04:01 +0000] "GET /comments/feed/ HTTP/1.1" 304 - "-" "Mozilla/5.0 (compatible; bingbot/2.0; +http://www.bing.com/bingbot.htm)"
50.57.61.5 - - [12/Mar/2017:15:04:36 +0000] "GET / HTTP/1.1" 200 24037 "-" "Rackspace Monitoring/1.1 (https://monitoring.api.rackspacecloud.com)"
50.56.142.171 - - [12/Mar/2017:15:04:37 +0000] "GET / HTTP/1.1" 200 24037 "-" "Rackspace Monitoring/1.1 (https://monitoring.api.rackspacecloud.com)"
78.136.44.21 - - [12/Mar/2017:15:05:00 +0000] "GET / HTTP/1.1" 200 24037 "-" "Rackspace Monitoring/1.1 (https://monitoring.api.rackspacecloud.com)"
50.57.61.5 - - [12/Mar/2017:15:05:36 +0000] "GET / HTTP/1.1" 200 24037 "-" "Rackspace Monitoring/1.1 (https://monitoring.api.rackspacecloud.com)"
50.56.142.171 - - [12/Mar/2017:15:05:37 +0000] "GET / HTTP/1.1" 200 24037 "-" "Rackspace Monitoring/1.1 (https://monitoring.api.rackspacecloud.com)"
78.136.44.21 - - [12/Mar/2017:15:06:00 +0000] "GET / HTTP/1.1" 200 24037 "-" "Rackspace Monitoring/1.1 (https://monitoring.api.rackspacecloud.com)"
50.57.61.5 - - [12/Mar/2017:15:06:36 +0000] "GET / HTTP/1.1" 200 24037 "-" "Rackspace Monitoring/1.1 (https://monitoring.api.rackspacecloud.com)"
50.56.142.171 - - [12/Mar/2017:15:06:37 +0000] "GET / HTTP/1.1" 200 24037 "-" "Rackspace Monitoring/1.1 (https://monitoring.api.rackspacecloud.com)"
78.136.44.21 - - [12/Mar/2017:15:07:00 +0000] "GET / HTTP/1.1" 200 24037 "-" "Rackspace Monitoring/1.1 (https://monitoring.api.rackspacecloud.com)"
50.57.61.5 - - [12/Mar/2017:15:07:36 +0000] "GET / HTTP/1.1" 200 24037 "-" "Rackspace Monitoring/1.1 (https://monitoring.api.rackspacecloud.com)"
50.56.142.171 - - [12/Mar/2017:15:07:37 +0000] "GET / HTTP/1.1" 200 24037 "-" "Rackspace Monitoring/1.1 (https://monitoring.api.rackspacecloud.com)"
192.0.101.226 - - [12/Mar/2017:15:07:48 +0000] "HEAD / HTTP/1.1" 200 - "-" "jetmon/1.0 (Jetpack Site Uptime Monitor by WordPress.com)"
78.136.44.21 - - [12/Mar/2017:15:08:00 +0000] "GET / HTTP/1.1" 200 24037 "-" "Rackspace Monitoring/1.1 (https://monitoring.api.rackspacecloud.com)"
50.57.61.5 - - [12/Mar/2017:15:08:36 +0000] "GET / HTTP/1.1" 200 24037 "-" "Rackspace Monitoring/1.1 (https://monitoring.api.rackspacecloud.com)"
50.56.142.171 - - [12/Mar/2017:15:08:37 +0000] "GET / HTTP/1.1" 200 24037 "-" "Rackspace Monitoring/1.1 (https://monitoring.api.rackspacecloud.com)"
78.136.44.21 - - [12/Mar/2017:15:09:00 +0000] "GET / HTTP/1.1" 200 24037 "-" "Rackspace Monitoring/1.1 (https://monitoring.api.rackspacecloud.com)"
100.43.85.10 - - [12/Mar/2017:15:09:10 +0000] "GET /tag/pinning-wall/ HTTP/1.1" 200 7670 "-" "Mozilla/5.0 (compatible; YandexBot/3.0; +http://yandex.com/bots)"
50.57.61.5 - - [12/Mar/2017:15:09:36 +0000] "GET / HTTP/1.1" 200 24037 "-" "Rackspace Monitoring/1.1 (https://monitoring.api.rackspacecloud.com)"
50.56.142.171 - - [12/Mar/2017:15:09:37 +0000] "GET / HTTP/1.1" 200 24037 "-" "Rackspace Monitoring/1.1 (https://monitoring.api.rackspacecloud.com)"
78.136.44.21 - - [12/Mar/2017:15:10:00 +0000] "GET / HTTP/1.1" 200 24037 "-" "Rackspace Monitoring/1.1 (https://monitoring.api.rackspacecloud.com)"
31.184.238.195 - - [12/Mar/2017:15:10:01 +0000] "GET /2014/01/the-free-sewing-machine-company/ HTTP/1.0" 200 74760 "http://hackyourclothes.com/2014/01/the-free-sewing-machine-company/" "Mozilla/5.0 (Windows NT 10.0; WOW64; rv:44.0) Gecko/20100101 Firefox/44.0"
31.184.238.195 - - [12/Mar/2017:15:10:02 +0000] "GET /newsletter-2/ HTTP/1.0" 200 28223 "http://hackyourclothes.com/newsletter-2/" "Mozilla/5.0 (Windows NT 10.0; WOW64; rv:44.0) Gecko/20100101 Firefox/44.0"
31.184.238.195 - - [12/Mar/2017:15:10:02 +0000] "GET /textile-lexicon/ HTTP/1.0" 200 50774 "http://hackyourclothes.com/textile-lexicon/" "Mozilla/5.0 (Windows NT 10.0; WOW64; rv:44.0) Gecko/20100101 Firefox/44.0"
50.57.61.5 - - [12/Mar/2017:15:10:36 +0000] "GET / HTTP/1.1" 200 24037 "-" "Rackspace Monitoring/1.1 (https://monitoring.api.rackspacecloud.com)"
50.56.142.171 - - [12/Mar/2017:15:10:37 +0000] "GET / HTTP/1.1" 200 24037 "-" "Rackspace Monitoring/1.1 (https://monitoring.api.rackspacecloud.com)"
104.130.3.225 - - [12/Mar/2017:15:10:46 +0000] "POST /wp-cron.php?doing_wp_cron=1489331445.9723379611968994140625 HTTP/1.0" 200 - "-" "WordPress/4.5.4; http://hackyourclothes.com"
207.46.13.251 - - [12/Mar/2017:15:10:45 +0000] "GET /robots.txt HTTP/1.1" 200 69 "-" "Mozilla/5.0 (compatible; bingbot/2.0; +http://www.bing.com/bingbot.htm)"
207.46.13.251 - - [12/Mar/2017:15:10:46 +0000] "GET /robots.txt HTTP/1.1" 200 69 "-" "Mozilla/5.0 (compatible; bingbot/2.0; +http://www.bing.com/bingbot.htm)"
78.136.44.21 - - [12/Mar/2017:15:11:00 +0000] "GET / HTTP/1.1" 200 24037 "-" "Rackspace Monitoring/1.1 (https://monitoring.api.rackspacecloud.com)"
50.57.61.5 - - [12/Mar/2017:15:11:36 +0000] "GET / HTTP/1.1" 200 24037 "-" "Rackspace Monitoring/1.1 (https://monitoring.api.rackspacecloud.com)"
50.56.142.171 - - [12/Mar/2017:15:11:37 +0000] "GET / HTTP/1.1" 200 24037 "-" "Rackspace Monitoring/1.1 (https://monitoring.api.rackspacecloud.com)"
78.136.44.21 - - [12/Mar/2017:15:12:00 +0000] "GET / HTTP/1.1" 200 24037 "-" "Rackspace Monitoring/1.1 (https://monitoring.api.rackspacecloud.com)"
50.57.61.5 - - [12/Mar/2017:15:12:36 +0000] "GET / HTTP/1.1" 200 24037 "-" "Rackspace Monitoring/1.1 (https://monitoring.api.rackspacecloud.com)"
50.56.142.171 - - [12/Mar/2017:15:12:37 +0000] "GET / HTTP/1.1" 200 24037 "-" "Rackspace Monitoring/1.1 (https://monitoring.api.rackspacecloud.com)"
192.0.101.226 - - [12/Mar/2017:15:12:48 +0000] "HEAD / HTTP/1.1" 200 - "-" "jetmon/1.0 (Jetpack Site Uptime Monitor by WordPress.com)"
78.136.44.21 - - [12/Mar/2017:15:13:00 +0000] "GET / HTTP/1.1" 200 24037 "-" "Rackspace Monitoring/1.1 (https://monitoring.api.rackspacecloud.com)"
50.57.61.5 - - [12/Mar/2017:15:13:36 +0000] "GET / HTTP/1.1" 200 24037 "-" "Rackspace Monitoring/1.1 (https://monitoring.api.rackspacecloud.com)"
50.56.142.171 - - [12/Mar/2017:15:13:37 +0000] "GET / HTTP/1.1" 200 24037 "-" "Rackspace Monitoring/1.1 (https://monitoring.api.rackspacecloud.com)"
78.136.44.21 - - [12/Mar/2017:15:14:00 +0000] "GET / HTTP/1.1" 200 24037 "-" "Rackspace Monitoring/1.1 (https://monitoring.api.rackspacecloud.com)"
149.202.59.131 - - [12/Mar/2017:15:14:15 +0000] "GET / HTTP/1.1" 200 24037 "-" "Mozilla/5.0 (Windows NT 5.1; rv:7.0.1) Gecko/20100101 Firefox/7.0.1"
104.130.3.225 - - [12/Mar/2017:15:14:20 +0000] "POST /wp-cron.php?doing_wp_cron=1489331660.4605910778045654296875 HTTP/1.0" 200 - "-" "WordPress/4.5.4; http://hackyourclothes.com"
157.55.39.199 - - [12/Mar/2017:15:14:20 +0000] "GET /comments/feed/ HTTP/1.1" 200 4398 "-" "Mozilla/5.0 (compatible; bingbot/2.0; +http://www.bing.com/bingbot.htm)"
50.57.61.5 - - [12/Mar/2017:15:14:36 +0000] "GET / HTTP/1.1" 200 24037 "-" "Rackspace Monitoring/1.1 (https://monitoring.api.rackspacecloud.com)"
50.56.142.171 - - [12/Mar/2017:15:14:37 +0000] "GET / HTTP/1.1" 200 24037 "-" "Rackspace Monitoring/1.1 (https://monitoring.api.rackspacecloud.com)"
78.136.44.21 - - [12/Mar/2017:15:15:00 +0000] "GET / HTTP/1.1" 200 24037 "-" "Rackspace Monitoring/1.1 (https://monitoring.api.rackspacecloud.com)"
51.15.62.146 - - [12/Mar/2017:15:15:09 +0000] "GET / HTTP/1.1" 200 24037 "-" "Mozilla/5.0 (Windows NT 5.1; rv:7.0.1) Gecko/20100101 Firefox/7.0.1"
50.57.61.5 - - [12/Mar/2017:15:15:36 +0000] "GET / HTTP/1.1" 200 24037 "-" "Rackspace Monitoring/1.1 (https://monitoring.api.rackspacecloud.com)"
50.56.142.171 - - [12/Mar/2017:15:15:37 +0000] "GET / HTTP/1.1" 200 24037 "-" "Rackspace Monitoring/1.1 (https://monitoring.api.rackspacecloud.com)"
78.136.44.21 - - [12/Mar/2017:15:16:00 +0000] "GET / HTTP/1.1" 200 24037 "-" "Rackspace Monitoring/1.1 (https://monitoring.api.rackspacecloud.com)"
50.57.61.5 - - [12/Mar/2017:15:16:36 +0000] "GET / HTTP/1.1" 200 24037 "-" "Rackspace Monitoring/1.1 (https://monitoring.api.rackspacecloud.com)"
50.56.142.171 - - [12/Mar/2017:15:16:37 +0000] "GET / HTTP/1.1" 200 24037 "-" "Rackspace Monitoring/1.1 (https://monitoring.api.rackspacecloud.com)"
78.136.44.21 - - [12/Mar/2017:15:17:00 +0000] "GET / HTTP/1.1" 200 24037 "-" "Rackspace Monitoring/1.1 (https://monitoring.api.rackspacecloud.com)"
50.57.61.5 - - [12/Mar/2017:15:17:36 +0000] "GET / HTTP/1.1" 200 24037 "-" "Rackspace Monitoring/1.1 (https://monitoring.api.rackspacecloud.com)"
50.56.142.171 - - [12/Mar/2017:15:17:37 +0000] "GET / HTTP/1.1" 200 24037 "-" "Rackspace Monitoring/1.1 (https://monitoring.api.rackspacecloud.com)"
104.130.3.225 - - [12/Mar/2017:15:17:44 +0000] "POST /wp-cron.php?doing_wp_cron=1489331864.1125440597534179687500 HTTP/1.0" 200 - "-" "WordPress/4.5.4; http://hackyourclothes.com"
73.45.87.232 - - [12/Mar/2017:15:17:43 +0000] "GET /textile-lexicon/pressing-cloth/ HTTP/1.1" 200 7123 "https://www.google.com/" "Mozilla/5.0 (iPhone; CPU iPhone OS 10_2_1 like Mac OS X) AppleWebKit/600.1.4 (KHTML, like Gecko) GSA/23.1.148956103 Mobile/14D27 Safari/600.1.4"
73.45.87.232 - - [12/Mar/2017:15:17:45 +0000] "GET /wp-content/plugins/wptouch/themes/foundation/modules/wptouch-icons/css/wptouch-icons.css?ver=07078a97d66756f213dbca3e379bf084 HTTP/1.1" 200 1958 "http://hackyourclothes.com/textile-lexicon/pressing-cloth/" "Mozilla/5.0 (iPhone; CPU iPhone OS 10_2_1 like Mac OS X) AppleWebKit/600.1.4 (KHTML, like Gecko) GSA/23.1.148956103 Mobile/14D27 Safari/600.1.4"
73.45.87.232 - - [12/Mar/2017:15:17:45 +0000] "GET /wp-content/plugins/wptouch/themes/bauhaus/default/style.css?ver=737ea9953b21c4ffabc349e9b20f3b4b HTTP/1.1" 200 4314 "http://hackyourclothes.com/textile-lexicon/pressing-cloth/" "Mozilla/5.0 (iPhone; CPU iPhone OS 10_2_1 like Mac OS X) AppleWebKit/600.1.4 (KHTML, like Gecko) GSA/23.1.148956103 Mobile/14D27 Safari/600.1.4"
73.45.87.232 - - [12/Mar/2017:15:17:45 +0000] "GET /wp-content/plugins/wptouch/themes/foundation/modules/pushit/pushit.css?ver=4.5.4 HTTP/1.1" 200 296 "http://hackyourclothes.com/textile-lexicon/pressing-cloth/" "Mozilla/5.0 (iPhone; CPU iPhone OS 10_2_1 like Mac OS X) AppleWebKit/600.1.4 (KHTML, like Gecko) GSA/23.1.148956103 Mobile/14D27 Safari/600.1.4"
73.45.87.232 - - [12/Mar/2017:15:17:45 +0000] "GET /wp-content/plugins/wptouch/themes/foundation/default/style.css?ver=737ea9953b21c4ffabc349e9b20f3b4b HTTP/1.1" 200 7031 "http://hackyourclothes.com/textile-lexicon/pressing-cloth/" "Mozilla/5.0 (iPhone; CPU iPhone OS 10_2_1 like Mac OS X) AppleWebKit/600.1.4 (KHTML, like Gecko) GSA/23.1.148956103 Mobile/14D27 Safari/600.1.4"
73.45.87.232 - - [12/Mar/2017:15:17:45 +0000] "GET /wp-content/plugins/formget-contact-form/css/mg_popup.css?ver=4.5.4 HTTP/1.1" 200 2303 "http://hackyourclothes.com/textile-lexicon/pressing-cloth/" "Mozilla/5.0 (iPhone; CPU iPhone OS 10_2_1 like Mac OS X) AppleWebKit/600.1.4 (KHTML, like Gecko) GSA/23.1.148956103 Mobile/14D27 Safari/600.1.4"
73.45.87.232 - - [12/Mar/2017:15:17:45 +0000] "GET /wp-content/plugins/jetpack/css/jetpack.css?ver=3.9.7 HTTP/1.1" 200 10030 "http://hackyourclothes.com/textile-lexicon/pressing-cloth/" "Mozilla/5.0 (iPhone; CPU iPhone OS 10_2_1 like Mac OS X) AppleWebKit/600.1.4 (KHTML, like Gecko) GSA/23.1.148956103 Mobile/14D27 Safari/600.1.4"
73.45.87.232 - - [12/Mar/2017:15:17:45 +0000] "GET /wp-content/plugins/TooltipPro/tooltip.css?ver=4.5.4 HTTP/1.1" 200 279 "http://hackyourclothes.com/textile-lexicon/pressing-cloth/" "Mozilla/5.0 (iPhone; CPU iPhone OS 10_2_1 like Mac OS X) AppleWebKit/600.1.4 (KHTML, like Gecko) GSA/23.1.148956103 Mobile/14D27 Safari/600.1.4"
73.45.87.232 - - [12/Mar/2017:15:17:45 +0000] "GET /wp-includes/js/jquery/jquery-migrate.min.js?ver=1.4.1 HTTP/1.1" 200 4014 "http://hackyourclothes.com/textile-lexicon/pressing-cloth/" "Mozilla/5.0 (iPhone; CPU iPhone OS 10_2_1 like Mac OS X) AppleWebKit/600.1.4 (KHTML, like Gecko) GSA/23.1.148956103 Mobile/14D27 Safari/600.1.4"
73.45.87.232 - - [12/Mar/2017:15:17:45 +0000] "GET /wp-includes/js/jquery/jquery.js?ver=1.12.4 HTTP/1.1" 200 33766 "http://hackyourclothes.com/textile-lexicon/pressing-cloth/" "Mozilla/5.0 (iPhone; CPU iPhone OS 10_2_1 like Mac OS X) AppleWebKit/600.1.4 (KHTML, like Gecko) GSA/23.1.148956103 Mobile/14D27 Safari/600.1.4"
73.45.87.232 - - [12/Mar/2017:15:17:45 +0000] "GET /wp-content/plugins/bsk-pdf-manager/js/bsk_pdf_manager.js?ver=1.5.2 HTTP/1.1" 200 196 "http://hackyourclothes.com/textile-lexicon/pressing-cloth/" "Mozilla/5.0 (iPhone; CPU iPhone OS 10_2_1 like Mac OS X) AppleWebKit/600.1.4 (KHTML, like Gecko) GSA/23.1.148956103 Mobile/14D27 Safari/600.1.4"
73.45.87.232 - - [12/Mar/2017:15:17:45 +0000] "GET /wp-content/plugins/formget-contact-form/js/mg_front.js?ver=4.5.4 HTTP/1.1" 200 899 "http://hackyourclothes.com/textile-lexicon/pressing-cloth/" "Mozilla/5.0 (iPhone; CPU iPhone OS 10_2_1 like Mac OS X) AppleWebKit/600.1.4 (KHTML, like Gecko) GSA/23.1.148956103 Mobile/14D27 Safari/600.1.4"
73.45.87.232 - - [12/Mar/2017:15:17:45 +0000] "GET /wp-content/plugins/akismet/_inc/form.js?ver=3.1.10 HTTP/1.1" 200 318 "http://hackyourclothes.com/textile-lexicon/pressing-cloth/" "Mozilla/5.0 (iPhone; CPU iPhone OS 10_2_1 like Mac OS X) AppleWebKit/600.1.4 (KHTML, like Gecko) GSA/23.1.148956103 Mobile/14D27 Safari/600.1.4"
73.45.87.232 - - [12/Mar/2017:15:17:45 +0000] "GET /wp-content/plugins/TooltipPro/tooltip.js?ver=4.5.4 HTTP/1.1" 200 5757 "http://hackyourclothes.com/textile-lexicon/pressing-cloth/" "Mozilla/5.0 (iPhone; CPU iPhone OS 10_2_1 like Mac OS X) AppleWebKit/600.1.4 (KHTML, like Gecko) GSA/23.1.148956103 Mobile/14D27 Safari/600.1.4"
73.45.87.232 - - [12/Mar/2017:15:17:45 +0000] "GET /wp-content/wptouch-data/cache/wptouch-0c105c47a9044199e6a9e04eacd03b9ec9c73cc9.js HTTP/1.1" 200 19016 "http://hackyourclothes.com/textile-lexicon/pressing-cloth/" "Mozilla/5.0 (iPhone; CPU iPhone OS 10_2_1 like Mac OS X) AppleWebKit/600.1.4 (KHTML, like Gecko) GSA/23.1.148956103 Mobile/14D27 Safari/600.1.4"
73.45.87.232 - - [12/Mar/2017:15:17:46 +0000] "GET /wp-includes/js/wp-embed.min.js?ver=4.5.4 HTTP/1.1" 200 750 "http://hackyourclothes.com/textile-lexicon/pressing-cloth/" "Mozilla/5.0 (iPhone; CPU iPhone OS 10_2_1 like Mac OS X) AppleWebKit/600.1.4 (KHTML, like Gecko) GSA/23.1.148956103 Mobile/14D27 Safari/600.1.4"
73.45.87.232 - - [12/Mar/2017:15:17:46 +0000] "GET /wp-content/plugins/wptouch/themes/foundation/modules/wptouch-icons/font/wptouch-icons.woff?64777116 HTTP/1.1" 200 11400 "http://hackyourclothes.com/textile-lexicon/pressing-cloth/" "Mozilla/5.0 (iPhone; CPU iPhone OS 10_2_1 like Mac OS X) AppleWebKit/600.1.4 (KHTML, like Gecko) GSA/23.1.148956103 Mobile/14D27 Safari/600.1.4"
192.0.101.226 - - [12/Mar/2017:15:17:49 +0000] "HEAD / HTTP/1.1" 200 - "-" "jetmon/1.0 (Jetpack Site Uptime Monitor by WordPress.com)"
78.136.44.21 - - [12/Mar/2017:15:18:00 +0000] "GET / HTTP/1.1" 200 24037 "-" "Rackspace Monitoring/1.1 (https://monitoring.api.rackspacecloud.com)"
50.57.61.5 - - [12/Mar/2017:15:18:36 +0000] "GET / HTTP/1.1" 200 24037 "-" "Rackspace Monitoring/1.1 (https://monitoring.api.rackspacecloud.com)"
50.56.142.171 - - [12/Mar/2017:15:18:37 +0000] "GET / HTTP/1.1" 200 24037 "-" "Rackspace Monitoring/1.1 (https://monitoring.api.rackspacecloud.com)"
78.136.44.21 - - [12/Mar/2017:15:19:00 +0000] "GET / HTTP/1.1" 200 24037 "-" "Rackspace Monitoring/1.1 (https://monitoring.api.rackspacecloud.com)"
50.57.61.5 - - [12/Mar/2017:15:19:36 +0000] "GET / HTTP/1.1" 200 24037 "-" "Rackspace Monitoring/1.1 (https://monitoring.api.rackspacecloud.com)"
50.56.142.171 - - [12/Mar/2017:15:19:37 +0000] "GET / HTTP/1.1" 200 24037 "-" "Rackspace Monitoring/1.1 (https://monitoring.api.rackspacecloud.com)"
78.136.44.21 - - [12/Mar/2017:15:20:00 +0000] "GET / HTTP/1.1" 200 24037 "-" "Rackspace Monitoring/1.1 (https://monitoring.api.rackspacecloud.com)"
50.57.61.5 - - [12/Mar/2017:15:20:36 +0000] "GET / HTTP/1.1" 200 24037 "-" "Rackspace Monitoring/1.1 (https://monitoring.api.rackspacecloud.com)"
50.56.142.171 - - [12/Mar/2017:15:20:37 +0000] "GET / HTTP/1.1" 200 24037 "-" "Rackspace Monitoring/1.1 (https://monitoring.api.rackspacecloud.com)"
78.136.44.21 - - [12/Mar/2017:15:21:00 +0000] "GET / HTTP/1.1" 200 24037 "-" "Rackspace Monitoring/1.1 (https://monitoring.api.rackspacecloud.com)"
50.57.61.5 - - [12/Mar/2017:15:21:36 +0000] "GET / HTTP/1.1" 200 24037 "-" "Rackspace Monitoring/1.1 (https://monitoring.api.rackspacecloud.com)"
50.56.142.171 - - [12/Mar/2017:15:21:37 +0000] "GET / HTTP/1.1" 200 24037 "-" "Rackspace Monitoring/1.1 (https://monitoring.api.rackspacecloud.com)"
78.136.44.21 - - [12/Mar/2017:15:22:00 +0000] "GET / HTTP/1.1" 200 24037 "-" "Rackspace Monitoring/1.1 (https://monitoring.api.rackspacecloud.com)"
50.57.61.5 - - [12/Mar/2017:15:22:36 +0000] "GET / HTTP/1.1" 200 24037 "-" "Rackspace Monitoring/1.1 (https://monitoring.api.rackspacecloud.com)"
50.56.142.171 - - [12/Mar/2017:15:22:37 +0000] "GET / HTTP/1.1" 200 24037 "-" "Rackspace Monitoring/1.1 (https://monitoring.api.rackspacecloud.com)"
192.0.101.226 - - [12/Mar/2017:15:22:42 +0000] "HEAD / HTTP/1.1" 200 - "-" "jetmon/1.0 (Jetpack Site Uptime Monitor by WordPress.com)"
78.136.44.21 - - [12/Mar/2017:15:23:00 +0000] "GET / HTTP/1.1" 200 24037 "-" "Rackspace Monitoring/1.1 (https://monitoring.api.rackspacecloud.com)"
50.57.61.5 - - [12/Mar/2017:15:23:36 +0000] "GET / HTTP/1.1" 200 24037 "-" "Rackspace Monitoring/1.1 (https://monitoring.api.rackspacecloud.com)"
50.56.142.171 - - [12/Mar/2017:15:23:37 +0000] "GET / HTTP/1.1" 200 24037 "-" "Rackspace Monitoring/1.1 (https://monitoring.api.rackspacecloud.com)"
78.136.44.21 - - [12/Mar/2017:15:24:00 +0000] "GET / HTTP/1.1" 200 24037 "-" "Rackspace Monitoring/1.1 (https://monitoring.api.rackspacecloud.com)"
50.57.61.5 - - [12/Mar/2017:15:24:36 +0000] "GET / HTTP/1.1" 200 24037 "-" "Rackspace Monitoring/1.1 (https://monitoring.api.rackspacecloud.com)"
50.56.142.171 - - [12/Mar/2017:15:24:37 +0000] "GET / HTTP/1.1" 200 24037 "-" "Rackspace Monitoring/1.1 (https://monitoring.api.rackspacecloud.com)"
78.136.44.21 - - [12/Mar/2017:15:25:00 +0000] "GET / HTTP/1.1" 200 24037 "-" "Rackspace Monitoring/1.1 (https://monitoring.api.rackspacecloud.com)"
50.57.61.5 - - [12/Mar/2017:15:25:36 +0000] "GET / HTTP/1.1" 200 24037 "-" "Rackspace Monitoring/1.1 (https://monitoring.api.rackspacecloud.com)"
50.56.142.171 - - [12/Mar/2017:15:25:37 +0000] "GET / HTTP/1.1" 200 24037 "-" "Rackspace Monitoring/1.1 (https://monitoring.api.rackspacecloud.com)"
78.136.44.21 - - [12/Mar/2017:15:26:00 +0000] "GET / HTTP/1.1" 200 24037 "-" "Rackspace Monitoring/1.1 (https://monitoring.api.rackspacecloud.com)"
104.130.3.225 - - [12/Mar/2017:15:26:23 +0000] "POST /wp-cron.php?doing_wp_cron=1489332383.5097079277038574218750 HTTP/1.0" 200 - "-" "WordPress/4.5.4; http://hackyourclothes.com"
87.214.245.72 - - [12/Mar/2017:15:26:23 +0000] "GET /textile-lexicon/pressing-cloth/ HTTP/1.1" 200 7124 "https://www.google.nl/" "Mozilla/5.0 (iPhone; CPU iPhone OS 10_2_1 like Mac OS X) AppleWebKit/600.1.4 (KHTML, like Gecko) GSA/23.1.148956103 Mobile/14D27 Safari/600.1.4"
87.214.245.72 - - [12/Mar/2017:15:26:25 +0000] "GET /wp-content/plugins/wptouch/themes/foundation/modules/wptouch-icons/css/wptouch-icons.css?ver=07078a97d66756f213dbca3e379bf084 HTTP/1.1" 200 1958 "http://hackyourclothes.com/textile-lexicon/pressing-cloth/" "Mozilla/5.0 (iPhone; CPU iPhone OS 10_2_1 like Mac OS X) AppleWebKit/600.1.4 (KHTML, like Gecko) GSA/23.1.148956103 Mobile/14D27 Safari/600.1.4"
87.214.245.72 - - [12/Mar/2017:15:26:25 +0000] "GET /wp-content/plugins/wptouch/themes/bauhaus/default/style.css?ver=737ea9953b21c4ffabc349e9b20f3b4b HTTP/1.1" 200 4314 "http://hackyourclothes.com/textile-lexicon/pressing-cloth/" "Mozilla/5.0 (iPhone; CPU iPhone OS 10_2_1 like Mac OS X) AppleWebKit/600.1.4 (KHTML, like Gecko) GSA/23.1.148956103 Mobile/14D27 Safari/600.1.4"
87.214.245.72 - - [12/Mar/2017:15:26:25 +0000] "GET /wp-content/plugins/wptouch/themes/foundation/default/style.css?ver=737ea9953b21c4ffabc349e9b20f3b4b HTTP/1.1" 200 7031 "http://hackyourclothes.com/textile-lexicon/pressing-cloth/" "Mozilla/5.0 (iPhone; CPU iPhone OS 10_2_1 like Mac OS X) AppleWebKit/600.1.4 (KHTML, like Gecko) GSA/23.1.148956103 Mobile/14D27 Safari/600.1.4"
87.214.245.72 - - [12/Mar/2017:15:26:25 +0000] "GET /wp-content/plugins/wptouch/themes/foundation/modules/pushit/pushit.css?ver=4.5.4 HTTP/1.1" 200 296 "http://hackyourclothes.com/textile-lexicon/pressing-cloth/" "Mozilla/5.0 (iPhone; CPU iPhone OS 10_2_1 like Mac OS X) AppleWebKit/600.1.4 (KHTML, like Gecko) GSA/23.1.148956103 Mobile/14D27 Safari/600.1.4"
87.214.245.72 - - [12/Mar/2017:15:26:25 +0000] "GET /wp-content/plugins/formget-contact-form/css/mg_popup.css?ver=4.5.4 HTTP/1.1" 200 2303 "http://hackyourclothes.com/textile-lexicon/pressing-cloth/" "Mozilla/5.0 (iPhone; CPU iPhone OS 10_2_1 like Mac OS X) AppleWebKit/600.1.4 (KHTML, like Gecko) GSA/23.1.148956103 Mobile/14D27 Safari/600.1.4"
87.214.245.72 - - [12/Mar/2017:15:26:25 +0000] "GET /wp-content/plugins/jetpack/css/jetpack.css?ver=3.9.7 HTTP/1.1" 200 10030 "http://hackyourclothes.com/textile-lexicon/pressing-cloth/" "Mozilla/5.0 (iPhone; CPU iPhone OS 10_2_1 like Mac OS X) AppleWebKit/600.1.4 (KHTML, like Gecko) GSA/23.1.148956103 Mobile/14D27 Safari/600.1.4"
87.214.245.72 - - [12/Mar/2017:15:26:25 +0000] "GET /wp-content/plugins/TooltipPro/tooltip.css?ver=4.5.4 HTTP/1.1" 200 279 "http://hackyourclothes.com/textile-lexicon/pressing-cloth/" "Mozilla/5.0 (iPhone; CPU iPhone OS 10_2_1 like Mac OS X) AppleWebKit/600.1.4 (KHTML, like Gecko) GSA/23.1.148956103 Mobile/14D27 Safari/600.1.4"
87.214.245.72 - - [12/Mar/2017:15:26:25 +0000] "GET /wp-includes/js/jquery/jquery-migrate.min.js?ver=1.4.1 HTTP/1.1" 200 4014 "http://hackyourclothes.com/textile-lexicon/pressing-cloth/" "Mozilla/5.0 (iPhone; CPU iPhone OS 10_2_1 like Mac OS X) AppleWebKit/600.1.4 (KHTML, like Gecko) GSA/23.1.148956103 Mobile/14D27 Safari/600.1.4"
87.214.245.72 - - [12/Mar/2017:15:26:25 +0000] "GET /wp-includes/js/jquery/jquery.js?ver=1.12.4 HTTP/1.1" 200 33766 "http://hackyourclothes.com/textile-lexicon/pressing-cloth/" "Mozilla/5.0 (iPhone; CPU iPhone OS 10_2_1 like Mac OS X) AppleWebKit/600.1.4 (KHTML, like Gecko) GSA/23.1.148956103 Mobile/14D27 Safari/600.1.4"
87.214.245.72 - - [12/Mar/2017:15:26:25 +0000] "GET /wp-content/plugins/bsk-pdf-manager/js/bsk_pdf_manager.js?ver=1.5.2 HTTP/1.1" 200 196 "http://hackyourclothes.com/textile-lexicon/pressing-cloth/" "Mozilla/5.0 (iPhone; CPU iPhone OS 10_2_1 like Mac OS X) AppleWebKit/600.1.4 (KHTML, like Gecko) GSA/23.1.148956103 Mobile/14D27 Safari/600.1.4"
87.214.245.72 - - [12/Mar/2017:15:26:25 +0000] "GET /wp-content/plugins/formget-contact-form/js/mg_front.js?ver=4.5.4 HTTP/1.1" 200 899 "http://hackyourclothes.com/textile-lexicon/pressing-cloth/" "Mozilla/5.0 (iPhone; CPU iPhone OS 10_2_1 like Mac OS X) AppleWebKit/600.1.4 (KHTML, like Gecko) GSA/23.1.148956103 Mobile/14D27 Safari/600.1.4"
87.214.245.72 - - [12/Mar/2017:15:26:25 +0000] "GET /wp-content/plugins/akismet/_inc/form.js?ver=3.1.10 HTTP/1.1" 200 318 "http://hackyourclothes.com/textile-lexicon/pressing-cloth/" "Mozilla/5.0 (iPhone; CPU iPhone OS 10_2_1 like Mac OS X) AppleWebKit/600.1.4 (KHTML, like Gecko) GSA/23.1.148956103 Mobile/14D27 Safari/600.1.4"
87.214.245.72 - - [12/Mar/2017:15:26:25 +0000] "GET /wp-content/plugins/TooltipPro/tooltip.js?ver=4.5.4 HTTP/1.1" 200 5757 "http://hackyourclothes.com/textile-lexicon/pressing-cloth/" "Mozilla/5.0 (iPhone; CPU iPhone OS 10_2_1 like Mac OS X) AppleWebKit/600.1.4 (KHTML, like Gecko) GSA/23.1.148956103 Mobile/14D27 Safari/600.1.4"
87.214.245.72 - - [12/Mar/2017:15:26:25 +0000] "GET /wp-content/wptouch-data/cache/wptouch-0c105c47a9044199e6a9e04eacd03b9ec9c73cc9.js HTTP/1.1" 200 19016 "http://hackyourclothes.com/textile-lexicon/pressing-cloth/" "Mozilla/5.0 (iPhone; CPU iPhone OS 10_2_1 like Mac OS X) AppleWebKit/600.1.4 (KHTML, like Gecko) GSA/23.1.148956103 Mobile/14D27 Safari/600.1.4"
87.214.245.72 - - [12/Mar/2017:15:26:25 +0000] "GET /wp-includes/js/wp-embed.min.js?ver=4.5.4 HTTP/1.1" 200 750 "http://hackyourclothes.com/textile-lexicon/pressing-cloth/" "Mozilla/5.0 (iPhone; CPU iPhone OS 10_2_1 like Mac OS X) AppleWebKit/600.1.4 (KHTML, like Gecko) GSA/23.1.148956103 Mobile/14D27 Safari/600.1.4"
87.214.245.72 - - [12/Mar/2017:15:26:26 +0000] "GET /wp-content/plugins/wptouch/themes/foundation/modules/wptouch-icons/font/wptouch-icons.woff?64777116 HTTP/1.1" 200 11400 "http://hackyourclothes.com/textile-lexicon/pressing-cloth/" "Mozilla/5.0 (iPhone; CPU iPhone OS 10_2_1 like Mac OS X) AppleWebKit/600.1.4 (KHTML, like Gecko) GSA/23.1.148956103 Mobile/14D27 Safari/600.1.4"
50.57.61.5 - - [12/Mar/2017:15:26:36 +0000] "GET / HTTP/1.1" 200 24037 "-" "Rackspace Monitoring/1.1 (https://monitoring.api.rackspacecloud.com)"
50.56.142.171 - - [12/Mar/2017:15:26:37 +0000] "GET / HTTP/1.1" 200 24037 "-" "Rackspace Monitoring/1.1 (https://monitoring.api.rackspacecloud.com)"
78.136.44.21 - - [12/Mar/2017:15:27:00 +0000] "GET / HTTP/1.1" 200 24037 "-" "Rackspace Monitoring/1.1 (https://monitoring.api.rackspacecloud.com)"
50.57.61.5 - - [12/Mar/2017:15:27:36 +0000] "GET / HTTP/1.1" 200 24037 "-" "Rackspace Monitoring/1.1 (https://monitoring.api.rackspacecloud.com)"
50.56.142.171 - - [12/Mar/2017:15:27:37 +0000] "GET / HTTP/1.1" 200 24037 "-" "Rackspace Monitoring/1.1 (https://monitoring.api.rackspacecloud.com)"
192.0.101.226 - - [12/Mar/2017:15:27:47 +0000] "HEAD / HTTP/1.1" 200 - "-" "jetmon/1.0 (Jetpack Site Uptime Monitor by WordPress.com)"
78.136.44.21 - - [12/Mar/2017:15:28:00 +0000] "GET / HTTP/1.1" 200 24037 "-" "Rackspace Monitoring/1.1 (https://monitoring.api.rackspacecloud.com)"
50.57.61.5 - - [12/Mar/2017:15:28:36 +0000] "GET / HTTP/1.1" 200 24037 "-" "Rackspace Monitoring/1.1 (https://monitoring.api.rackspacecloud.com)"
50.56.142.171 - - [12/Mar/2017:15:28:37 +0000] "GET / HTTP/1.1" 200 24037 "-" "Rackspace Monitoring/1.1 (https://monitoring.api.rackspacecloud.com)"
78.136.44.21 - - [12/Mar/2017:15:29:00 +0000] "GET / HTTP/1.1" 200 24037 "-" "Rackspace Monitoring/1.1 (https://monitoring.api.rackspacecloud.com)"
50.57.61.5 - - [12/Mar/2017:15:29:36 +0000] "GET / HTTP/1.1" 200 24037 "-" "Rackspace Monitoring/1.1 (https://monitoring.api.rackspacecloud.com)"
50.56.142.171 - - [12/Mar/2017:15:29:37 +0000] "GET / HTTP/1.1" 200 24037 "-" "Rackspace Monitoring/1.1 (https://monitoring.api.rackspacecloud.com)"
78.136.44.21 - - [12/Mar/2017:15:30:00 +0000] "GET / HTTP/1.1" 200 24037 "-" "Rackspace Monitoring/1.1 (https://monitoring.api.rackspacecloud.com)"
50.57.61.5 - - [12/Mar/2017:15:30:36 +0000] "GET / HTTP/1.1" 200 24037 "-" "Rackspace Monitoring/1.1 (https://monitoring.api.rackspacecloud.com)"
50.56.142.171 - - [12/Mar/2017:15:30:37 +0000] "GET / HTTP/1.1" 200 24037 "-" "Rackspace Monitoring/1.1 (https://monitoring.api.rackspacecloud.com)"
78.136.44.21 - - [12/Mar/2017:15:31:00 +0000] "GET / HTTP/1.1" 200 24037 "-" "Rackspace Monitoring/1.1 (https://monitoring.api.rackspacecloud.com)"
50.57.61.5 - - [12/Mar/2017:15:31:36 +0000] "GET / HTTP/1.1" 200 24037 "-" "Rackspace Monitoring/1.1 (https://monitoring.api.rackspacecloud.com)"
50.56.142.171 - - [12/Mar/2017:15:31:37 +0000] "GET / HTTP/1.1" 200 24037 "-" "Rackspace Monitoring/1.1 (https://monitoring.api.rackspacecloud.com)"
78.136.44.21 - - [12/Mar/2017:15:32:00 +0000] "GET / HTTP/1.1" 200 24037 "-" "Rackspace Monitoring/1.1 (https://monitoring.api.rackspacecloud.com)"
50.57.61.5 - - [12/Mar/2017:15:32:36 +0000] "GET / HTTP/1.1" 200 24037 "-" "Rackspace Monitoring/1.1 (https://monitoring.api.rackspacecloud.com)"
50.56.142.171 - - [12/Mar/2017:15:32:37 +0000] "GET / HTTP/1.1" 200 24037 "-" "Rackspace Monitoring/1.1 (https://monitoring.api.rackspacecloud.com)"
192.0.101.226 - - [12/Mar/2017:15:32:45 +0000] "HEAD / HTTP/1.1" 200 - "-" "jetmon/1.0 (Jetpack Site Uptime Monitor by WordPress.com)"
78.136.44.21 - - [12/Mar/2017:15:33:00 +0000] "GET / HTTP/1.1" 200 24037 "-" "Rackspace Monitoring/1.1 (https://monitoring.api.rackspacecloud.com)"
50.57.61.5 - - [12/Mar/2017:15:33:36 +0000] "GET / HTTP/1.1" 200 24037 "-" "Rackspace Monitoring/1.1 (https://monitoring.api.rackspacecloud.com)"
50.56.142.171 - - [12/Mar/2017:15:33:37 +0000] "GET / HTTP/1.1" 200 24037 "-" "Rackspace Monitoring/1.1 (https://monitoring.api.rackspacecloud.com)"
78.136.44.21 - - [12/Mar/2017:15:34:00 +0000] "GET / HTTP/1.1" 200 24037 "-" "Rackspace Monitoring/1.1 (https://monitoring.api.rackspacecloud.com)"
50.57.61.5 - - [12/Mar/2017:15:34:36 +0000] "GET / HTTP/1.1" 200 24037 "-" "Rackspace Monitoring/1.1 (https://monitoring.api.rackspacecloud.com)"
50.56.142.171 - - [12/Mar/2017:15:34:37 +0000] "GET / HTTP/1.1" 200 24037 "-" "Rackspace Monitoring/1.1 (https://monitoring.api.rackspacecloud.com)"
78.136.44.21 - - [12/Mar/2017:15:35:00 +0000] "GET / HTTP/1.1" 200 24037 "-" "Rackspace Monitoring/1.1 (https://monitoring.api.rackspacecloud.com)"
50.57.61.5 - - [12/Mar/2017:15:35:36 +0000] "GET / HTTP/1.1" 200 24037 "-" "Rackspace Monitoring/1.1 (https://monitoring.api.rackspacecloud.com)"
50.56.142.171 - - [12/Mar/2017:15:35:37 +0000] "GET / HTTP/1.1" 200 24037 "-" "Rackspace Monitoring/1.1 (https://monitoring.api.rackspacecloud.com)"
78.136.44.21 - - [12/Mar/2017:15:36:00 +0000] "GET / HTTP/1.1" 200 24037 "-" "Rackspace Monitoring/1.1 (https://monitoring.api.rackspacecloud.com)"
50.57.61.5 - - [12/Mar/2017:15:36:36 +0000] "GET / HTTP/1.1" 200 24037 "-" "Rackspace Monitoring/1.1 (https://monitoring.api.rackspacecloud.com)"
50.56.142.171 - - [12/Mar/2017:15:36:37 +0000] "GET / HTTP/1.1" 200 24037 "-" "Rackspace Monitoring/1.1 (https://monitoring.api.rackspacecloud.com)"
78.136.44.21 - - [12/Mar/2017:15:37:00 +0000] "GET / HTTP/1.1" 200 24037 "-" "Rackspace Monitoring/1.1 (https://monitoring.api.rackspacecloud.com)"
50.57.61.5 - - [12/Mar/2017:15:37:36 +0000] "GET / HTTP/1.1" 200 24037 "-" "Rackspace Monitoring/1.1 (https://monitoring.api.rackspacecloud.com)"
50.56.142.171 - - [12/Mar/2017:15:37:37 +0000] "GET / HTTP/1.1" 200 24037 "-" "Rackspace Monitoring/1.1 (https://monitoring.api.rackspacecloud.com)"
192.0.101.226 - - [12/Mar/2017:15:37:48 +0000] "HEAD / HTTP/1.1" 200 - "-" "jetmon/1.0 (Jetpack Site Uptime Monitor by WordPress.com)"
78.136.44.21 - - [12/Mar/2017:15:38:00 +0000] "GET / HTTP/1.1" 200 24037 "-" "Rackspace Monitoring/1.1 (https://monitoring.api.rackspacecloud.com)"
50.57.61.5 - - [12/Mar/2017:15:38:36 +0000] "GET / HTTP/1.1" 200 24037 "-" "Rackspace Monitoring/1.1 (https://monitoring.api.rackspacecloud.com)"
50.56.142.171 - - [12/Mar/2017:15:38:37 +0000] "GET / HTTP/1.1" 200 24037 "-" "Rackspace Monitoring/1.1 (https://monitoring.api.rackspacecloud.com)"
78.136.44.21 - - [12/Mar/2017:15:39:00 +0000] "GET / HTTP/1.1" 200 24037 "-" "Rackspace Monitoring/1.1 (https://monitoring.api.rackspacecloud.com)"
50.57.61.5 - - [12/Mar/2017:15:39:36 +0000] "GET / HTTP/1.1" 200 24037 "-" "Rackspace Monitoring/1.1 (https://monitoring.api.rackspacecloud.com)"
50.56.142.171 - - [12/Mar/2017:15:39:37 +0000] "GET / HTTP/1.1" 200 24037 "-" "Rackspace Monitoring/1.1 (https://monitoring.api.rackspacecloud.com)"
78.136.44.21 - - [12/Mar/2017:15:40:00 +0000] "GET / HTTP/1.1" 200 24037 "-" "Rackspace Monitoring/1.1 (https://monitoring.api.rackspacecloud.com)"
50.57.61.5 - - [12/Mar/2017:15:40:36 +0000] "GET / HTTP/1.1" 200 24037 "-" "Rackspace Monitoring/1.1 (https://monitoring.api.rackspacecloud.com)"
50.56.142.171 - - [12/Mar/2017:15:40:37 +0000] "GET / HTTP/1.1" 200 24037 "-" "Rackspace Monitoring/1.1 (https://monitoring.api.rackspacecloud.com)"
78.136.44.21 - - [12/Mar/2017:15:41:00 +0000] "GET / HTTP/1.1" 200 24037 "-" "Rackspace Monitoring/1.1 (https://monitoring.api.rackspacecloud.com)"
192.198.80.227, 109.173.126.118 - - [12/Mar/2017:15:41:23 +0000] "GET /tutorials/turn-signal-hoodie/ HTTP/1.0" 200 11774 "http://hackyourclothes.com/tutorials/turn-signal-hoodie/" "Mozilla/5.0 (Windows NT 6.2; WOW64) AppleWebKit/537.36 (KHTML, like Gecko) Chrome/39.0.2171.95 Safari/537.36"
50.57.61.5 - - [12/Mar/2017:15:41:36 +0000] "GET / HTTP/1.1" 200 24037 "-" "Rackspace Monitoring/1.1 (https://monitoring.api.rackspacecloud.com)"
50.56.142.171 - - [12/Mar/2017:15:41:37 +0000] "GET / HTTP/1.1" 200 24037 "-" "Rackspace Monitoring/1.1 (https://monitoring.api.rackspacecloud.com)"
78.136.44.21 - - [12/Mar/2017:15:42:00 +0000] "GET / HTTP/1.1" 200 24037 "-" "Rackspace Monitoring/1.1 (https://monitoring.api.rackspacecloud.com)"
50.57.61.5 - - [12/Mar/2017:15:42:36 +0000] "GET / HTTP/1.1" 200 24037 "-" "Rackspace Monitoring/1.1 (https://monitoring.api.rackspacecloud.com)"
50.56.142.171 - - [12/Mar/2017:15:42:37 +0000] "GET / HTTP/1.1" 200 24037 "-" "Rackspace Monitoring/1.1 (https://monitoring.api.rackspacecloud.com)"
192.0.101.226 - - [12/Mar/2017:15:42:48 +0000] "HEAD / HTTP/1.1" 200 - "-" "jetmon/1.0 (Jetpack Site Uptime Monitor by WordPress.com)"
78.136.44.21 - - [12/Mar/2017:15:43:00 +0000] "GET / HTTP/1.1" 200 24037 "-" "Rackspace Monitoring/1.1 (https://monitoring.api.rackspacecloud.com)"
50.57.61.5 - - [12/Mar/2017:15:43:36 +0000] "GET / HTTP/1.1" 200 24037 "-" "Rackspace Monitoring/1.1 (https://monitoring.api.rackspacecloud.com)"
50.56.142.171 - - [12/Mar/2017:15:43:37 +0000] "GET / HTTP/1.1" 200 24037 "-" "Rackspace Monitoring/1.1 (https://monitoring.api.rackspacecloud.com)"
78.136.44.21 - - [12/Mar/2017:15:44:00 +0000] "GET / HTTP/1.1" 200 24037 "-" "Rackspace Monitoring/1.1 (https://monitoring.api.rackspacecloud.com)"
50.57.61.5 - - [12/Mar/2017:15:44:36 +0000] "GET / HTTP/1.1" 200 24037 "-" "Rackspace Monitoring/1.1 (https://monitoring.api.rackspacecloud.com)"
50.56.142.171 - - [12/Mar/2017:15:44:37 +0000] "GET / HTTP/1.1" 200 24037 "-" "Rackspace Monitoring/1.1 (https://monitoring.api.rackspacecloud.com)"
78.136.44.21 - - [12/Mar/2017:15:45:00 +0000] "GET / HTTP/1.1" 200 24037 "-" "Rackspace Monitoring/1.1 (https://monitoring.api.rackspacecloud.com)"
50.57.61.5 - - [12/Mar/2017:15:45:36 +0000] "GET / HTTP/1.1" 200 24037 "-" "Rackspace Monitoring/1.1 (https://monitoring.api.rackspacecloud.com)"
50.56.142.171 - - [12/Mar/2017:15:45:37 +0000] "GET / HTTP/1.1" 200 24037 "-" "Rackspace Monitoring/1.1 (https://monitoring.api.rackspacecloud.com)"
78.136.44.21 - - [12/Mar/2017:15:46:00 +0000] "GET / HTTP/1.1" 200 24037 "-" "Rackspace Monitoring/1.1 (https://monitoring.api.rackspacecloud.com)"
50.57.61.5 - - [12/Mar/2017:15:46:36 +0000] "GET / HTTP/1.1" 200 24037 "-" "Rackspace Monitoring/1.1 (https://monitoring.api.rackspacecloud.com)"
50.56.142.171 - - [12/Mar/2017:15:46:37 +0000] "GET / HTTP/1.1" 200 24037 "-" "Rackspace Monitoring/1.1 (https://monitoring.api.rackspacecloud.com)"
78.136.44.21 - - [12/Mar/2017:15:47:00 +0000] "GET / HTTP/1.1" 200 24037 "-" "Rackspace Monitoring/1.1 (https://monitoring.api.rackspacecloud.com)"
104.130.3.225 - - [12/Mar/2017:15:47:15 +0000] "POST /wp-cron.php?doing_wp_cron=1489333635.6861460208892822265625 HTTP/1.0" 200 - "-" "WordPress/4.5.4; http://hackyourclothes.com"
217.31.50.5 - - [12/Mar/2017:15:47:15 +0000] "GET /wp-login.php HTTP/1.1" 200 2647 "http://hackyourclothes.com/wp-login.php" "Mozilla/5.0 (Windows NT 10.0; WOW64; rv:50.0) Gecko/20100101 Firefox/50.0"
50.57.61.5 - - [12/Mar/2017:15:47:36 +0000] "GET / HTTP/1.1" 200 24037 "-" "Rackspace Monitoring/1.1 (https://monitoring.api.rackspacecloud.com)"
104.130.3.225 - - [12/Mar/2017:15:47:36 +0000] "POST /wp-cron.php?doing_wp_cron=1489333656.4944698810577392578125 HTTP/1.0" 200 - "-" "WordPress/4.5.4; http://hackyourclothes.com"
217.31.50.5 - - [12/Mar/2017:15:47:36 +0000] "POST /wp-login.php HTTP/1.1" 200 3620 "http://hackyourclothes.com/wp-login.php" "Mozilla/5.0 (Windows NT 10.0; WOW64; rv:50.0) Gecko/20100101 Firefox/50.0"
50.56.142.171 - - [12/Mar/2017:15:47:37 +0000] "GET / HTTP/1.1" 200 24037 "-" "Rackspace Monitoring/1.1 (https://monitoring.api.rackspacecloud.com)"
192.0.101.226 - - [12/Mar/2017:15:47:48 +0000] "HEAD / HTTP/1.1" 200 - "-" "jetmon/1.0 (Jetpack Site Uptime Monitor by WordPress.com)"
78.136.44.21 - - [12/Mar/2017:15:48:00 +0000] "GET / HTTP/1.1" 200 24037 "-" "Rackspace Monitoring/1.1 (https://monitoring.api.rackspacecloud.com)"
50.57.61.5 - - [12/Mar/2017:15:48:36 +0000] "GET / HTTP/1.1" 200 24037 "-" "Rackspace Monitoring/1.1 (https://monitoring.api.rackspacecloud.com)"
50.56.142.171 - - [12/Mar/2017:15:48:37 +0000] "GET / HTTP/1.1" 200 24037 "-" "Rackspace Monitoring/1.1 (https://monitoring.api.rackspacecloud.com)"
78.136.44.21 - - [12/Mar/2017:15:49:00 +0000] "GET / HTTP/1.1" 200 24037 "-" "Rackspace Monitoring/1.1 (https://monitoring.api.rackspacecloud.com)"
50.57.61.5 - - [12/Mar/2017:15:49:36 +0000] "GET / HTTP/1.1" 200 24037 "-" "Rackspace Monitoring/1.1 (https://monitoring.api.rackspacecloud.com)"
50.56.142.171 - - [12/Mar/2017:15:49:37 +0000] "GET / HTTP/1.1" 200 24037 "-" "Rackspace Monitoring/1.1 (https://monitoring.api.rackspacecloud.com)"
78.136.44.21 - - [12/Mar/2017:15:50:00 +0000] "GET / HTTP/1.1" 200 24037 "-" "Rackspace Monitoring/1.1 (https://monitoring.api.rackspacecloud.com)"
50.57.61.5 - - [12/Mar/2017:15:50:36 +0000] "GET / HTTP/1.1" 200 24037 "-" "Rackspace Monitoring/1.1 (https://monitoring.api.rackspacecloud.com)"
50.56.142.171 - - [12/Mar/2017:15:50:37 +0000] "GET / HTTP/1.1" 200 24037 "-" "Rackspace Monitoring/1.1 (https://monitoring.api.rackspacecloud.com)"
180.76.15.21 - - [12/Mar/2017:15:50:38 +0000] "GET /events/embed/ HTTP/1.1" 200 5905 "-" "Mozilla/5.0 (compatible; Baiduspider/2.0; +http://www.baidu.com/search/spider.html)"
78.136.44.21 - - [12/Mar/2017:15:51:00 +0000] "GET / HTTP/1.1" 200 24037 "-" "Rackspace Monitoring/1.1 (https://monitoring.api.rackspacecloud.com)"
50.57.61.5 - - [12/Mar/2017:15:51:36 +0000] "GET / HTTP/1.1" 200 24037 "-" "Rackspace Monitoring/1.1 (https://monitoring.api.rackspacecloud.com)"
50.56.142.171 - - [12/Mar/2017:15:51:37 +0000] "GET / HTTP/1.1" 200 24037 "-" "Rackspace Monitoring/1.1 (https://monitoring.api.rackspacecloud.com)"
78.136.44.21 - - [12/Mar/2017:15:52:00 +0000] "GET / HTTP/1.1" 200 24037 "-" "Rackspace Monitoring/1.1 (https://monitoring.api.rackspacecloud.com)"
50.57.61.5 - - [12/Mar/2017:15:52:36 +0000] "GET / HTTP/1.1" 200 24037 "-" "Rackspace Monitoring/1.1 (https://monitoring.api.rackspacecloud.com)"
50.56.142.171 - - [12/Mar/2017:15:52:37 +0000] "GET / HTTP/1.1" 200 24037 "-" "Rackspace Monitoring/1.1 (https://monitoring.api.rackspacecloud.com)"
192.0.101.226 - - [12/Mar/2017:15:52:48 +0000] "HEAD / HTTP/1.1" 200 - "-" "jetmon/1.0 (Jetpack Site Uptime Monitor by WordPress.com)"
78.136.44.21 - - [12/Mar/2017:15:53:00 +0000] "GET / HTTP/1.1" 200 24037 "-" "Rackspace Monitoring/1.1 (https://monitoring.api.rackspacecloud.com)"
50.57.61.5 - - [12/Mar/2017:15:53:36 +0000] "GET / HTTP/1.1" 200 24037 "-" "Rackspace Monitoring/1.1 (https://monitoring.api.rackspacecloud.com)"
50.56.142.171 - - [12/Mar/2017:15:53:37 +0000] "GET / HTTP/1.1" 200 24037 "-" "Rackspace Monitoring/1.1 (https://monitoring.api.rackspacecloud.com)"
78.136.44.21 - - [12/Mar/2017:15:54:00 +0000] "GET / HTTP/1.1" 200 24037 "-" "Rackspace Monitoring/1.1 (https://monitoring.api.rackspacecloud.com)"
50.57.61.5 - - [12/Mar/2017:15:54:36 +0000] "GET / HTTP/1.1" 200 24037 "-" "Rackspace Monitoring/1.1 (https://monitoring.api.rackspacecloud.com)"
50.56.142.171 - - [12/Mar/2017:15:54:37 +0000] "GET / HTTP/1.1" 200 24037 "-" "Rackspace Monitoring/1.1 (https://monitoring.api.rackspacecloud.com)"
78.136.44.21 - - [12/Mar/2017:15:55:00 +0000] "GET / HTTP/1.1" 200 24037 "-" "Rackspace Monitoring/1.1 (https://monitoring.api.rackspacecloud.com)"
50.57.61.5 - - [12/Mar/2017:15:55:36 +0000] "GET / HTTP/1.1" 200 24037 "-" "Rackspace Monitoring/1.1 (https://monitoring.api.rackspacecloud.com)"
50.56.142.171 - - [12/Mar/2017:15:55:37 +0000] "GET / HTTP/1.1" 200 24037 "-" "Rackspace Monitoring/1.1 (https://monitoring.api.rackspacecloud.com)"
78.136.44.21 - - [12/Mar/2017:15:56:00 +0000] "GET / HTTP/1.1" 200 24037 "-" "Rackspace Monitoring/1.1 (https://monitoring.api.rackspacecloud.com)"
50.57.61.5 - - [12/Mar/2017:15:56:36 +0000] "GET / HTTP/1.1" 200 24037 "-" "Rackspace Monitoring/1.1 (https://monitoring.api.rackspacecloud.com)"
50.56.142.171 - - [12/Mar/2017:15:56:37 +0000] "GET / HTTP/1.1" 200 24037 "-" "Rackspace Monitoring/1.1 (https://monitoring.api.rackspacecloud.com)"
78.136.44.21 - - [12/Mar/2017:15:57:00 +0000] "GET / HTTP/1.1" 200 24037 "-" "Rackspace Monitoring/1.1 (https://monitoring.api.rackspacecloud.com)"
50.57.61.5 - - [12/Mar/2017:15:57:36 +0000] "GET / HTTP/1.1" 200 24037 "-" "Rackspace Monitoring/1.1 (https://monitoring.api.rackspacecloud.com)"
50.56.142.171 - - [12/Mar/2017:15:57:37 +0000] "GET / HTTP/1.1" 200 24037 "-" "Rackspace Monitoring/1.1 (https://monitoring.api.rackspacecloud.com)"
104.130.3.225 - - [12/Mar/2017:15:57:47 +0000] "POST /wp-cron.php?doing_wp_cron=1489334267.2915349006652832031250 HTTP/1.0" 200 - "-" "WordPress/4.5.4; http://hackyourclothes.com"
47.185.244.157 - - [12/Mar/2017:15:57:46 +0000] "GET /feed/ HTTP/1.1" 200 27416 "-" "Tiny Tiny RSS/17.1 (63f0ed3) (http://tt-rss.org/)"
192.0.101.226 - - [12/Mar/2017:15:57:49 +0000] "HEAD / HTTP/1.1" 200 - "-" "jetmon/1.0 (Jetpack Site Uptime Monitor by WordPress.com)"
78.136.44.21 - - [12/Mar/2017:15:58:00 +0000] "GET / HTTP/1.1" 200 24037 "-" "Rackspace Monitoring/1.1 (https://monitoring.api.rackspacecloud.com)"
50.57.61.5 - - [12/Mar/2017:15:58:36 +0000] "GET / HTTP/1.1" 200 24037 "-" "Rackspace Monitoring/1.1 (https://monitoring.api.rackspacecloud.com)"
